Archive member included because of file (symbol)

..\..\..\..\..\..\..\lib\twrk70f120m.kds\debug\bsp\bsp.a(lwgpio_kgpio.o)
                              Sources\gpio.o (lwgpio_init)
..\..\..\..\..\..\..\lib\twrk70f120m.kds\debug\bsp\bsp.a(vectors.o)
                              (_cfm)
..\..\..\..\..\..\..\lib\twrk70f120m.kds\debug\psp\psp.a(time.o)
                              Sources\gpio.o (_time_delay)
..\..\..\..\..\..\..\lib\twrk70f120m.kds\debug\psp\psp.a(task.o)
                              ..\..\..\..\..\..\..\lib\twrk70f120m.kds\debug\psp\psp.a(time.o) (_task_get_td)
..\..\..\..\..\..\..\lib\twrk70f120m.kds\debug\psp\psp.a(sched.o)
                              ..\..\..\..\..\..\..\lib\twrk70f120m.kds\debug\psp\psp.a(time.o) (_sched_yield)
..\..\..\..\..\..\..\lib\twrk70f120m.kds\debug\psp\psp.a(queue.o)
                              ..\..\..\..\..\..\..\lib\twrk70f120m.kds\debug\psp\psp.a(time.o) (_queue_insert)
..\..\..\..\..\..\..\lib\twrk70f120m.kds\debug\psp\psp.a(mqx.o)
                              ..\..\..\..\..\..\..\lib\twrk70f120m.kds\debug\psp\psp.a(time.o) (_mqx_zero_tick_struct)
..\..\..\..\..\..\..\lib\twrk70f120m.kds\debug\psp\psp.a(mem.o)
                              ..\..\..\..\..\..\..\lib\twrk70f120m.kds\debug\psp\psp.a(task.o) (_mem_alloc)
..\..\..\..\..\..\..\lib\twrk70f120m.kds\debug\psp\psp.a(lwsem.o)
                              Sources\gpio.o (_lwsem_create)
..\..\..\..\..\..\..\lib\twrk70f120m.kds\debug\psp\psp.a(klog.o)
                              ..\..\..\..\..\..\..\lib\twrk70f120m.kds\debug\psp\psp.a(time.o) (_klog_log)
..\..\..\..\..\..\..\lib\twrk70f120m.kds\debug\psp\psp.a(int.o)
                              ..\..\..\..\..\..\..\lib\twrk70f120m.kds\debug\psp\psp.a(time.o) (_int_disable)
..\..\..\..\..\..\..\lib\twrk70f120m.kds\debug\psp\psp.a(inittask.o)
                              ..\..\..\..\..\..\..\lib\twrk70f120m.kds\debug\psp\psp.a(mqx.o) (_mqx_init_task)
..\..\..\..\..\..\..\lib\twrk70f120m.kds\debug\psp\psp.a(idletask.o)
                              ..\..\..\..\..\..\..\lib\twrk70f120m.kds\debug\psp\psp.a(mqx.o) (_mqx_idle_task)
..\..\..\..\..\..\..\lib\twrk70f120m.kds\debug\psp\psp.a(io_pntf.o)
                              Sources\gpio.o (_io_printf)
..\..\..\..\..\..\..\lib\twrk70f120m.kds\debug\psp\psp.a(io_fputc.o)
                              ..\..\..\..\..\..\..\lib\twrk70f120m.kds\debug\psp\psp.a(io_pntf.o) (_io_fputc)
..\..\..\..\..\..\..\lib\twrk70f120m.kds\debug\psp\psp.a(io_dopr.o)
                              ..\..\..\..\..\..\..\lib\twrk70f120m.kds\debug\psp\psp.a(io_pntf.o) (_io_doprint)
..\..\..\..\..\..\..\lib\twrk70f120m.kds\debug\psp\psp.a(stack_st.o)
                              ..\..\..\..\..\..\..\lib\twrk70f120m.kds\debug\psp\psp.a(task.o) (_psp_get_stack_start)
..\..\..\..\..\..\..\lib\twrk70f120m.kds\debug\psp\psp.a(stack_de.o)
                              ..\..\..\..\..\..\..\lib\twrk70f120m.kds\debug\psp\psp.a(task.o) (_psp_destroy_stack_frame)
..\..\..\..\..\..\..\lib\twrk70f120m.kds\debug\psp\psp.a(stack_bu.o)
                              ..\..\..\..\..\..\..\lib\twrk70f120m.kds\debug\psp\psp.a(task.o) (_psp_build_stack_frame)
..\..\..\..\..\..\..\lib\twrk70f120m.kds\debug\psp\psp.a(sc_irdyq.o)
                              ..\..\..\..\..\..\..\lib\twrk70f120m.kds\debug\psp\psp.a(mqx.o) (_psp_set_kernel_disable_level)
..\..\..\..\..\..\..\lib\twrk70f120m.kds\debug\psp\psp.a(psp_usti.o)
                              ..\..\..\..\..\..\..\lib\twrk70f120m.kds\debug\psp\psp.a(time.o) (_psp_usecs_to_ticks)
..\..\..\..\..\..\..\lib\twrk70f120m.kds\debug\psp\psp.a(psp_tkti.o)
                              ..\..\..\..\..\..\..\lib\twrk70f120m.kds\debug\psp\psp.a(time.o) (_psp_ticks_to_time)
..\..\..\..\..\..\..\lib\twrk70f120m.kds\debug\psp\psp.a(psp_tius.o)
                              ..\..\..\..\..\..\..\lib\twrk70f120m.kds\debug\psp\psp.a(time.o) (_psp_ticks_to_microseconds)
..\..\..\..\..\..\..\lib\twrk70f120m.kds\debug\psp\psp.a(psp_tisu.o)
                              ..\..\..\..\..\..\..\lib\twrk70f120m.kds\debug\psp\psp.a(time.o) (_psp_subtract_ticks)
..\..\..\..\..\..\..\lib\twrk70f120m.kds\debug\psp\psp.a(psp_tise.o)
                              ..\..\..\..\..\..\..\lib\twrk70f120m.kds\debug\psp\psp.a(time.o) (_psp_ticks_to_seconds)
..\..\..\..\..\..\..\lib\twrk70f120m.kds\debug\psp\psp.a(psp_tips.o)
                              ..\..\..\..\..\..\..\lib\twrk70f120m.kds\debug\psp\psp.a(time.o) (_psp_ticks_to_picoseconds)
..\..\..\..\..\..\..\lib\twrk70f120m.kds\debug\psp\psp.a(psp_tipr.o)
                              ..\..\..\..\..\..\..\lib\twrk70f120m.kds\debug\psp\psp.a(klog.o) (_psp_print_ticks)
..\..\..\..\..\..\..\lib\twrk70f120m.kds\debug\psp\psp.a(psp_tiol.o)
                              ..\..\..\..\..\..\..\lib\twrk70f120m.kds\debug\psp\psp.a(time.o) (_psp_time_to_ticks)
..\..\..\..\..\..\..\lib\twrk70f120m.kds\debug\psp\psp.a(psp_tins.o)
[...]
Memory Configuration

Name             Origin             Length             Attributes
vectorrom        0x00000000         0x00000400         xr
cfmprotrom       0x00000400         0x00000020         r
rom              0x00000420         0x000ffbe0         xr
ram              0x70000000         0x08000000         rw
sram             0x1fff0000         0x00020000         rw
end_of_kd        0x77fffff0         0x00000000         rw
bstack           0x2000fa00         0x00000200         rw
end_bstack       0x2000fc00         0x00000000         rw
*default*        0x00000000         0xffffffff

Linker script and memory map

START GROUP
LOAD Sources\gpio.o
LOAD ..\..\..\..\..\..\..\lib\twrk70f120m.kds\debug\bsp\bsp.a
LOAD ..\..\..\..\..\..\..\lib\twrk70f120m.kds\debug\psp\psp.a
LOAD ..\..\..\..\..\..\..\..\KDS_v3\toolchain\lib\gcc\arm-none-eabi\4.8.4\armv7e-m\fpu\libgcc.a
LOAD ..\..\..\..\..\..\..\..\KDS_v3\toolchain\arm-none-eabi\lib\armv7e-m\fpu\libc.a
LOAD ..\..\..\..\..\..\..\..\KDS_v3\toolchain\arm-none-eabi\lib\armv7e-m\fpu\libsupc++.a
LOAD ..\..\..\..\..\..\..\..\KDS_v3\toolchain\arm-none-eabi\lib\armv7e-m\fpu\libm.a
LOAD ..\..\..\..\..\..\..\..\KDS_v3\toolchain\arm-none-eabi\lib\armv7e-m\fpu\libnosys.a
END GROUP
                0x1fff0000                __INTERNAL_SRAM_BASE = 0x1fff0000
                0x00020000                __INTERNAL_SRAM_SIZE = 0x20000
                0x00000000                __INTERNAL_FLASH_BASE = 0x0
                0x00100000                __INTERNAL_FLASH_SIZE = 0x100000
                0x00000000                __INTERNAL_FLEXNVM_BASE = 0x0
                0x00000000                __INTERNAL_FLEXNVM_SIZE = 0x0
                0x2000fff0                __UNCACHED_DATA_END = 0x2000fff0
                0xa0000000                __EXTERNAL_MRAM_BASE = 0xa0000000
                0x00080000                __EXTERNAL_MRAM_SIZE = 0x80000
                0xa0000000                __EXTERNAL_MRAM_ROM_BASE = 0xa0000000
                0x00000000                __EXTERNAL_MRAM_ROM_SIZE = 0x0
                0xa0000000                __EXTERNAL_MRAM_RAM_BASE = 0xa0000000
                0x00080000                __EXTERNAL_MRAM_RAM_SIZE = 0x80000
                0x70000000                __EXTERNAL_DDR2_RAM_BASE = 0x70000000
                0x08000000                __EXTERNAL_DDR2_RAM_SIZE = 0x8000000
                0xa0000000                __EXTERNAL_LCD_BASE = 0xa0000000
                0x0001ffff                __EXTERNAL_LCD_SIZE = 0x1ffff
                0xa0010000                __EXTERNAL_LCD_DC_BASE = 0xa0010000
                0x00000001                __DEFAULT_PROCESSOR_NUMBER = 0x1
                0x00000400                __DEFAULT_INTERRUPT_STACK_SIZE = 0x400
                0x00000000                __KERNEL_DATA_VERIFY_ENABLE = 0x0
                0x00001000                __FLASHX_SECT_SIZE = 0x1000

.vectors        0x00000000      0x400
                0x00000000                __vector_table = .
                0x00000000                __VECTOR_TABLE_ROM_START = __vector_table
 *(.vectors_rom)
 .vectors_rom   0x00000000      0x400 ..\..\..\..\..\..\..\lib\twrk70f120m.kds\debug\bsp\bsp.a(vectors.o)
                0x00000400                . = ALIGN (0x4)

.cfmprotect     0x00000400       0x10
 *(.cfmconfig)
 .cfmconfig     0x00000400       0x10 ..\..\..\..\..\..\..\lib\twrk70f120m.kds\debug\bsp\bsp.a(vectors.o)
                0x00000400                _cfm
                0x00000410                . = ALIGN (0x4)

.text           0x00000420    0x181f8
 *(KERNEL)
 KERNEL         0x00000420      0x3ec ..\..\..\..\..\..\..\lib\twrk70f120m.kds\debug\psp\psp.a(dispatch.o)
                0x00000420                _sched_start_internal
                0x00000424                _sched_run_internal
                0x0000042a                _sched_check_scheduler_internal
                0x00000448                _sched_execute_scheduler_internal
                0x0000044c                _mqx_api_call
                0x00000450                _task_block
                0x00000454                _svc_handler
                0x000004ee                _pend_svc
                0x000005da                _int_kernel_isr
                0x000006d0                _psp_exception_return
                0x0000070c                _psp_save_fp_context_internal
                0x00000740                _mem_test_and_set
                0x0000075e                __get_PSP
                0x00000764                __get_MSP
                0x0000076a                __set_MSP
                0x00000770                __get_PSR
                0x00000776                __enable_interrupt
                0x0000077a                __disable_interrupt
                0x0000077e                __get_LR
                0x00000782                __get_PC
                0x00000786                __get_CONTROL
                0x0000078c                _sleep_p3_start
                0x00000794                _sleep_p3
                0x00000796                _sleep_p3_loop
                0x000007cc                _sleep_p3_wfi
                0x000007e2                _sleep_p3_end
 *(.text*)
 .text.int_service_routine
                0x0000080c       0x20 Sources\gpio.o
                0x0000080c                int_service_routine
 .text.main_task
                0x0000082c      0x224 Sources\gpio.o
                0x0000082c                main_task
 .text.lwgpio_init
                0x00000a50       0x84 ..\..\..\..\..\..\..\lib\twrk70f120m.kds\debug\bsp\bsp.a(lwgpio_kgpio.o)
                0x00000a50                lwgpio_init
 .text.lwgpio_set_attribute
                0x00000ad4      0x1cc ..\..\..\..\..\..\..\lib\twrk70f120m.kds\debug\bsp\bsp.a(lwgpio_kgpio.o)
                0x00000ad4                lwgpio_set_attribute
 .text.lwgpio_set_functionality
                0x00000ca0       0x3c ..\..\..\..\..\..\..\lib\twrk70f120m.kds\debug\bsp\bsp.a(lwgpio_kgpio.o)
                0x00000ca0                lwgpio_set_functionality
 .text.lwgpio_set_direction
                0x00000cdc       0x64 ..\..\..\..\..\..\..\lib\twrk70f120m.kds\debug\bsp\bsp.a(lwgpio_kgpio.o)
                0x00000cdc                lwgpio_set_direction
 .text.lwgpio_set_value
                0x00000d40       0x38 ..\..\..\..\..\..\..\lib\twrk70f120m.kds\debug\bsp\bsp.a(lwgpio_kgpio.o)
                0x00000d40                lwgpio_set_value
 .text.lwgpio_get_value
                0x00000d78       0x54 ..\..\..\..\..\..\..\lib\twrk70f120m.kds\debug\bsp\bsp.a(lwgpio_kgpio.o)
                0x00000d78                lwgpio_get_value
 .text.lwgpio_int_init
                0x00000dcc       0x58 ..\..\..\..\..\..\..\lib\twrk70f120m.kds\debug\bsp\bsp.a(lwgpio_kgpio.o)
                0x00000dcc                lwgpio_int_init
 .text.lwgpio_int_enable
                0x00000e24       0x54 ..\..\..\..\..\..\..\lib\twrk70f120m.kds\debug\bsp\bsp.a(lwgpio_kgpio.o)
                0x00000e24                lwgpio_int_enable
 .text.lwgpio_int_clear_flag
                0x00000e78       0x24 ..\..\..\..\..\..\..\lib\twrk70f120m.kds\debug\bsp\bsp.a(lwgpio_kgpio.o)
                0x00000e78                lwgpio_int_clear_flag
 .text.lwgpio_int_get_vector
                0x00000e9c       0x20 ..\..\..\..\..\..\..\lib\twrk70f120m.kds\debug\bsp\bsp.a(lwgpio_kgpio.o)
                0x00000e9c                lwgpio_int_get_vector
 .text._time_delay
                0x00000ebc       0xfc ..\..\..\..\..\..\..\lib\twrk70f120m.kds\debug\psp\psp.a(time.o)
                0x00000ebc                _time_delay
 .text._time_delay_for
                0x00000fb8       0xd8 ..\..\..\..\..\..\..\lib\twrk70f120m.kds\debug\psp\psp.a(time.o)
                0x00000fb8                _time_delay_for
 .text._time_delay_internal
                0x00001090       0xbc ..\..\..\..\..\..\..\lib\twrk70f120m.kds\debug\psp\psp.a(time.o)
                0x00001090                _time_delay_internal
 .text._time_delay_until
                0x0000114c       0xd4 ..\..\..\..\..\..\..\lib\twrk70f120m.kds\debug\psp\psp.a(time.o)
                0x0000114c                _time_delay_until
 .text._time_diff_ticks
                0x00001220       0x38 ..\..\..\..\..\..\..\lib\twrk70f120m.kds\debug\psp\psp.a(time.o)
                0x00001220                _time_diff_ticks
 .text._time_diff_milliseconds
                0x00001258       0x30 ..\..\..\..\..\..\..\lib\twrk70f120m.kds\debug\psp\psp.a(time.o)
                0x00001258                _time_diff_milliseconds
 .text._time_get_hwticks
                0x00001288       0x38 ..\..\..\..\..\..\..\lib\twrk70f120m.kds\debug\psp\psp.a(time.o)
                0x00001288                _time_get_hwticks
 .text._time_get_ticks
                0x000012c0       0x58 ..\..\..\..\..\..\..\lib\twrk70f120m.kds\debug\psp\psp.a(time.o)
                0x000012c0                _time_get_ticks
 .text._time_notify_kernel
                0x00001318      0x130 ..\..\..\..\..\..\..\lib\twrk70f120m.kds\debug\psp\psp.a(time.o)
                0x00001318                _time_notify_kernel
 .text._time_set_ticks_per_sec
                0x00001448       0x20 ..\..\..\..\..\..\..\lib\twrk70f120m.kds\debug\psp\psp.a(time.o)
                0x00001448                _time_set_ticks_per_sec
 .text._time_set_hwtick_function
                0x00001468       0x28 ..\..\..\..\..\..\..\lib\twrk70f120m.kds\debug\psp\psp.a(time.o)
                0x00001468                _time_set_hwtick_function
 .text._time_set_hwticks_per_tick
                0x00001490       0x20 ..\..\..\..\..\..\..\lib\twrk70f120m.kds\debug\psp\psp.a(time.o)
                0x00001490                _time_set_hwticks_per_tick
 .text._task_destroy_internal
                0x000014b0      0x450 ..\..\..\..\..\..\..\lib\twrk70f120m.kds\debug\psp\psp.a(task.o)
                0x000014b0                _task_destroy_internal
 .text._task_destroy
                0x00001900       0x1c ..\..\..\..\..\..\..\lib\twrk70f120m.kds\debug\psp\psp.a(task.o)
                0x00001900                _task_destroy
 .text._task_get_id_from_name
                0x0000191c       0x8c ..\..\..\..\..\..\..\lib\twrk70f120m.kds\debug\psp\psp.a(task.o)
                0x0000191c                _task_get_id_from_name
 .text._task_stop_preemption
                0x000019a8       0x6c ..\..\..\..\..\..\..\lib\twrk70f120m.kds\debug\psp\psp.a(task.o)
                0x000019a8                _task_stop_preemption
 .text._task_get_td
                0x00001a14       0x7c ..\..\..\..\..\..\..\lib\twrk70f120m.kds\debug\psp\psp.a(task.o)
                0x00001a14                _task_get_td
 .text._task_set_error
                0x00001a90       0x88 ..\..\..\..\..\..\..\lib\twrk70f120m.kds\debug\psp\psp.a(task.o)
                0x00001a90                _task_set_error
 .text._task_exit_function_internal
                0x00001b18       0x5c ..\..\..\..\..\..\..\lib\twrk70f120m.kds\debug\psp\psp.a(task.o)
                0x00001b18                _task_exit_function_internal
 .text._task_init_internal
                0x00001b74      0x21c ..\..\..\..\..\..\..\lib\twrk70f120m.kds\debug\psp\psp.a(task.o)
                0x00001b74                _task_init_internal
 .text._task_fill_stack_internal
                0x00001d90       0x38 ..\..\..\..\..\..\..\lib\twrk70f120m.kds\debug\psp\psp.a(task.o)
                0x00001d90                _task_fill_stack_internal
 .text._task_ready_internal
                0x00001dc8       0x88 ..\..\..\..\..\..\..\lib\twrk70f120m.kds\debug\psp\psp.a(task.o)
                0x00001dc8                _task_ready_internal
 .text._task_alloc_td_internal
                0x00001e50      0x13c ..\..\..\..\..\..\..\lib\twrk70f120m.kds\debug\psp\psp.a(task.o)
                0x00001e50                _task_alloc_td_internal
 .text._task_set_error_td_internal
                0x00001f8c       0x7c ..\..\..\..\..\..\..\lib\twrk70f120m.kds\debug\psp\psp.a(task.o)
                0x00001f8c                _task_set_error_td_internal
 .text._sched_yield
                0x00002008       0x8c ..\..\..\..\..\..\..\lib\twrk70f120m.kds\debug\psp\psp.a(sched.o)
                0x00002008                _sched_yield
 .text._queue_init
                0x00002094       0x30 ..\..\..\..\..\..\..\lib\twrk70f120m.kds\debug\psp\psp.a(queue.o)
                0x00002094                _queue_init
 .text._queue_enqueue
                0x000020c4       0x68 ..\..\..\..\..\..\..\lib\twrk70f120m.kds\debug\psp\psp.a(queue.o)
                0x000020c4                _queue_enqueue
 .text._queue_dequeue
                0x0000212c       0x54 ..\..\..\..\..\..\..\lib\twrk70f120m.kds\debug\psp\psp.a(queue.o)
                0x0000212c                _queue_dequeue
 .text._queue_insert
                0x00002180       0x70 ..\..\..\..\..\..\..\lib\twrk70f120m.kds\debug\psp\psp.a(queue.o)
                0x00002180                _queue_insert
 .text._mqx     0x000021f0      0x2b0 ..\..\..\..\..\..\..\lib\twrk70f120m.kds\debug\psp\psp.a(mqx.o)
                0x000021f0                _mqx
 .text._mqx_exit
                0x000024a0       0x40 ..\..\..\..\..\..\..\lib\twrk70f120m.kds\debug\psp\psp.a(mqx.o)
                0x000024a0                _mqx_exit
 .text._mqx_context_switch_internal
                0x000024e0       0xc0 ..\..\..\..\..\..\..\lib\twrk70f120m.kds\debug\psp\psp.a(mqx.o)
                0x000024e0                _mqx_context_switch_internal
 .text._mqx_set_cpu_type
                0x000025a0       0x24 ..\..\..\..\..\..\..\lib\twrk70f120m.kds\debug\psp\psp.a(mqx.o)
                0x000025a0                _mqx_set_cpu_type
 .text._mqx_init_kernel_data_internal
                0x000025c4      0x17c ..\..\..\..\..\..\..\lib\twrk70f120m.kds\debug\psp\psp.a(mqx.o)
                0x000025c4                _mqx_init_kernel_data_internal
 .text._mem_alloc
                0x00002740       0xa4 ..\..\..\..\..\..\..\lib\twrk70f120m.kds\debug\psp\psp.a(mem.o)
                0x00002740                _mem_alloc
 .text._mem_alloc_at
                0x000027e4       0xa8 ..\..\..\..\..\..\..\lib\twrk70f120m.kds\debug\psp\psp.a(mem.o)
                0x000027e4                _mem_alloc_at
 .text._mem_alloc_uncached
                0x0000288c       0x2c ..\..\..\..\..\..\..\lib\twrk70f120m.kds\debug\psp\psp.a(mem.o)
                0x0000288c                _mem_alloc_uncached
 .text._mem_alloc_from
                0x000028b8       0x9c ..\..\..\..\..\..\..\lib\twrk70f120m.kds\debug\psp\psp.a(mem.o)
                0x000028b8                _mem_alloc_from
 .text._mem_alloc_zero
                0x00002954       0xb4 ..\..\..\..\..\..\..\lib\twrk70f120m.kds\debug\psp\psp.a(mem.o)
                0x00002954                _mem_alloc_zero
 .text._mem_create_pool_internal
                0x00002a08      0x168 ..\..\..\..\..\..\..\lib\twrk70f120m.kds\debug\psp\psp.a(mem.o)
                0x00002a08                _mem_create_pool_internal
 .text._mem_create_pool
                0x00002b70       0xdc ..\..\..\..\..\..\..\lib\twrk70f120m.kds\debug\psp\psp.a(mem.o)
                0x00002b70                _mem_create_pool
 .text._mem_free
                0x00002c4c      0x324 ..\..\..\..\..\..\..\lib\twrk70f120m.kds\debug\psp\psp.a(mem.o)
                0x00002c4c                _mem_free
 .text._mem_check_coalesce_internal
                0x00002f70      0x15c ..\..\..\..\..\..\..\lib\twrk70f120m.kds\debug\psp\psp.a(mem.o)
                0x00002f70                _mem_check_coalesce_internal
 .text._mem_alloc_system
                0x000030cc       0xa4 ..\..\..\..\..\..\..\lib\twrk70f120m.kds\debug\psp\psp.a(mem.o)
                0x000030cc                _mem_alloc_system
 .text._mem_alloc_system_align
                0x00003170       0xac ..\..\..\..\..\..\..\lib\twrk70f120m.kds\debug\psp\psp.a(mem.o)
                0x00003170                _mem_alloc_system_align
 .text._mem_init_internal
                0x0000321c       0xc4 ..\..\..\..\..\..\..\lib\twrk70f120m.kds\debug\psp\psp.a(mem.o)
                0x0000321c                _mem_init_internal
 .text._mem_get_next_block_internal
                0x000032e0       0x2c ..\..\..\..\..\..\..\lib\twrk70f120m.kds\debug\psp\psp.a(mem.o)
                0x000032e0                _mem_get_next_block_internal
 .text._mem_get_system_pool_id
                0x0000330c       0x18 ..\..\..\..\..\..\..\lib\twrk70f120m.kds\debug\psp\psp.a(mem.o)
                0x0000330c                _mem_get_system_pool_id
 .text._mem_set_type
                0x00003324       0x50 ..\..\..\..\..\..\..\lib\twrk70f120m.kds\debug\psp\psp.a(mem.o)
                0x00003324                _mem_set_type
 .text._mem_transfer_internal
                0x00003374       0x60 ..\..\..\..\..\..\..\lib\twrk70f120m.kds\debug\psp\psp.a(mem.o)
                0x00003374                _mem_transfer_internal
 .text._mem_transfer_td_internal
                0x000033d4       0x80 ..\..\..\..\..\..\..\lib\twrk70f120m.kds\debug\psp\psp.a(mem.o)
                0x000033d4                _mem_transfer_td_internal
 .text._mem_alloc_system_zero
                0x00003454       0xb4 ..\..\..\..\..\..\..\lib\twrk70f120m.kds\debug\psp\psp.a(mem.o)
                0x00003454                _mem_alloc_system_zero
 .text._mem_alloc_system_zero_uncached
                0x00003508       0x6c ..\..\..\..\..\..\..\lib\twrk70f120m.kds\debug\psp\psp.a(mem.o)
                0x00003508                _mem_alloc_system_zero_uncached
 .text._mem_alloc_internal
                0x00003574      0x264 ..\..\..\..\..\..\..\lib\twrk70f120m.kds\debug\psp\psp.a(mem.o)
                0x00003574                _mem_alloc_internal
 .text._mem_alloc_at_internal
                0x000037d8      0x354 ..\..\..\..\..\..\..\lib\twrk70f120m.kds\debug\psp\psp.a(mem.o)
                0x000037d8                _mem_alloc_at_internal
 .text._mem_alloc_internal_align
                0x00003b2c      0x2ec ..\..\..\..\..\..\..\lib\twrk70f120m.kds\debug\psp\psp.a(mem.o)
                0x00003b2c                _mem_alloc_internal_align
 .text._lwsem_create_internal
                0x00003e18       0xf8 ..\..\..\..\..\..\..\lib\twrk70f120m.kds\debug\psp\psp.a(lwsem.o)
                0x00003e18                _lwsem_create_internal
 .text._lwsem_create
                0x00003f10       0x20 ..\..\..\..\..\..\..\lib\twrk70f120m.kds\debug\psp\psp.a(lwsem.o)
                0x00003f10                _lwsem_create
 .text._lwsem_destroy_internal
                0x00003f30      0x168 ..\..\..\..\..\..\..\lib\twrk70f120m.kds\debug\psp\psp.a(lwsem.o)
                0x00003f30                _lwsem_destroy_internal
 .text._lwsem_destroy
                0x00004098       0x1c ..\..\..\..\..\..\..\lib\twrk70f120m.kds\debug\psp\psp.a(lwsem.o)
                0x00004098                _lwsem_destroy
 .text._lwsem_post
                0x000040b4      0x128 ..\..\..\..\..\..\..\lib\twrk70f120m.kds\debug\psp\psp.a(lwsem.o)
                0x000040b4                _lwsem_post
 .text._lwsem_wait
                0x000041dc      0x154 ..\..\..\..\..\..\..\lib\twrk70f120m.kds\debug\psp\psp.a(lwsem.o)
                0x000041dc                _lwsem_wait
 .text._klog_log
                0x00004330       0xa8 ..\..\..\..\..\..\..\lib\twrk70f120m.kds\debug\psp\psp.a(klog.o)
                0x00004330                _klog_log
 .text._klog_block_internal
                0x000043d8       0x80 ..\..\..\..\..\..\..\lib\twrk70f120m.kds\debug\psp\psp.a(klog.o)
                0x000043d8                _klog_block_internal
 .text._klog_yield_internal
                0x00004458       0x80 ..\..\..\..\..\..\..\lib\twrk70f120m.kds\debug\psp\psp.a(klog.o)
                0x00004458                _klog_yield_internal
 .text._klog_context_switch_internal
                0x000044d8       0x84 ..\..\..\..\..\..\..\lib\twrk70f120m.kds\debug\psp\psp.a(klog.o)
                0x000044d8                _klog_context_switch_internal
 .text._klog_isr_start_internal
                0x0000455c       0x74 ..\..\..\..\..\..\..\lib\twrk70f120m.kds\debug\psp\psp.a(klog.o)
                0x0000455c                _klog_isr_start_internal
 .text._klog_isr_end_internal
                0x000045d0       0x64 ..\..\..\..\..\..\..\lib\twrk70f120m.kds\debug\psp\psp.a(klog.o)
                0x000045d0                _klog_isr_end_internal
 .text._int_default_isr
                0x00004634       0x80 ..\..\..\..\..\..\..\lib\twrk70f120m.kds\debug\psp\psp.a(int.o)
                0x00004634                _int_default_isr
 .text._int_disable
                0x000046b4       0x38 ..\..\..\..\..\..\..\lib\twrk70f120m.kds\debug\psp\psp.a(int.o)
                0x000046b4                _int_disable
 .text._int_enable
                0x000046ec       0x50 ..\..\..\..\..\..\..\lib\twrk70f120m.kds\debug\psp\psp.a(int.o)
                0x000046ec                _int_enable
 .text._int_get_default_isr
                0x0000473c       0x20 ..\..\..\..\..\..\..\lib\twrk70f120m.kds\debug\psp\psp.a(int.o)
                0x0000473c                _int_get_default_isr
 .text._int_get_isr
                0x0000475c       0x94 ..\..\..\..\..\..\..\lib\twrk70f120m.kds\debug\psp\psp.a(int.o)
                0x0000475c                _int_get_isr
 .text._int_get_isr_data
                0x000047f0       0x90 ..\..\..\..\..\..\..\lib\twrk70f120m.kds\debug\psp\psp.a(int.o)
                0x000047f0                _int_get_isr_data
 .text._int_install_isr
                0x00004880      0x18c ..\..\..\..\..\..\..\lib\twrk70f120m.kds\debug\psp\psp.a(int.o)
                0x00004880                _int_install_isr
 .text._int_init
                0x00004a0c       0xa8 ..\..\..\..\..\..\..\lib\twrk70f120m.kds\debug\psp\psp.a(int.o)
                0x00004a0c                _int_init
 .text._bsp_post_init
                0x00004ab4       0x10 ..\..\..\..\..\..\..\lib\twrk70f120m.kds\debug\psp\psp.a(inittask.o)
                0x00004ab4                _bsp_post_init
 .text._mqx_init_task
                0x00004ac4       0x94 ..\..\..\..\..\..\..\lib\twrk70f120m.kds\debug\psp\psp.a(inittask.o)
                0x00004ac4                _mqx_init_task
 .text._mqx_idle_task
                0x00004b58       0x60 ..\..\..\..\..\..\..\lib\twrk70f120m.kds\debug\psp\psp.a(idletask.o)
                0x00004b58                _mqx_idle_task
 .text._io_printf
                0x00004bb8       0x40 ..\..\..\..\..\..\..\lib\twrk70f120m.kds\debug\psp\psp.a(io_pntf.o)
                0x00004bb8                _io_printf
 .text._io_fputc
                0x00004bf8       0x5c ..\..\..\..\..\..\..\lib\twrk70f120m.kds\debug\psp\psp.a(io_fputc.o)
                0x00004bf8                _io_fputc
 .text._io_mputc
                0x00004c54       0x5c ..\..\..\..\..\..\..\lib\twrk70f120m.kds\debug\psp\psp.a(io_dopr.o)
 .text._io_putstr
                0x00004cb0       0x7c ..\..\..\..\..\..\..\lib\twrk70f120m.kds\debug\psp\psp.a(io_dopr.o)
 *fill*         0x00004d2c        0x4 
 .text._io_doprint
                0x00004d30     0x14f0 ..\..\..\..\..\..\..\lib\twrk70f120m.kds\debug\psp\psp.a(io_dopr.o)
                0x00004d30                _io_doprint
 .text._io_doprint_prt
                0x00006220      0x128 ..\..\..\..\..\..\..\lib\twrk70f120m.kds\debug\psp\psp.a(io_dopr.o)
                0x00006220                _io_doprint_prt
 .text._io_doprint_prt64
                0x00006348      0x16c ..\..\..\..\..\..\..\lib\twrk70f120m.kds\debug\psp\psp.a(io_dopr.o)
                0x00006348                _io_doprint_prt64
 .text._psp_destroy_stack_frame
                0x000064b4       0x14 ..\..\..\..\..\..\..\lib\twrk70f120m.kds\debug\psp\psp.a(stack_de.o)
                0x000064b4                _psp_destroy_stack_frame
 .text._psp_build_stack_frame
                0x000064c8       0xa8 ..\..\..\..\..\..\..\lib\twrk70f120m.kds\debug\psp\psp.a(stack_bu.o)
                0x000064c8                _psp_build_stack_frame
 .text._psp_build_float_context
                0x00006570       0x5c ..\..\..\..\..\..\..\lib\twrk70f120m.kds\debug\psp\psp.a(stack_bu.o)
                0x00006570                _psp_build_float_context
 .text._psp_set_kernel_disable_level
                0x000065cc       0xa8 ..\..\..\..\..\..\..\lib\twrk70f120m.kds\debug\psp\psp.a(sc_irdyq.o)
                0x000065cc                _psp_set_kernel_disable_level
 .text._psp_init_readyqs
                0x00006674       0xbc ..\..\..\..\..\..\..\lib\twrk70f120m.kds\debug\psp\psp.a(sc_irdyq.o)
                0x00006674                _psp_init_readyqs
 .text._psp_subtract_ticks
                0x00006730       0x60 ..\..\..\..\..\..\..\lib\twrk70f120m.kds\debug\psp\psp.a(psp_tisu.o)
                0x00006730                _psp_subtract_ticks
 .text._psp_normalize_ticks
                0x00006790       0x58 ..\..\..\..\..\..\..\lib\twrk70f120m.kds\debug\psp\psp.a(psp_tinm.o)
                0x00006790                _psp_normalize_ticks
 .text.__psp_ticks_to_milliseconds
                0x000067e8       0xf4 ..\..\..\..\..\..\..\lib\twrk70f120m.kds\debug\psp\psp.a(psp_tims.o)
 .text._psp_ticks_to_milliseconds
                0x000068dc       0x20 ..\..\..\..\..\..\..\lib\twrk70f120m.kds\debug\psp\psp.a(psp_tims.o)
                0x000068dc                _psp_ticks_to_milliseconds
 .text._psp_add_ticks
                0x000068fc       0x68 ..\..\..\..\..\..\..\lib\twrk70f120m.kds\debug\psp\psp.a(psp_tiad.o)
                0x000068fc                _psp_add_ticks
 .text._psp_msecs_to_ticks_quick
                0x00006964       0xc8 ..\..\..\..\..\..\..\lib\twrk70f120m.kds\debug\psp\psp.a(psp_mstiq.o)
                0x00006964                _psp_msecs_to_ticks_quick
 .text._psp_add_element_to_array
                0x00006a2c       0x64 ..\..\..\..\..\..\..\lib\twrk70f120m.kds\debug\psp\psp.a(psp_mat3.o)
                0x00006a2c                _psp_add_element_to_array
 .text._psp_div_128_by_32
                0x00006a90      0x134 ..\..\..\..\..\..\..\lib\twrk70f120m.kds\debug\psp\psp.a(psp_mat2.o)
                0x00006a90                _psp_div_128_by_32
 .text._psp_mul_128_by_32
                0x00006bc4      0x180 ..\..\..\..\..\..\..\lib\twrk70f120m.kds\debug\psp\psp.a(psp_mat1.o)
                0x00006bc4                _psp_mul_128_by_32
 .text._nvic_int_init
                0x00006d44       0x90 ..\..\..\..\..\..\..\lib\twrk70f120m.kds\debug\psp\psp.a(nvic.o)
                0x00006d44                _nvic_int_init
 .text._nvic_int_enable
                0x00006dd4       0x48 ..\..\..\..\..\..\..\lib\twrk70f120m.kds\debug\psp\psp.a(nvic.o)
                0x00006dd4                _nvic_int_enable
 .text._nvic_int_disable
                0x00006e1c       0x48 ..\..\..\..\..\..\..\lib\twrk70f120m.kds\debug\psp\psp.a(nvic.o)
                0x00006e1c                _nvic_int_disable
 .text._mqx_assert
                0x00006e64       0x14 ..\..\..\..\..\..\..\lib\twrk70f120m.kds\debug\psp\psp.a(k_assert.o)
                0x00006e64                _mqx_assert
 .text          0x00006e78       0x60 ..\..\..\..\..\..\..\lib\twrk70f120m.kds\debug\psp\psp.a(boot.o)
                0x00006e78                __boot
 .text._lwlog_write_internal
                0x00006ed8      0x140 ..\..\..\..\..\..\..\lib\twrk70f120m.kds\debug\psp\psp.a(lwlog.o)
                0x00006ed8                _lwlog_write_internal
 .text._lwlog_write
                0x00007018       0x64 ..\..\..\..\..\..\..\lib\twrk70f120m.kds\debug\psp\psp.a(lwlog.o)
                0x00007018                _lwlog_write
 .text._io_get_handle
                0x0000707c       0x68 ..\..\..\..\..\..\..\lib\twrk70f120m.kds\debug\psp\psp.a(io_ghand.o)
                0x0000707c                _io_get_handle
 *fill*         0x000070e4        0x4 
 .text._io_cvt  0x000070e8      0x3e0 ..\..\..\..\..\..\..\lib\twrk70f120m.kds\debug\psp\psp.a(io_fp.o)
                0x000070e8                _io_cvt
 .text._io_inf_or_nan
                0x000074c8       0xf0 ..\..\..\..\..\..\..\lib\twrk70f120m.kds\debug\psp\psp.a(io_fp.o)
 .text._io_dtoa
                0x000075b8       0x90 ..\..\..\..\..\..\..\lib\twrk70f120m.kds\debug\psp\psp.a(io_fp.o)
                0x000075b8                _io_dtoa
 .text._io_dtoe
                0x00007648      0x1c8 ..\..\..\..\..\..\..\lib\twrk70f120m.kds\debug\psp\psp.a(io_fp.o)
                0x00007648                _io_dtoe
 .text._io_dtof
                0x00007810      0x218 ..\..\..\..\..\..\..\lib\twrk70f120m.kds\debug\psp\psp.a(io_fp.o)
                0x00007810                _io_dtof
 .text._io_dtog
                0x00007a28      0x4a8 ..\..\..\..\..\..\..\lib\twrk70f120m.kds\debug\psp\psp.a(io_fp.o)
                0x00007a28                _io_dtog
 .text._init    0x00007ed0        0xc ..\..\..\..\..\..\..\lib\twrk70f120m.kds\debug\psp\psp.a(comp.o)
                0x00007ed0                _init
 .text._fini    0x00007edc        0xc ..\..\..\..\..\..\..\lib\twrk70f120m.kds\debug\psp\psp.a(comp.o)
                0x00007edc                _fini
 .text.malloc   0x00007ee8       0x18 ..\..\..\..\..\..\..\lib\twrk70f120m.kds\debug\psp\psp.a(comp.o)
                0x00007ee8                malloc
 .text.free     0x00007f00       0x14 ..\..\..\..\..\..\..\lib\twrk70f120m.kds\debug\psp\psp.a(comp.o)
                0x00007f00                free
 .text.data_startup
                0x00007f14       0xa0 ..\..\..\..\..\..\..\lib\twrk70f120m.kds\debug\psp\psp.a(comp.o)
                0x00007f14                data_startup
 .text.toolchain_startup
                0x00007fb4       0x28 ..\..\..\..\..\..\..\lib\twrk70f120m.kds\debug\psp\psp.a(comp.o)
                0x00007fb4                toolchain_startup
 .text._exit    0x00007fdc        0xc ..\..\..\..\..\..\..\lib\twrk70f120m.kds\debug\psp\psp.a(comp.o)
                0x00007fdc                _exit
 .text          0x00007fe8      0x370 ..\..\..\..\..\..\..\..\KDS_v3\toolchain\lib\gcc\arm-none-eabi\4.8.4\armv7e-m\fpu\libgcc.a(_arm_addsubdf3.o)
                0x00007fe8                __aeabi_drsub
                0x00007ff0                __aeabi_dsub
                0x00007ff0                __subdf3
                0x00007ff4                __aeabi_dadd
                0x00007ff4                __adddf3
                0x0000826c                __floatunsidf
                0x0000826c                __aeabi_ui2d
                0x0000828c                __floatsidf
                0x0000828c                __aeabi_i2d
                0x000082b0                __aeabi_f2d
                0x000082b0                __extendsfdf2
                0x000082ec                __floatundidf
                0x000082ec                __aeabi_ul2d
                0x000082fc                __floatdidf
                0x000082fc                __aeabi_l2d
 .text          0x00008358      0x424 ..\..\..\..\..\..\..\..\KDS_v3\toolchain\lib\gcc\arm-none-eabi\4.8.4\armv7e-m\fpu\libgcc.a(_arm_muldivdf3.o)
                0x00008358                __aeabi_dmul
                0x00008358                __muldf3
                0x000085ac                __divdf3
                0x000085ac                __aeabi_ddiv
 .text          0x0000877c      0x110 ..\..\..\..\..\..\..\..\KDS_v3\toolchain\lib\gcc\arm-none-eabi\4.8.4\armv7e-m\fpu\libgcc.a(_arm_cmpdf2.o)
                0x0000877c                __gtdf2
                0x0000877c                __gedf2
                0x00008784                __ltdf2
                0x00008784                __ledf2
                0x0000878c                __nedf2
                0x0000878c                __eqdf2
                0x0000878c                __cmpdf2
                0x00008808                __aeabi_cdrcmple
                0x00008818                __aeabi_cdcmpeq
                0x00008818                __aeabi_cdcmple
                0x00008828                __aeabi_dcmpeq
                0x0000883c                __aeabi_dcmplt
                0x00008850                __aeabi_dcmple
                0x00008864                __aeabi_dcmpge
                0x00008878                __aeabi_dcmpgt
 .text          0x0000888c       0x50 ..\..\..\..\..\..\..\..\KDS_v3\toolchain\lib\gcc\arm-none-eabi\4.8.4\armv7e-m\fpu\libgcc.a(_arm_fixdfsi.o)
                0x0000888c                __aeabi_d2iz
                0x0000888c                __fixdfsi
 .text          0x000088dc       0x40 ..\..\..\..\..\..\..\..\KDS_v3\toolchain\lib\gcc\arm-none-eabi\4.8.4\armv7e-m\fpu\libgcc.a(_arm_fixunsdfsi.o)
                0x000088dc                __aeabi_d2uiz
                0x000088dc                __fixunsdfsi
 .text          0x0000891c       0x38 ..\..\..\..\..\..\..\..\KDS_v3\toolchain\lib\gcc\arm-none-eabi\4.8.4\armv7e-m\fpu\libgcc.a(_aeabi_ldivmod.o)
                0x0000891c                __aeabi_ldivmod
 .text          0x00008954       0x2c ..\..\..\..\..\..\..\..\KDS_v3\toolchain\lib\gcc\arm-none-eabi\4.8.4\armv7e-m\fpu\libgcc.a(_aeabi_uldivmod.o)
                0x00008954                __aeabi_uldivmod
 .text          0x00008980       0x60 ..\..\..\..\..\..\..\..\KDS_v3\toolchain\lib\gcc\arm-none-eabi\4.8.4\armv7e-m\fpu\libgcc.a(bpabi.o)
                0x00008980                __gnu_ldivmod_helper
                0x000089b0                __gnu_uldivmod_helper
 .text          0x000089e0        0x4 ..\..\..\..\..\..\..\..\KDS_v3\toolchain\lib\gcc\arm-none-eabi\4.8.4\armv7e-m\fpu\libgcc.a(_dvmd_tls.o)
                0x000089e0                __aeabi_idiv0
                0x000089e0                __aeabi_ldiv0
 .text          0x000089e4      0x298 ..\..\..\..\..\..\..\..\KDS_v3\toolchain\lib\gcc\arm-none-eabi\4.8.4\armv7e-m\fpu\libgcc.a(_divdi3.o)
                0x000089e4                __divdi3
 .text          0x00008c7c      0x284 ..\..\..\..\..\..\..\..\KDS_v3\toolchain\lib\gcc\arm-none-eabi\4.8.4\armv7e-m\fpu\libgcc.a(_udivdi3.o)
                0x00008c7c                __udivdi3
 .text.atexit   0x00008f00        0xc ..\..\..\..\..\..\..\..\KDS_v3\toolchain\arm-none-eabi\lib\armv7e-m\fpu\libc.a(lib_a-atexit.o)
                0x00008f00                atexit
 .text.exit     0x00008f0c       0x20 ..\..\..\..\..\..\..\..\KDS_v3\toolchain\arm-none-eabi\lib\armv7e-m\fpu\libc.a(lib_a-exit.o)
                0x00008f0c                exit
 .text.__libc_fini_array
                0x00008f2c       0x30 ..\..\..\..\..\..\..\..\KDS_v3\toolchain\arm-none-eabi\lib\armv7e-m\fpu\libc.a(lib_a-fini.o)
                0x00008f2c                __libc_fini_array
 .text.__libc_init_array
                0x00008f5c       0x50 ..\..\..\..\..\..\..\..\KDS_v3\toolchain\arm-none-eabi\lib\armv7e-m\fpu\libc.a(lib_a-init.o)
                0x00008f5c                __libc_init_array
 .text          0x00008fac      0x134 ..\..\..\..\..\..\..\..\KDS_v3\toolchain\arm-none-eabi\lib\armv7e-m\fpu\libc.a(lib_a-memcpy.o)
                0x00008fac                memcpy
 .text.memset   0x000090e0       0x94 ..\..\..\..\..\..\..\..\KDS_v3\toolchain\arm-none-eabi\lib\armv7e-m\fpu\libc.a(lib_a-memset.o)
                0x000090e0                memset
 .text.modf     0x00009174       0xa4 ..\..\..\..\..\..\..\..\KDS_v3\toolchain\arm-none-eabi\lib\armv7e-m\fpu\libc.a(lib_a-s_modf.o)
                0x00009174                modf
 .text.strncmp  0x00009218       0xb4 ..\..\..\..\..\..\..\..\KDS_v3\toolchain\arm-none-eabi\lib\armv7e-m\fpu\libc.a(lib_a-strncmp.o)
                0x00009218                strncmp
 .text.__register_exitproc
                0x000092cc       0xa8 ..\..\..\..\..\..\..\..\KDS_v3\toolchain\arm-none-eabi\lib\armv7e-m\fpu\libc.a(lib_a-__atexit.o)
                0x000092cc                __register_exitproc
 .text.startup.register_fini
                0x00009374       0x14 ..\..\..\..\..\..\..\..\KDS_v3\toolchain\arm-none-eabi\lib\armv7e-m\fpu\libc.a(lib_a-__call_atexit.o)
 .text.__call_exitprocs
                0x00009388       0xf0 ..\..\..\..\..\..\..\..\KDS_v3\toolchain\arm-none-eabi\lib\armv7e-m\fpu\libc.a(lib_a-__call_atexit.o)
                0x00009388                __call_exitprocs
 .text          0x00009478      0x21c ..\..\..\..\..\..\..\..\KDS_v3\toolchain\arm-none-eabi\lib\armv7e-m\fpu\libc.a(lib_a-strcmp.o)
                0x00009478                strcmp
 .text.strlen   0x00009694       0x60 ..\..\..\..\..\..\..\..\KDS_v3\toolchain\arm-none-eabi\lib\armv7e-m\fpu\libc.a(lib_a-strlen.o)
                0x00009694                strlen
 .text.main     0x000096f4       0x14 ..\..\..\..\..\..\..\lib\twrk70f120m.kds\debug\bsp\bsp.a(mqx_main.o)
                0x000096f4                main
 .text._bsp_watchdog_disable
                0x00009708       0x38 ..\..\..\..\..\..\..\lib\twrk70f120m.kds\debug\bsp\bsp.a(init_hw.o)
                0x00009708                _bsp_watchdog_disable
 .text._bsp_flexbus_setup
                0x00009740      0x174 ..\..\..\..\..\..\..\lib\twrk70f120m.kds\debug\bsp\bsp.a(init_hw.o)
 .text._bsp_flexbus_mram_setup
                0x000098b4       0x34 ..\..\..\..\..\..\..\lib\twrk70f120m.kds\debug\bsp\bsp.a(init_hw.o)
 .text._bsp_ddr2_setup
                0x000098e8      0x268 ..\..\..\..\..\..\..\lib\twrk70f120m.kds\debug\bsp\bsp.a(init_hw.o)
                0x000098e8                _bsp_ddr2_setup
 .text.init_hardware
                0x00009b50       0x24 ..\..\..\..\..\..\..\lib\twrk70f120m.kds\debug\bsp\bsp.a(init_hw.o)
                0x00009b50                init_hardware
 .text._bsp_serial_io_init
                0x00009b74      0x34c ..\..\..\..\..\..\..\lib\twrk70f120m.kds\debug\bsp\bsp.a(init_gpio.o)
                0x00009b74                _bsp_serial_io_init
 .text._bsp_adc_io_init
                0x00009ec0       0xa8 ..\..\..\..\..\..\..\lib\twrk70f120m.kds\debug\bsp\bsp.a(init_gpio.o)
                0x00009ec0                _bsp_adc_io_init
 .text._bsp_adc_channel_io_init
                0x00009f68      0x228 ..\..\..\..\..\..\..\lib\twrk70f120m.kds\debug\bsp\bsp.a(init_gpio.o)
                0x00009f68                _bsp_adc_channel_io_init
 .text._bsp_rtc_io_init
                0x0000a190       0x2c ..\..\..\..\..\..\..\lib\twrk70f120m.kds\debug\bsp\bsp.a(init_gpio.o)
                0x0000a190                _bsp_rtc_io_init
 .text._bsp_esdhc_io_init
                0x0000a1bc       0x98 ..\..\..\..\..\..\..\lib\twrk70f120m.kds\debug\bsp\bsp.a(init_gpio.o)
                0x0000a1bc                _bsp_esdhc_io_init
 .text._bsp_i2c_io_init
                0x0000a254       0x5c ..\..\..\..\..\..\..\lib\twrk70f120m.kds\debug\bsp\bsp.a(init_gpio.o)
                0x0000a254                _bsp_i2c_io_init
 .text._bsp_gpio_io_init
                0x0000a2b0       0x2c ..\..\..\..\..\..\..\lib\twrk70f120m.kds\debug\bsp\bsp.a(init_gpio.o)
                0x0000a2b0                _bsp_gpio_io_init
 .text._bsp_serial_rts_init
                0x0000a2dc       0x48 ..\..\..\..\..\..\..\lib\twrk70f120m.kds\debug\bsp\bsp.a(init_gpio.o)
                0x0000a2dc                _bsp_serial_rts_init
 .text._bsp_sai_io_init
                0x0000a324       0x84 ..\..\..\..\..\..\..\lib\twrk70f120m.kds\debug\bsp\bsp.a(init_gpio.o)
                0x0000a324                _bsp_sai_io_init
 .text._bsp_serial_irda_tx_init
                0x0000a3a8       0x60 ..\..\..\..\..\..\..\lib\twrk70f120m.kds\debug\bsp\bsp.a(init_gpio.o)
                0x0000a3a8                _bsp_serial_irda_tx_init
 .text._bsp_serial_irda_rx_init
                0x0000a408       0x28 ..\..\..\..\..\..\..\lib\twrk70f120m.kds\debug\bsp\bsp.a(init_gpio.o)
                0x0000a408                _bsp_serial_irda_rx_init
 .text._bsp_pre_init
                0x0000a430      0x16c ..\..\..\..\..\..\..\lib\twrk70f120m.kds\debug\bsp\bsp.a(init_bsp.o)
                0x0000a430                _bsp_pre_init
 .text._bsp_init
                0x0000a59c       0xdc ..\..\..\..\..\..\..\lib\twrk70f120m.kds\debug\bsp\bsp.a(init_bsp.o)
                0x0000a59c                _bsp_init
 .text._bsp_systimer_callback
                0x0000a678       0x14 ..\..\..\..\..\..\..\lib\twrk70f120m.kds\debug\bsp\bsp.a(init_bsp.o)
                0x0000a678                _bsp_systimer_callback
 .text._bsp_get_hwticks
                0x0000a68c       0x24 ..\..\..\..\..\..\..\lib\twrk70f120m.kds\debug\bsp\bsp.a(init_bsp.o)
                0x0000a68c                _bsp_get_hwticks
 .text.LDD_SetClockConfiguration
                0x0000a6b0       0x14 ..\..\..\..\..\..\..\lib\twrk70f120m.kds\debug\bsp\bsp.a(bsp_cm.o)
                0x0000a6b0                LDD_SetClockConfiguration
 .text.Cpu_MCGAutoTrim
                0x0000a6c4       0x84 ..\..\..\..\..\..\..\lib\twrk70f120m.kds\debug\bsp\bsp.a(bsp_cm.o)
                0x0000a6c4                Cpu_MCGAutoTrim
 .text.Cpu_SetMCGModePEE
                0x0000a748       0x80 ..\..\..\..\..\..\..\lib\twrk70f120m.kds\debug\bsp\bsp.a(bsp_cm.o)
 .text.Cpu_SetMCGModePBE
                0x0000a7c8       0xec ..\..\..\..\..\..\..\lib\twrk70f120m.kds\debug\bsp\bsp.a(bsp_cm.o)
 .text.Cpu_SetMCGModeFBE
                0x0000a8b4      0x12c ..\..\..\..\..\..\..\lib\twrk70f120m.kds\debug\bsp\bsp.a(bsp_cm.o)
 .text.Cpu_SetMCGModeBLPI
                0x0000a9e0       0x68 ..\..\..\..\..\..\..\lib\twrk70f120m.kds\debug\bsp\bsp.a(bsp_cm.o)
 .text.Cpu_SetMCGModeFBI
                0x0000aa48      0x12c ..\..\..\..\..\..\..\lib\twrk70f120m.kds\debug\bsp\bsp.a(bsp_cm.o)
 .text.Cpu_SetMCG
                0x0000ab74       0xac ..\..\..\..\..\..\..\lib\twrk70f120m.kds\debug\bsp\bsp.a(bsp_cm.o)
 .text.Cpu_GetCurrentMCGMode
                0x0000ac20       0x5c ..\..\..\..\..\..\..\lib\twrk70f120m.kds\debug\bsp\bsp.a(bsp_cm.o)
 .text.Cpu_SetClockConfiguration
                0x0000ac7c      0x18c ..\..\..\..\..\..\..\lib\twrk70f120m.kds\debug\bsp\bsp.a(bsp_cm.o)
                0x0000ac7c                Cpu_SetClockConfiguration
 .text.Cpu_GetClockConfiguration
                0x0000ae08       0x18 ..\..\..\..\..\..\..\lib\twrk70f120m.kds\debug\bsp\bsp.a(bsp_cm.o)
                0x0000ae08                Cpu_GetClockConfiguration
 .text.__pe_initialize_hardware
                0x0000ae20      0x224 ..\..\..\..\..\..\..\lib\twrk70f120m.kds\debug\bsp\bsp.a(bsp_cm.o)
                0x0000ae20                __pe_initialize_hardware
 .text.PE_low_level_init
                0x0000b044       0xe0 ..\..\..\..\..\..\..\lib\twrk70f120m.kds\debug\bsp\bsp.a(bsp_cm.o)
                0x0000b044                PE_low_level_init
 .text._bsp_set_clock_configuration
                0x0000b124       0x4c ..\..\..\..\..\..\..\lib\twrk70f120m.kds\debug\bsp\bsp.a(bsp_cm.o)
                0x0000b124                _bsp_set_clock_configuration
 .text._bsp_get_clock_configuration
                0x0000b170       0x10 ..\..\..\..\..\..\..\lib\twrk70f120m.kds\debug\bsp\bsp.a(bsp_cm.o)
                0x0000b170                _bsp_get_clock_configuration
 .text._bsp_get_clock
                0x0000b180       0x58 ..\..\..\..\..\..\..\lib\twrk70f120m.kds\debug\bsp\bsp.a(bsp_cm.o)
                0x0000b180                _bsp_get_clock
 .text._bsp_osc_autotrim
                0x0000b1d8       0x3c ..\..\..\..\..\..\..\lib\twrk70f120m.kds\debug\bsp\bsp.a(bsp_cm.o)
                0x0000b1d8                _bsp_osc_autotrim
 .text._bsp_low_level_init
                0x0000b214        0xc ..\..\..\..\..\..\..\lib\twrk70f120m.kds\debug\bsp\bsp.a(bsp_cm.o)
                0x0000b214                _bsp_low_level_init
 .text._bsp_initialize_hardware
                0x0000b220        0xc ..\..\..\..\..\..\..\lib\twrk70f120m.kds\debug\bsp\bsp.a(bsp_cm.o)
                0x0000b220                _bsp_initialize_hardware
 .text._kuart_change_baudrate
                0x0000b22c       0xbc ..\..\..\..\..\..\..\lib\twrk70f120m.kds\debug\bsp\bsp.a(serl_pol_kuart.o)
                0x0000b22c                _kuart_change_baudrate
 .text._kuart_polled_peripheral_enable
                0x0000b2e8       0x24 ..\..\..\..\..\..\..\lib\twrk70f120m.kds\debug\bsp\bsp.a(serl_pol_kuart.o)
 .text._kuart_polled_peripheral_disable
                0x0000b30c       0x24 ..\..\..\..\..\..\..\lib\twrk70f120m.kds\debug\bsp\bsp.a(serl_pol_kuart.o)
 .text._kuart_polled_install
                0x0000b330       0x50 ..\..\..\..\..\..\..\lib\twrk70f120m.kds\debug\bsp\bsp.a(serl_pol_kuart.o)
                0x0000b330                _kuart_polled_install
 .text._kuart_polled_init
                0x0000b380      0x170 ..\..\..\..\..\..\..\lib\twrk70f120m.kds\debug\bsp\bsp.a(serl_pol_kuart.o)
                0x0000b380                _kuart_polled_init
 .text._kuart_polled_deinit
                0x0000b4f0       0x4c ..\..\..\..\..\..\..\lib\twrk70f120m.kds\debug\bsp\bsp.a(serl_pol_kuart.o)
                0x0000b4f0                _kuart_polled_deinit
 .text._kuart_polled_getc
                0x0000b53c       0x40 ..\..\..\..\..\..\..\lib\twrk70f120m.kds\debug\bsp\bsp.a(serl_pol_kuart.o)
                0x0000b53c                _kuart_polled_getc
 .text._kuart_polled_putc
                0x0000b57c       0x3c ..\..\..\..\..\..\..\lib\twrk70f120m.kds\debug\bsp\bsp.a(serl_pol_kuart.o)
                0x0000b57c                _kuart_polled_putc
 .text._kuart_polled_status
                0x0000b5b8       0xc8 ..\..\..\..\..\..\..\lib\twrk70f120m.kds\debug\bsp\bsp.a(serl_pol_kuart.o)
                0x0000b5b8                _kuart_polled_status
 .text._kuart_polled_ioctl
                0x0000b680      0x784 ..\..\..\..\..\..\..\lib\twrk70f120m.kds\debug\bsp\bsp.a(serl_pol_kuart.o)
                0x0000b680                _kuart_polled_ioctl
 .text._io_serial_polled_install
                0x0000be04       0x94 ..\..\..\..\..\..\..\lib\twrk70f120m.kds\debug\bsp\bsp.a(serl_pol.o)
                0x0000be04                _io_serial_polled_install
 .text._io_serial_polled_open
                0x0000be98      0x12c ..\..\..\..\..\..\..\lib\twrk70f120m.kds\debug\bsp\bsp.a(serl_pol.o)
                0x0000be98                _io_serial_polled_open
 .text._io_serial_polled_close
                0x0000bfc4       0x64 ..\..\..\..\..\..\..\lib\twrk70f120m.kds\debug\bsp\bsp.a(serl_pol.o)
                0x0000bfc4                _io_serial_polled_close
 .text._io_serial_polled_read
                0x0000c028      0x288 ..\..\..\..\..\..\..\lib\twrk70f120m.kds\debug\bsp\bsp.a(serl_pol.o)
                0x0000c028                _io_serial_polled_read
 .text._io_serial_polled_write
                0x0000c2b0      0x1a8 ..\..\..\..\..\..\..\lib\twrk70f120m.kds\debug\bsp\bsp.a(serl_pol.o)
                0x0000c2b0                _io_serial_polled_write
 .text._io_serial_polled_ioctl
                0x0000c458       0xf4 ..\..\..\..\..\..\..\lib\twrk70f120m.kds\debug\bsp\bsp.a(serl_pol.o)
                0x0000c458                _io_serial_polled_ioctl
 .text._io_serial_default_init
                0x0000c54c       0x88 ..\..\..\..\..\..\..\lib\twrk70f120m.kds\debug\bsp\bsp.a(io_sinit.o)
                0x0000c54c                _io_serial_default_init
 .text._io_sai_dma_install
                0x0000c5d4       0x84 ..\..\..\..\..\..\..\lib\twrk70f120m.kds\debug\bsp\bsp.a(sai_dma.o)
                0x0000c5d4                _io_sai_dma_install
 .text._io_sai_dma_uninstall
                0x0000c658       0x44 ..\..\..\..\..\..\..\lib\twrk70f120m.kds\debug\bsp\bsp.a(sai_dma.o)
                0x0000c658                _io_sai_dma_uninstall
 .text._io_sai_dma_open
                0x0000c69c      0x12c ..\..\..\..\..\..\..\lib\twrk70f120m.kds\debug\bsp\bsp.a(sai_dma.o)
                0x0000c69c                _io_sai_dma_open
 .text._io_sai_dma_close
                0x0000c7c8       0x70 ..\..\..\..\..\..\..\lib\twrk70f120m.kds\debug\bsp\bsp.a(sai_dma.o)
                0x0000c7c8                _io_sai_dma_close
 .text._io_sai_dma_ioctl
                0x0000c838       0x68 ..\..\..\..\..\..\..\lib\twrk70f120m.kds\debug\bsp\bsp.a(sai_dma.o)
                0x0000c838                _io_sai_dma_ioctl
 .text._rtc_init
                0x0000c8a0       0xa4 ..\..\..\..\..\..\..\lib\twrk70f120m.kds\debug\bsp\bsp.a(krtc.o)
                0x0000c8a0                _rtc_init
 .text._ki2c_set_baudrate
                0x0000c944       0xa8 ..\..\..\..\..\..\..\lib\twrk70f120m.kds\debug\bsp\bsp.a(i2c_pol_ki2c.o)
 .text._ki2c_polled_install
                0x0000c9ec       0x40 ..\..\..\..\..\..\..\lib\twrk70f120m.kds\debug\bsp\bsp.a(i2c_pol_ki2c.o)
                0x0000c9ec                _ki2c_polled_install
 .text._ki2c_polled_init
                0x0000ca2c      0x11c ..\..\..\..\..\..\..\lib\twrk70f120m.kds\debug\bsp\bsp.a(i2c_pol_ki2c.o)
                0x0000ca2c                _ki2c_polled_init
 .text._ki2c_polled_deinit
                0x0000cb48       0x60 ..\..\..\..\..\..\..\lib\twrk70f120m.kds\debug\bsp\bsp.a(i2c_pol_ki2c.o)
                0x0000cb48                _ki2c_polled_deinit
 .text._ki2c_polled_ioctl
                0x0000cba8      0x4b0 ..\..\..\..\..\..\..\lib\twrk70f120m.kds\debug\bsp\bsp.a(i2c_pol_ki2c.o)
                0x0000cba8                _ki2c_polled_ioctl
 .text._ki2c_polled_rx
                0x0000d058       0xf8 ..\..\..\..\..\..\..\lib\twrk70f120m.kds\debug\bsp\bsp.a(i2c_pol_ki2c.o)
                0x0000d058                _ki2c_polled_rx
 .text._ki2c_polled_tx
                0x0000d150       0xf0 ..\..\..\..\..\..\..\lib\twrk70f120m.kds\debug\bsp\bsp.a(i2c_pol_ki2c.o)
                0x0000d150                _ki2c_polled_tx
 .text._ki2c_polled_rx_tx
                0x0000d240      0x55c ..\..\..\..\..\..\..\lib\twrk70f120m.kds\debug\bsp\bsp.a(i2c_pol_ki2c.o)
 .text._bsp_get_i2c_base_address
                0x0000d79c       0x40 ..\..\..\..\..\..\..\lib\twrk70f120m.kds\debug\bsp\bsp.a(i2c_mk70.o)
                0x0000d79c                _bsp_get_i2c_base_address
 .text._bsp_get_i2c_vector
                0x0000d7dc       0x38 ..\..\..\..\..\..\..\lib\twrk70f120m.kds\debug\bsp\bsp.a(i2c_mk70.o)
                0x0000d7dc                _bsp_get_i2c_vector
 .text._ki2c_int_install
                0x0000d814       0x40 ..\..\..\..\..\..\..\lib\twrk70f120m.kds\debug\bsp\bsp.a(i2c_int_ki2c_legacy.o)
                0x0000d814                _ki2c_int_install
 .text._ki2c_int_init
                0x0000d854       0xb0 ..\..\..\..\..\..\..\lib\twrk70f120m.kds\debug\bsp\bsp.a(i2c_int_ki2c_legacy.o)
                0x0000d854                _ki2c_int_init
 .text._ki2c_int_deinit
                0x0000d904       0x80 ..\..\..\..\..\..\..\lib\twrk70f120m.kds\debug\bsp\bsp.a(i2c_int_ki2c_legacy.o)
                0x0000d904                _ki2c_int_deinit
 .text._ki2c_int_rx
                0x0000d984      0x120 ..\..\..\..\..\..\..\lib\twrk70f120m.kds\debug\bsp\bsp.a(i2c_int_ki2c_legacy.o)
                0x0000d984                _ki2c_int_rx
 .text._ki2c_int_tx
                0x0000daa4      0x13c ..\..\..\..\..\..\..\lib\twrk70f120m.kds\debug\bsp\bsp.a(i2c_int_ki2c_legacy.o)
                0x0000daa4                _ki2c_int_tx
 .text._ki2c_isr
                0x0000dbe0      0x5c0 ..\..\..\..\..\..\..\lib\twrk70f120m.kds\debug\bsp\bsp.a(i2c_int_ki2c_legacy.o)
 .text.hwtimer_systick_isr
                0x0000e1a0       0x5c ..\..\..\..\..\..\..\lib\twrk70f120m.kds\debug\bsp\bsp.a(hwtimer_systick.o)
 .text.hwtimer_systick_init
                0x0000e1fc       0x90 ..\..\..\..\..\..\..\lib\twrk70f120m.kds\debug\bsp\bsp.a(hwtimer_systick.o)
 .text.hwtimer_systick_deinit
                0x0000e28c       0x34 ..\..\..\..\..\..\..\lib\twrk70f120m.kds\debug\bsp\bsp.a(hwtimer_systick.o)
 .text.hwtimer_systick_set_div
                0x0000e2c0       0x4c ..\..\..\..\..\..\..\lib\twrk70f120m.kds\debug\bsp\bsp.a(hwtimer_systick.o)
 .text.hwtimer_systick_start
                0x0000e30c       0x28 ..\..\..\..\..\..\..\lib\twrk70f120m.kds\debug\bsp\bsp.a(hwtimer_systick.o)
 .text.hwtimer_systick_stop
                0x0000e334       0x28 ..\..\..\..\..\..\..\lib\twrk70f120m.kds\debug\bsp\bsp.a(hwtimer_systick.o)
 .text.hwtimer_systick_get_time
                0x0000e35c       0x64 ..\..\..\..\..\..\..\lib\twrk70f120m.kds\debug\bsp\bsp.a(hwtimer_systick.o)
 .text.systick_get_vector
                0x0000e3c0       0x10 ..\..\..\..\..\..\..\lib\twrk70f120m.kds\debug\bsp\bsp.a(hwtimer_kinetis.o)
                0x0000e3c0                systick_get_vector
 .text.hwtimer_init
                0x0000e3d0       0x80 ..\..\..\..\..\..\..\lib\twrk70f120m.kds\debug\bsp\bsp.a(hwtimer.o)
                0x0000e3d0                hwtimer_init
 .text.hwtimer_deinit
                0x0000e450       0x9c ..\..\..\..\..\..\..\lib\twrk70f120m.kds\debug\bsp\bsp.a(hwtimer.o)
                0x0000e450                hwtimer_deinit
 .text.hwtimer_set_freq
                0x0000e4ec       0x78 ..\..\..\..\..\..\..\lib\twrk70f120m.kds\debug\bsp\bsp.a(hwtimer.o)
                0x0000e4ec                hwtimer_set_freq
 .text.hwtimer_start
                0x0000e564       0x3c ..\..\..\..\..\..\..\lib\twrk70f120m.kds\debug\bsp\bsp.a(hwtimer.o)
                0x0000e564                hwtimer_start
 .text.hwtimer_get_modulo
                0x0000e5a0       0x24 ..\..\..\..\..\..\..\lib\twrk70f120m.kds\debug\bsp\bsp.a(hwtimer.o)
                0x0000e5a0                hwtimer_get_modulo
 .text.hwtimer_get_time
                0x0000e5c4       0x48 ..\..\..\..\..\..\..\lib\twrk70f120m.kds\debug\bsp\bsp.a(hwtimer.o)
                0x0000e5c4                hwtimer_get_time
 .text.hwtimer_callback_reg
                0x0000e60c       0x40 ..\..\..\..\..\..\..\lib\twrk70f120m.kds\debug\bsp\bsp.a(hwtimer.o)
                0x0000e60c                hwtimer_callback_reg
 .text._esdhc_set_baudrate_low
                0x0000e64c       0xd8 ..\..\..\..\..\..\..\lib\twrk70f120m.kds\debug\bsp\bsp.a(esdhc.o)
 .text._esdhc_set_baudrate
                0x0000e724       0x68 ..\..\..\..\..\..\..\lib\twrk70f120m.kds\debug\bsp\bsp.a(esdhc.o)
 .text._esdhc_get_baudrate_low
                0x0000e78c       0x40 ..\..\..\..\..\..\..\lib\twrk70f120m.kds\debug\bsp\bsp.a(esdhc.o)
 .text._esdhc_get_baudrate
                0x0000e7cc       0x2c ..\..\..\..\..\..\..\lib\twrk70f120m.kds\debug\bsp\bsp.a(esdhc.o)
 .text._esdhc_is_running
                0x0000e7f8       0x28 ..\..\..\..\..\..\..\lib\twrk70f120m.kds\debug\bsp\bsp.a(esdhc.o)
 .text._esdhc_init
                0x0000e820      0x114 ..\..\..\..\..\..\..\lib\twrk70f120m.kds\debug\bsp\bsp.a(esdhc.o)
 .text._esdhc_send_command
                0x0000e934      0x3ac ..\..\..\..\..\..\..\lib\twrk70f120m.kds\debug\bsp\bsp.a(esdhc.o)
 .text._esdhc_wait_while_busy
                0x0000ece0       0x90 ..\..\..\..\..\..\..\lib\twrk70f120m.kds\debug\bsp\bsp.a(esdhc.o)
 .text._esdhc_get_card_type
                0x0000ed70      0x364 ..\..\..\..\..\..\..\lib\twrk70f120m.kds\debug\bsp\bsp.a(esdhc.o)
 .text._esdhc_install
                0x0000f0d4      0x148 ..\..\..\..\..\..\..\lib\twrk70f120m.kds\debug\bsp\bsp.a(esdhc.o)
                0x0000f0d4                _esdhc_install
 .text._esdhc_uninstall
                0x0000f21c       0x7c ..\..\..\..\..\..\..\lib\twrk70f120m.kds\debug\bsp\bsp.a(esdhc.o)
                0x0000f21c                _esdhc_uninstall
 .text._esdhc_open
                0x0000f298       0x60 ..\..\..\..\..\..\..\lib\twrk70f120m.kds\debug\bsp\bsp.a(esdhc.o)
                0x0000f298                _esdhc_open
 .text._esdhc_close
                0x0000f2f8       0x54 ..\..\..\..\..\..\..\lib\twrk70f120m.kds\debug\bsp\bsp.a(esdhc.o)
                0x0000f2f8                _esdhc_close
 .text._esdhc_ioctl
                0x0000f34c      0x43c ..\..\..\..\..\..\..\lib\twrk70f120m.kds\debug\bsp\bsp.a(esdhc.o)
                0x0000f34c                _esdhc_ioctl
 .text._esdhc_read
                0x0000f788      0x26c ..\..\..\..\..\..\..\lib\twrk70f120m.kds\debug\bsp\bsp.a(esdhc.o)
                0x0000f788                _esdhc_read
 .text._esdhc_write
                0x0000f9f4      0x248 ..\..\..\..\..\..\..\lib\twrk70f120m.kds\debug\bsp\bsp.a(esdhc.o)
                0x0000f9f4                _esdhc_write
 .text._esdhc_isr
                0x0000fc3c      0x1ec ..\..\..\..\..\..\..\lib\twrk70f120m.kds\debug\bsp\bsp.a(esdhc.o)
 .text.dma_tcd_mem2reg
                0x0000fe28       0xf0 ..\..\..\..\..\..\..\lib\twrk70f120m.kds\debug\bsp\bsp.a(dma.o)
                0x0000fe28                dma_tcd_mem2reg
 .text.dma_tcd_reg2mem
                0x0000ff18       0xf8 ..\..\..\..\..\..\..\lib\twrk70f120m.kds\debug\bsp\bsp.a(dma.o)
                0x0000ff18                dma_tcd_reg2mem
 .text.dma_init
                0x00010010       0x80 ..\..\..\..\..\..\..\lib\twrk70f120m.kds\debug\bsp\bsp.a(dma.o)
                0x00010010                dma_init
 .text.dma_deinit
                0x00010090       0x7c ..\..\..\..\..\..\..\lib\twrk70f120m.kds\debug\bsp\bsp.a(dma.o)
                0x00010090                dma_deinit
 .text.dma_channel_claim
                0x0001010c       0xb0 ..\..\..\..\..\..\..\lib\twrk70f120m.kds\debug\bsp\bsp.a(dma.o)
                0x0001010c                dma_channel_claim
 .text.dma_channel_release
                0x000101bc       0x3c ..\..\..\..\..\..\..\lib\twrk70f120m.kds\debug\bsp\bsp.a(dma.o)
                0x000101bc                dma_channel_release
 .text.dma_channel_setup
                0x000101f8       0x44 ..\..\..\..\..\..\..\lib\twrk70f120m.kds\debug\bsp\bsp.a(dma.o)
                0x000101f8                dma_channel_setup
 .text.dma_channel_status
                0x0001023c       0x44 ..\..\..\..\..\..\..\lib\twrk70f120m.kds\debug\bsp\bsp.a(dma.o)
                0x0001023c                dma_channel_status
 .text.dma_transfer_submit
                0x00010280       0x44 ..\..\..\..\..\..\..\lib\twrk70f120m.kds\debug\bsp\bsp.a(dma.o)
                0x00010280                dma_transfer_submit
 .text.dma_request_source
                0x000102c4       0x40 ..\..\..\..\..\..\..\lib\twrk70f120m.kds\debug\bsp\bsp.a(dma.o)
                0x000102c4                dma_request_source
 .text.dma_request_enable
                0x00010304       0x3c ..\..\..\..\..\..\..\lib\twrk70f120m.kds\debug\bsp\bsp.a(dma.o)
                0x00010304                dma_request_enable
 .text.dma_request_disable
                0x00010340       0x3c ..\..\..\..\..\..\..\lib\twrk70f120m.kds\debug\bsp\bsp.a(dma.o)
                0x00010340                dma_request_disable
 .text.dma_callback_reg
                0x0001037c       0x3c ..\..\..\..\..\..\..\lib\twrk70f120m.kds\debug\bsp\bsp.a(dma.o)
                0x0001037c                dma_callback_reg
 .text._io_adc_install
                0x000103b8       0x98 ..\..\..\..\..\..\..\lib\twrk70f120m.kds\debug\bsp\bsp.a(adc.o)
                0x000103b8                _io_adc_install
 .text._adc_open
                0x00010450      0x4f8 ..\..\..\..\..\..\..\lib\twrk70f120m.kds\debug\bsp\bsp.a(adc.o)
                0x00010450                _adc_open
 .text._adc_close
                0x00010948      0x14c ..\..\..\..\..\..\..\lib\twrk70f120m.kds\debug\bsp\bsp.a(adc.o)
                0x00010948                _adc_close
 .text._adc_read
                0x00010a94       0xbc ..\..\..\..\..\..\..\lib\twrk70f120m.kds\debug\bsp\bsp.a(adc.o)
                0x00010a94                _adc_read
 .text._adc_write
                0x00010b50       0x1c ..\..\..\..\..\..\..\lib\twrk70f120m.kds\debug\bsp\bsp.a(adc.o)
                0x00010b50                _adc_write
 .text._adc_ioctl
                0x00010b6c      0x158 ..\..\..\..\..\..\..\lib\twrk70f120m.kds\debug\bsp\bsp.a(adc.o)
                0x00010b6c                _adc_ioctl
 .text._bsp_get_serial_base_address
                0x00010cc4       0x80 ..\..\..\..\..\..\..\lib\twrk70f120m.kds\debug\bsp\bsp.a(serl_mk70.o)
                0x00010cc4                _bsp_get_serial_base_address
 .text._ksai_dma_init
                0x00010d44      0x5cc ..\..\..\..\..\..\..\lib\twrk70f120m.kds\debug\bsp\bsp.a(sai_dma_ksai.o)
                0x00010d44                _ksai_dma_init
 .text._ksai_dma_deinit
                0x00011310      0x17c ..\..\..\..\..\..\..\lib\twrk70f120m.kds\debug\bsp\bsp.a(sai_dma_ksai.o)
                0x00011310                _ksai_dma_deinit
 .text._ksai_tx_fifoerr_irq_handler
                0x0001148c       0x50 ..\..\..\..\..\..\..\lib\twrk70f120m.kds\debug\bsp\bsp.a(sai_dma_ksai.o)
                0x0001148c                _ksai_tx_fifoerr_irq_handler
 .text._ksai_tx_dma_irq_handler
                0x000114dc      0x108 ..\..\..\..\..\..\..\lib\twrk70f120m.kds\debug\bsp\bsp.a(sai_dma_ksai.o)
                0x000114dc                _ksai_tx_dma_irq_handler
 .text._ksai_rx_fifoerr_irq_handler
                0x000115e4       0x54 ..\..\..\..\..\..\..\lib\twrk70f120m.kds\debug\bsp\bsp.a(sai_dma_ksai.o)
                0x000115e4                _ksai_rx_fifoerr_irq_handler
 .text._ksai_rx_dma_irq_handler
                0x00011638      0x11c ..\..\..\..\..\..\..\lib\twrk70f120m.kds\debug\bsp\bsp.a(sai_dma_ksai.o)
                0x00011638                _ksai_rx_dma_irq_handler
 .text._ksai_dma_ioctl
                0x00011754     0x17f8 ..\..\..\..\..\..\..\lib\twrk70f120m.kds\debug\bsp\bsp.a(sai_dma_ksai.o)
                0x00011754                _ksai_dma_ioctl
 .text._ksai_hw_init
                0x00012f4c      0x364 ..\..\..\..\..\..\..\lib\twrk70f120m.kds\debug\bsp\bsp.a(sai_dma_ksai.o)
                0x00012f4c                _ksai_hw_init
 .text._ki2s_find_mclk_freq_div
                0x000132b0      0x100 ..\..\..\..\..\..\..\lib\twrk70f120m.kds\debug\bsp\bsp.a(sai_dma_ksai.o)
                0x000132b0                _ki2s_find_mclk_freq_div
 .text._ki2s_set_master_mode
                0x000133b0      0x25c ..\..\..\..\..\..\..\lib\twrk70f120m.kds\debug\bsp\bsp.a(sai_dma_ksai.o)
                0x000133b0                _ki2s_set_master_mode
 .text._ki2s_set_slave_mode
                0x0001360c      0x228 ..\..\..\..\..\..\..\lib\twrk70f120m.kds\debug\bsp\bsp.a(sai_dma_ksai.o)
                0x0001360c                _ki2s_set_slave_mode
 .text._ki2s_set_bclk_mode
                0x00013834      0x150 ..\..\..\..\..\..\..\lib\twrk70f120m.kds\debug\bsp\bsp.a(sai_dma_ksai.o)
                0x00013834                _ki2s_set_bclk_mode
 .text._io_i2c_polled_install
                0x00013984       0x8c ..\..\..\..\..\..\..\lib\twrk70f120m.kds\debug\bsp\bsp.a(i2c_pol.o)
                0x00013984                _io_i2c_polled_install
 .text._io_i2c_polled_uninstall
                0x00013a10       0x4c ..\..\..\..\..\..\..\lib\twrk70f120m.kds\debug\bsp\bsp.a(i2c_pol.o)
                0x00013a10                _io_i2c_polled_uninstall
 .text._io_i2c_polled_open
                0x00013a5c       0x74 ..\..\..\..\..\..\..\lib\twrk70f120m.kds\debug\bsp\bsp.a(i2c_pol.o)
                0x00013a5c                _io_i2c_polled_open
 .text._io_i2c_polled_close
                0x00013ad0       0x58 ..\..\..\..\..\..\..\lib\twrk70f120m.kds\debug\bsp\bsp.a(i2c_pol.o)
                0x00013ad0                _io_i2c_polled_close
 .text._io_i2c_polled_read
                0x00013b28       0x30 ..\..\..\..\..\..\..\lib\twrk70f120m.kds\debug\bsp\bsp.a(i2c_pol.o)
                0x00013b28                _io_i2c_polled_read
 .text._io_i2c_polled_write
                0x00013b58       0x30 ..\..\..\..\..\..\..\lib\twrk70f120m.kds\debug\bsp\bsp.a(i2c_pol.o)
                0x00013b58                _io_i2c_polled_write
 .text._io_i2c_polled_ioctl
                0x00013b88       0x68 ..\..\..\..\..\..\..\lib\twrk70f120m.kds\debug\bsp\bsp.a(i2c_pol.o)
                0x00013b88                _io_i2c_polled_ioctl
 .text._io_i2c_int_install
                0x00013bf0       0x8c ..\..\..\..\..\..\..\lib\twrk70f120m.kds\debug\bsp\bsp.a(i2c_int.o)
                0x00013bf0                _io_i2c_int_install
 .text._io_i2c_int_uninstall
                0x00013c7c       0x48 ..\..\..\..\..\..\..\lib\twrk70f120m.kds\debug\bsp\bsp.a(i2c_int.o)
                0x00013c7c                _io_i2c_int_uninstall
 .text._io_i2c_int_open
                0x00013cc4       0x6c ..\..\..\..\..\..\..\lib\twrk70f120m.kds\debug\bsp\bsp.a(i2c_int.o)
                0x00013cc4                _io_i2c_int_open
 .text._io_i2c_int_close
                0x00013d30       0x68 ..\..\..\..\..\..\..\lib\twrk70f120m.kds\debug\bsp\bsp.a(i2c_int.o)
                0x00013d30                _io_i2c_int_close
 .text._io_i2c_int_read
                0x00013d98       0x30 ..\..\..\..\..\..\..\lib\twrk70f120m.kds\debug\bsp\bsp.a(i2c_int.o)
                0x00013d98                _io_i2c_int_read
 .text._io_i2c_int_write
                0x00013dc8       0x30 ..\..\..\..\..\..\..\lib\twrk70f120m.kds\debug\bsp\bsp.a(i2c_int.o)
                0x00013dc8                _io_i2c_int_write
 .text._io_i2c_int_ioctl
                0x00013df8       0x68 ..\..\..\..\..\..\..\lib\twrk70f120m.kds\debug\bsp\bsp.a(i2c_int.o)
                0x00013df8                _io_i2c_int_ioctl
 .text._bsp_get_esdhc_base_address
                0x00013e60       0x30 ..\..\..\..\..\..\..\lib\twrk70f120m.kds\debug\bsp\bsp.a(esdhc_mk70.o)
                0x00013e60                _bsp_get_esdhc_base_address
 .text._bsp_get_esdhc_vector
                0x00013e90       0x2c ..\..\..\..\..\..\..\lib\twrk70f120m.kds\debug\bsp\bsp.a(esdhc_mk70.o)
                0x00013e90                _bsp_get_esdhc_vector
 .text.edma_channel_sgaidx
                0x00013ebc       0x6c ..\..\..\..\..\..\..\lib\twrk70f120m.kds\debug\bsp\bsp.a(edma.o)
 .text.edma_done_isr
                0x00013f28      0x1ac ..\..\..\..\..\..\..\lib\twrk70f120m.kds\debug\bsp\bsp.a(edma.o)
 .text.edma_err_isr
                0x000140d4       0xa4 ..\..\..\..\..\..\..\lib\twrk70f120m.kds\debug\bsp\bsp.a(edma.o)
 .text.edma_reset_module
                0x00014178       0xc4 ..\..\..\..\..\..\..\lib\twrk70f120m.kds\debug\bsp\bsp.a(edma.o)
 .text.edma_install_isrs
                0x0001423c       0xe0 ..\..\..\..\..\..\..\lib\twrk70f120m.kds\debug\bsp\bsp.a(edma.o)
 .text.edma_uninstall_isrs
                0x0001431c       0xd8 ..\..\..\..\..\..\..\lib\twrk70f120m.kds\debug\bsp\bsp.a(edma.o)
 .text.edma_init
                0x000143f4       0x30 ..\..\..\..\..\..\..\lib\twrk70f120m.kds\debug\bsp\bsp.a(edma.o)
 .text.edma_deinit
                0x00014424       0x40 ..\..\..\..\..\..\..\lib\twrk70f120m.kds\debug\bsp\bsp.a(edma.o)
 .text.edma_channel_claim
                0x00014464       0xf0 ..\..\..\..\..\..\..\lib\twrk70f120m.kds\debug\bsp\bsp.a(edma.o)
 .text.edma_channel_release
                0x00014554       0x58 ..\..\..\..\..\..\..\lib\twrk70f120m.kds\debug\bsp\bsp.a(edma.o)
 .text.edma_channel_reset
                0x000145ac       0xb4 ..\..\..\..\..\..\..\lib\twrk70f120m.kds\debug\bsp\bsp.a(edma.o)
 .text.edma_channel_setup
                0x00014660       0xa0 ..\..\..\..\..\..\..\lib\twrk70f120m.kds\debug\bsp\bsp.a(edma.o)
 .text.edma_channel_status
                0x00014700      0x164 ..\..\..\..\..\..\..\lib\twrk70f120m.kds\debug\bsp\bsp.a(edma.o)
 .text.edma_tcd_prepare
                0x00014864      0x250 ..\..\..\..\..\..\..\lib\twrk70f120m.kds\debug\bsp\bsp.a(edma.o)
 .text.edma_hwtcd_push
                0x00014ab4       0x74 ..\..\..\..\..\..\..\lib\twrk70f120m.kds\debug\bsp\bsp.a(edma.o)
 .text.edma_transfer_submit
                0x00014b28      0x21c ..\..\..\..\..\..\..\lib\twrk70f120m.kds\debug\bsp\bsp.a(edma.o)
 .text.edma_request_source
                0x00014d44       0x58 ..\..\..\..\..\..\..\lib\twrk70f120m.kds\debug\bsp\bsp.a(edma.o)
 .text.edma_request_enable
                0x00014d9c       0x90 ..\..\..\..\..\..\..\lib\twrk70f120m.kds\debug\bsp\bsp.a(edma.o)
 .text.edma_request_disable
                0x00014e2c       0x40 ..\..\..\..\..\..\..\lib\twrk70f120m.kds\debug\bsp\bsp.a(edma.o)
 .text._adt_hw_ioctl
                0x00014e6c      0x2b8 ..\..\..\..\..\..\..\lib\twrk70f120m.kds\debug\bsp\bsp.a(adt_kpdb.o)
                0x00014e6c                _adt_hw_ioctl
 .text._adt_hw_install
                0x00015124       0x1c ..\..\..\..\..\..\..\lib\twrk70f120m.kds\debug\bsp\bsp.a(adt_kpdb.o)
                0x00015124                _adt_hw_install
 .text._adt_hw_init
                0x00015140      0x1d0 ..\..\..\..\..\..\..\lib\twrk70f120m.kds\debug\bsp\bsp.a(adt_kpdb.o)
                0x00015140                _adt_hw_init
 .text._adt_hw_deinit
                0x00015310       0x24 ..\..\..\..\..\..\..\lib\twrk70f120m.kds\debug\bsp\bsp.a(adt_kpdb.o)
                0x00015310                _adt_hw_deinit
 .text.adt_period_prescaler
                0x00015334      0x23c ..\..\..\..\..\..\..\lib\twrk70f120m.kds\debug\bsp\bsp.a(adt_kpdb.o)
 .text._adt_hw_channel_init
                0x00015570      0x1d4 ..\..\..\..\..\..\..\lib\twrk70f120m.kds\debug\bsp\bsp.a(adt_kpdb.o)
                0x00015570                _adt_hw_channel_init
 .text._adt_hw_channel_deinit
                0x00015744      0x148 ..\..\..\..\..\..\..\lib\twrk70f120m.kds\debug\bsp\bsp.a(adt_kpdb.o)
                0x00015744                _adt_hw_channel_deinit
 .text._adt_trigger
                0x0001588c      0x144 ..\..\..\..\..\..\..\lib\twrk70f120m.kds\debug\bsp\bsp.a(adt_kpdb.o)
                0x0001588c                _adt_trigger
 .text._adt_pause
                0x000159d0      0x128 ..\..\..\..\..\..\..\lib\twrk70f120m.kds\debug\bsp\bsp.a(adt_kpdb.o)
                0x000159d0                _adt_pause
 .text._adt_resume
                0x00015af8      0x134 ..\..\..\..\..\..\..\lib\twrk70f120m.kds\debug\bsp\bsp.a(adt_kpdb.o)
                0x00015af8                _adt_resume
 .text._adt_stop
                0x00015c2c      0x118 ..\..\..\..\..\..\..\lib\twrk70f120m.kds\debug\bsp\bsp.a(adt_kpdb.o)
                0x00015c2c                _adt_stop
 .text._adt_process_data
                0x00015d44      0x11c ..\..\..\..\..\..\..\lib\twrk70f120m.kds\debug\bsp\bsp.a(adt_kpdb.o)
                0x00015d44                _adt_process_data
 .text.adt_idelay_isr
                0x00015e60       0x68 ..\..\..\..\..\..\..\lib\twrk70f120m.kds\debug\bsp\bsp.a(adt_kpdb.o)
 .text._adc_hw_ioctl
                0x00015ec8      0x564 ..\..\..\..\..\..\..\lib\twrk70f120m.kds\debug\bsp\bsp.a(adc_kadc.o)
                0x00015ec8                _adc_hw_ioctl
 .text._adc_hw_install
                0x0001642c       0x20 ..\..\..\..\..\..\..\lib\twrk70f120m.kds\debug\bsp\bsp.a(adc_kadc.o)
                0x0001642c                _adc_hw_install
 .text._adc_hw_init
                0x0001644c      0x358 ..\..\..\..\..\..\..\lib\twrk70f120m.kds\debug\bsp\bsp.a(adc_kadc.o)
                0x0001644c                _adc_hw_init
 .text._adc_hw_deinit
                0x000167a4       0x34 ..\..\..\..\..\..\..\lib\twrk70f120m.kds\debug\bsp\bsp.a(adc_kadc.o)
                0x000167a4                _adc_hw_deinit
 .text._adc_hw_channel_init
                0x000167d8      0x19c ..\..\..\..\..\..\..\lib\twrk70f120m.kds\debug\bsp\bsp.a(adc_kadc.o)
                0x000167d8                _adc_hw_channel_init
 .text._adc_hw_channel_deinit
                0x00016974       0x90 ..\..\..\..\..\..\..\lib\twrk70f120m.kds\debug\bsp\bsp.a(adc_kadc.o)
                0x00016974                _adc_hw_channel_deinit
 .text.adc_process_data
                0x00016a04      0x110 ..\..\..\..\..\..\..\lib\twrk70f120m.kds\debug\bsp\bsp.a(adc_kadc.o)
 .text.adc_process_all_data
                0x00016b14       0x54 ..\..\..\..\..\..\..\lib\twrk70f120m.kds\debug\bsp\bsp.a(adc_kadc.o)
                0x00016b14                adc_process_all_data
 .text.adc_complete_isr
                0x00016b68       0x3c ..\..\..\..\..\..\..\lib\twrk70f120m.kds\debug\bsp\bsp.a(adc_kadc.o)
 .text.adc_calibrate
                0x00016ba4      0x154 ..\..\..\..\..\..\..\lib\twrk70f120m.kds\debug\bsp\bsp.a(adc_kadc.o)
 .text.adc_get_calibration_data
                0x00016cf8       0xe4 ..\..\..\..\..\..\..\lib\twrk70f120m.kds\debug\bsp\bsp.a(adc_kadc.o)
 .text.adc_set_calibration_data
                0x00016ddc      0x108 ..\..\..\..\..\..\..\lib\twrk70f120m.kds\debug\bsp\bsp.a(adc_kadc.o)
 .text._bsp_get_adc_base_address
                0x00016ee4       0x2c ..\..\..\..\..\..\..\lib\twrk70f120m.kds\debug\bsp\bsp.a(adc_mk70.o)
                0x00016ee4                _bsp_get_adc_base_address
 .text._bsp_get_sai_base_address
                0x00016f10       0x40 ..\..\..\..\..\..\..\lib\twrk70f120m.kds\debug\bsp\bsp.a(sai_mk70.o)
                0x00016f10                _bsp_get_sai_base_address
 .text._bsp_get_sai_tx_vector
                0x00016f50       0x38 ..\..\..\..\..\..\..\lib\twrk70f120m.kds\debug\bsp\bsp.a(sai_mk70.o)
                0x00016f50                _bsp_get_sai_tx_vector
 .text._bsp_get_sai_rx_vector
                0x00016f88       0x38 ..\..\..\..\..\..\..\lib\twrk70f120m.kds\debug\bsp\bsp.a(sai_mk70.o)
                0x00016f88                _bsp_get_sai_rx_vector
 .text._bsp_get_sai_tx_dma_source
                0x00016fc0       0x3c ..\..\..\..\..\..\..\lib\twrk70f120m.kds\debug\bsp\bsp.a(sai_mk70.o)
                0x00016fc0                _bsp_get_sai_tx_dma_source
 .text._bsp_get_sai_rx_dma_source
                0x00016ffc       0x3c ..\..\..\..\..\..\..\lib\twrk70f120m.kds\debug\bsp\bsp.a(sai_mk70.o)
                0x00016ffc                _bsp_get_sai_rx_dma_source
 .text._bsp_get_sai_dma_channel_mask
                0x00017038       0x3c ..\..\..\..\..\..\..\lib\twrk70f120m.kds\debug\bsp\bsp.a(sai_mk70.o)
                0x00017038                _bsp_get_sai_dma_channel_mask
 .text._bsp_get_edma_done_vectors
                0x00017074       0x34 ..\..\..\..\..\..\..\lib\twrk70f120m.kds\debug\bsp\bsp.a(edma_kinetisf.o)
                0x00017074                _bsp_get_edma_done_vectors
 .text._bsp_get_edma_error_vectors
                0x000170a8       0x34 ..\..\..\..\..\..\..\lib\twrk70f120m.kds\debug\bsp\bsp.a(edma_kinetisf.o)
                0x000170a8                _bsp_get_edma_error_vectors
 .text._bsp_edma_enable
                0x000170dc       0x60 ..\..\..\..\..\..\..\lib\twrk70f120m.kds\debug\bsp\bsp.a(edma_kinetisf.o)
                0x000170dc                _bsp_edma_enable
 .text._lwevent_create_internal
                0x0001713c      0x128 ..\..\..\..\..\..\..\lib\twrk70f120m.kds\debug\psp\psp.a(lwevent.o)
                0x0001713c                _lwevent_create_internal
 .text._lwevent_create
                0x00017264       0x20 ..\..\..\..\..\..\..\lib\twrk70f120m.kds\debug\psp\psp.a(lwevent.o)
                0x00017264                _lwevent_create
 .text._lwevent_destroy_internal
                0x00017284      0x174 ..\..\..\..\..\..\..\lib\twrk70f120m.kds\debug\psp\psp.a(lwevent.o)
                0x00017284                _lwevent_destroy_internal
 .text._lwevent_destroy
                0x000173f8       0x1c ..\..\..\..\..\..\..\lib\twrk70f120m.kds\debug\psp\psp.a(lwevent.o)
                0x000173f8                _lwevent_destroy
 .text._lwevent_clear
                0x00017414       0xb4 ..\..\..\..\..\..\..\lib\twrk70f120m.kds\debug\psp\psp.a(lwevent.o)
                0x00017414                _lwevent_clear
 .text._lwevent_get_signalled
                0x000174c8       0x68 ..\..\..\..\..\..\..\lib\twrk70f120m.kds\debug\psp\psp.a(lwevent.o)
                0x000174c8                _lwevent_get_signalled
 .text._lwevent_set
                0x00017530      0x1c4 ..\..\..\..\..\..\..\lib\twrk70f120m.kds\debug\psp\psp.a(lwevent.o)
                0x00017530                _lwevent_set
 .text._lwevent_wait_internal
                0x000176f4      0x158 ..\..\..\..\..\..\..\lib\twrk70f120m.kds\debug\psp\psp.a(lwevent.o)
                0x000176f4                _lwevent_wait_internal
 .text._lwevent_wait_ticks
                0x0001784c       0xc8 ..\..\..\..\..\..\..\lib\twrk70f120m.kds\debug\psp\psp.a(lwevent.o)
                0x0001784c                _lwevent_wait_ticks
 .text._io_dev_install_drvif
                0x00017914      0x164 ..\..\..\..\..\..\..\lib\twrk70f120m.kds\debug\psp\psp.a(io_instx.o)
                0x00017914                _io_dev_install_drvif
 .text._io_dev_install_ext
                0x00017a78       0x44 ..\..\..\..\..\..\..\lib\twrk70f120m.kds\debug\psp\psp.a(io_instx.o)
                0x00017a78                _io_dev_install_ext
 .text._io_dev_install
                0x00017abc       0x44 ..\..\..\..\..\..\..\lib\twrk70f120m.kds\debug\psp\psp.a(io_inst.o)
                0x00017abc                _io_dev_install
 .text._io_init
                0x00017b00       0x38 ..\..\..\..\..\..\..\lib\twrk70f120m.kds\debug\psp\psp.a(io_init.o)
                0x00017b00                _io_init
 .text._io_fopen
                0x00017b38       0xf4 ..\..\..\..\..\..\..\lib\twrk70f120m.kds\debug\psp\psp.a(io_fopen.o)
                0x00017b38                _io_fopen
 .text._psp_int_init
                0x00017c2c       0x28 ..\..\..\..\..\..\..\lib\twrk70f120m.kds\debug\psp\psp.a(psp_iinit.o)
                0x00017c2c                _psp_int_init
 .text._kinetis_mpu_disable
                0x00017c54       0x20 ..\..\..\..\..\..\..\lib\twrk70f120m.kds\debug\psp\psp.a(kinetis_mpu.o)
                0x00017c54                _kinetis_mpu_disable
 .text._int_set_vector_table
                0x00017c74       0x34 ..\..\..\..\..\..\..\lib\twrk70f120m.kds\debug\psp\psp.a(int_vtab.o)
                0x00017c74                _int_set_vector_table
 .text._psp_int_install
                0x00017ca8       0x20 ..\..\..\..\..\..\..\lib\twrk70f120m.kds\debug\psp\psp.a(int_inst.o)
                0x00017ca8                _psp_int_install
 .text._dcache_enable
                0x00017cc8       0x30 ..\..\..\..\..\..\..\lib\twrk70f120m.kds\debug\psp\psp.a(cache.o)
                0x00017cc8                _dcache_enable
 .text._dcache_invalidate_line
                0x00017cf8       0x40 ..\..\..\..\..\..\..\lib\twrk70f120m.kds\debug\psp\psp.a(cache.o)
                0x00017cf8                _dcache_invalidate_line
 .text._dcache_invalidate_mlines
                0x00017d38       0x34 ..\..\..\..\..\..\..\lib\twrk70f120m.kds\debug\psp\psp.a(cache.o)
                0x00017d38                _dcache_invalidate_mlines
 .text._dcache_flush_line
                0x00017d6c       0x40 ..\..\..\..\..\..\..\lib\twrk70f120m.kds\debug\psp\psp.a(cache.o)
                0x00017d6c                _dcache_flush_line
 .text._dcache_flush_mlines
                0x00017dac       0x34 ..\..\..\..\..\..\..\lib\twrk70f120m.kds\debug\psp\psp.a(cache.o)
                0x00017dac                _dcache_flush_mlines
 .text._icache_enable
                0x00017de0       0x2c ..\..\..\..\..\..\..\lib\twrk70f120m.kds\debug\psp\psp.a(cache.o)
                0x00017de0                _icache_enable
 *(.rodata*)
 .rodata        0x00017e0c      0x1ec Sources\gpio.o
 .rodata.MQX_template_list
                0x00017ff8       0x40 Sources\gpio.o
                0x00017ff8                MQX_template_list
 .rodata.gpio_ptr_arr
                0x00018038       0x18 ..\..\..\..\..\..\..\lib\twrk70f120m.kds\debug\bsp\bsp.a(lwgpio_kgpio.o)
 .rodata        0x00018050       0x40 ..\..\..\..\..\..\..\lib\twrk70f120m.kds\debug\psp\psp.a(task.o)
 .rodata.__func__.7897
                0x00018090       0x18 ..\..\..\..\..\..\..\lib\twrk70f120m.kds\debug\psp\psp.a(task.o)
 .rodata._mqx_zero_tick_struct
                0x000180a8        0xc ..\..\..\..\..\..\..\lib\twrk70f120m.kds\debug\psp\psp.a(mqx.o)
                0x000180a8                _mqx_zero_tick_struct
 .rodata._mqx_version_number
                0x000180b4        0x4 ..\..\..\..\..\..\..\lib\twrk70f120m.kds\debug\psp\psp.a(mqx.o)
                0x000180b4                _mqx_version_number
 .rodata        0x000180b8       0x98 ..\..\..\..\..\..\..\lib\twrk70f120m.kds\debug\psp\psp.a(mqx.o)
 .rodata._mqx_vendor
                0x00018150        0x4 ..\..\..\..\..\..\..\lib\twrk70f120m.kds\debug\psp\psp.a(mqx.o)
                0x00018150                _mqx_vendor
 .rodata        0x00018154       0x7c ..\..\..\..\..\..\..\lib\twrk70f120m.kds\debug\psp\psp.a(mem.o)
 .rodata.__func__.7973
                0x000181d0       0x20 ..\..\..\..\..\..\..\lib\twrk70f120m.kds\debug\psp\psp.a(mem.o)
 .rodata        0x000181f0        0x8 ..\..\..\..\..\..\..\lib\twrk70f120m.kds\debug\psp\psp.a(io_dopr.o)
 .rodata.upper_hex_string
                0x000181f8       0x14 ..\..\..\..\..\..\..\lib\twrk70f120m.kds\debug\psp\psp.a(io_dopr.o)
 .rodata.lower_hex_string
                0x0001820c       0x14 ..\..\..\..\..\..\..\lib\twrk70f120m.kds\debug\psp\psp.a(io_dopr.o)
 .rodata.str1.4
                0x00018220        0x4 ..\..\..\..\..\..\..\..\KDS_v3\toolchain\arm-none-eabi\lib\armv7e-m\fpu\libc.a(lib_a-impure.o)
 .rodata._global_impure_ptr
                0x00018224        0x4 ..\..\..\..\..\..\..\..\KDS_v3\toolchain\arm-none-eabi\lib\armv7e-m\fpu\libc.a(lib_a-impure.o)
                0x00018224                _global_impure_ptr
 .rodata        0x00018228        0x8 ..\..\..\..\..\..\..\lib\twrk70f120m.kds\debug\bsp\bsp.a(mqx_init.o)
 .rodata.MQX_init_struct
                0x00018230       0x30 ..\..\..\..\..\..\..\lib\twrk70f120m.kds\debug\bsp\bsp.a(mqx_init.o)
                0x00018230                MQX_init_struct
 .rodata.adc0_conv_table_a.9553
                0x00018260        0x4 ..\..\..\..\..\..\..\lib\twrk70f120m.kds\debug\bsp\bsp.a(init_gpio.o)
 .rodata.adc0_conv_table_bx.9552
                0x00018264       0x1c ..\..\..\..\..\..\..\lib\twrk70f120m.kds\debug\bsp\bsp.a(init_gpio.o)
 .rodata.adc1_conv_table_a.9555
                0x00018280        0x4 ..\..\..\..\..\..\..\lib\twrk70f120m.kds\debug\bsp\bsp.a(init_gpio.o)
 .rodata.adc1_conv_table_bx.9554
                0x00018284       0x1c ..\..\..\..\..\..\..\lib\twrk70f120m.kds\debug\bsp\bsp.a(init_gpio.o)
 .rodata.adc2_conv_table_a.9557
                0x000182a0        0x4 ..\..\..\..\..\..\..\lib\twrk70f120m.kds\debug\bsp\bsp.a(init_gpio.o)
 .rodata.adc2_conv_table_bx.9556
                0x000182a4       0x1c ..\..\..\..\..\..\..\lib\twrk70f120m.kds\debug\bsp\bsp.a(init_gpio.o)
 .rodata.adc3_conv_table_a.9559
                0x000182c0        0x4 ..\..\..\..\..\..\..\lib\twrk70f120m.kds\debug\bsp\bsp.a(init_gpio.o)
 .rodata.adc3_conv_table_bx.9558
                0x000182c4       0x1c ..\..\..\..\..\..\..\lib\twrk70f120m.kds\debug\bsp\bsp.a(init_gpio.o)
 .rodata        0x000182e0       0x30 ..\..\..\..\..\..\..\lib\twrk70f120m.kds\debug\bsp\bsp.a(init_bsp.o)
 .rodata._bsp_pdb_init
                0x00018310       0x10 ..\..\..\..\..\..\..\lib\twrk70f120m.kds\debug\bsp\bsp.a(init_adc.o)
                0x00018310                _bsp_pdb_init
 .rodata._bsp_adc1_init
                0x00018320       0x18 ..\..\..\..\..\..\..\lib\twrk70f120m.kds\debug\bsp\bsp.a(init_adc.o)
                0x00018320                _bsp_adc1_init
 .rodata.MCGTransitionMatrix
                0x00018338       0x1c ..\..\..\..\..\..\..\lib\twrk70f120m.kds\debug\bsp\bsp.a(bsp_cm.o)
 .rodata.PE_CpuClockConfigurations
                0x00018354       0x78 ..\..\..\..\..\..\..\lib\twrk70f120m.kds\debug\bsp\bsp.a(bsp_cm.o)
                0x00018354                PE_CpuClockConfigurations
 .rodata.TRANSMIT_FIFO_SIZE
                0x000183cc        0x8 ..\..\..\..\..\..\..\lib\twrk70f120m.kds\debug\bsp\bsp.a(serl_pol_kuart.o)
 .rodata.RECEIVE_FIFO_SIZE
                0x000183d4        0x8 ..\..\..\..\..\..\..\lib\twrk70f120m.kds\debug\bsp\bsp.a(serl_pol_kuart.o)
 .rodata        0x000183dc       0x10 ..\..\..\..\..\..\..\lib\twrk70f120m.kds\debug\bsp\bsp.a(io_sinit.o)
 .rodata        0x000183ec        0x4 ..\..\..\..\..\..\..\lib\twrk70f120m.kds\debug\bsp\bsp.a(sai_dma.o)
 .rodata.BAUDRATE_MULT
                0x000183f0        0xc ..\..\..\..\..\..\..\lib\twrk70f120m.kds\debug\bsp\bsp.a(i2c_pol_ki2c.o)
 .rodata.BAUDRATE_ICR
                0x000183fc      0x100 ..\..\..\..\..\..\..\lib\twrk70f120m.kds\debug\bsp\bsp.a(i2c_pol_ki2c.o)
 .rodata.systick_devif
                0x000184fc       0x18 ..\..\..\..\..\..\..\lib\twrk70f120m.kds\debug\bsp\bsp.a(hwtimer_systick.o)
                0x000184fc                systick_devif
 .rodata.alignment_tab
                0x00018514       0x10 ..\..\..\..\..\..\..\lib\twrk70f120m.kds\debug\bsp\bsp.a(dma.o)
 .rodata._bsp_sci2_init
                0x00018524       0x24 ..\..\..\..\..\..\..\lib\twrk70f120m.kds\debug\bsp\bsp.a(init_sci.o)
                0x00018524                _bsp_sci2_init
 .rodata        0x00018548        0x8 ..\..\..\..\..\..\..\lib\twrk70f120m.kds\debug\bsp\bsp.a(init_sai.o)
 .rodata._bsp_sai_init
                0x00018550       0x14 ..\..\..\..\..\..\..\lib\twrk70f120m.kds\debug\bsp\bsp.a(init_sai.o)
                0x00018550                _bsp_sai_init
 .rodata._bsp_i2c0_init
                0x00018564       0x14 ..\..\..\..\..\..\..\lib\twrk70f120m.kds\debug\bsp\bsp.a(init_i2c.o)
                0x00018564                _bsp_i2c0_init
 .rodata._bsp_esdhc0_init
                0x00018578        0xc ..\..\..\..\..\..\..\lib\twrk70f120m.kds\debug\bsp\bsp.a(init_esdhc.o)
                0x00018578                _bsp_esdhc0_init
 .rodata._bsp_dma_devif_list
                0x00018584       0x18 ..\..\..\..\..\..\..\lib\twrk70f120m.kds\debug\bsp\bsp.a(init_dma.o)
                0x00018584                _bsp_dma_devif_list
 .rodata.adc_max_frq_table.9720
                0x0001859c       0x20 ..\..\..\..\..\..\..\lib\twrk70f120m.kds\debug\bsp\bsp.a(adc_kadc.o)
 .rodata.edma_done_vectors
                0x000185bc       0x40 ..\..\..\..\..\..\..\lib\twrk70f120m.kds\debug\bsp\bsp.a(edma_kinetisf.o)
 .rodata.edma_error_vectors
                0x000185fc        0x4 ..\..\..\..\..\..\..\lib\twrk70f120m.kds\debug\bsp\bsp.a(edma_kinetisf.o)
 *(.eh_frame)
 *(.eh_frame_hdr)
                0x00018600                . = ALIGN (0x8)
 *crtbegin.o(.ctors)
 *(EXCLUDE_FILE(*crtend.o) .ctors)
 *(SORT(.ctors.*))
 *crtend.o(.ctors)
 *crtbegin.o(.dtors)
 *(EXCLUDE_FILE(*crtend.o) .dtors)
 *(SORT(.dtors.*))
 *crtend.o(.dtors)
                0x00018600                __preinit_array_start = .
 *(.preinit_array*)
                0x00018600                __preinit_array_end = .
                0x00018600                __init_array_start = .
 *(SORT(.init_array.*))
 .init_array.00000
                0x00018600        0x4 ..\..\..\..\..\..\..\..\KDS_v3\toolchain\arm-none-eabi\lib\armv7e-m\fpu\libc.a(lib_a-__call_atexit.o)
 *(.init_array*)
                0x00018604                __init_array_end = .
                0x00018604                __fini_array_start = .
 *(SORT(.fini_array.*))
 *(.fini_array*)
                0x00018604                __fini_array_end = .
                0x00018604                . = ALIGN (0x4)
                0x00018604                __zero_table_start__ = .
                0x00018604        0x4 LONG 0x700004c0 _bss_start
                0x00018608        0x4 LONG 0x16c (_bss_end - _bss_start)
                0x0001860c                __zero_table_end__ = .
                0x0001860c                . = ALIGN (0x4)
                0x0001860c                __copy_table_start__ = .
                0x0001860c        0x4 LONG 0x18620 LOADADDR (.data)
                0x00018610        0x4 LONG 0x70000000 _data_start
                0x00018614        0x4 LONG 0x4bc (_data_end - _data_start)
                0x00018618                __copy_table_end__ = .

.glue_7         0x00018618        0x0
 .glue_7        0x00000000        0x0 linker stubs

.glue_7t        0x00018618        0x0
 .glue_7t       0x00000000        0x0 linker stubs

.vfp11_veneer   0x00018618        0x0
 .vfp11_veneer  0x00000000        0x0 linker stubs

.v4_bx          0x00018618        0x0
 .v4_bx         0x00000000        0x0 linker stubs

.iplt           0x00018618        0x0
 .iplt          0x00000000        0x0 Sources\gpio.o

.ARM.extab
 *(.ARM.extab* .gnu.linkonce.armextab.*)

.ARM            0x00018618        0x8
                0x00018618                __exidx_start = .
 *(.ARM.exidx*)
 .ARM.exidx     0x00018618        0x8 ..\..\..\..\..\..\..\..\KDS_v3\toolchain\lib\gcc\arm-none-eabi\4.8.4\armv7e-m\fpu\libgcc.a(_divdi3.o)
 .ARM.exidx     0x00018620        0x0 ..\..\..\..\..\..\..\..\KDS_v3\toolchain\lib\gcc\arm-none-eabi\4.8.4\armv7e-m\fpu\libgcc.a(_udivdi3.o)
                                  0x8 (size before relaxing)
                0x00018620                __exidx_end = .

.rel.dyn        0x00018620        0x0
 .rel.iplt      0x00000000        0x0 Sources\gpio.o

.data           0x70000000      0x4bc load address 0x00018620
                0x70000000                . = ALIGN (0x80)
                0x70000000                _data_start = .
                0x70000000                __VECTOR_TABLE_RAM_START = .
 *(.vectors_ram)
 *(.data*)
 .data.pcr_reg_arr
                0x70000000       0x18 ..\..\..\..\..\..\..\lib\twrk70f120m.kds\debug\bsp\bsp.a(lwgpio_kgpio.o)
                0x70000000                pcr_reg_arr
 .data._mqx_kernel_data
                0x70000018        0x4 ..\..\..\..\..\..\..\lib\twrk70f120m.kds\debug\psp\psp.a(mqx.o)
                0x70000018                _mqx_kernel_data
 *fill*         0x7000001c        0x4 
 .data.impure_data
                0x70000020      0x428 ..\..\..\..\..\..\..\..\KDS_v3\toolchain\arm-none-eabi\lib\armv7e-m\fpu\libc.a(lib_a-impure.o)
 .data._bsp_audio_data_init
                0x70000448        0xc ..\..\..\..\..\..\..\lib\twrk70f120m.kds\debug\bsp\bsp.a(init_sai.o)
                0x70000448                _bsp_audio_data_init
 .data._bsp_ksai_init
                0x70000454       0x1c ..\..\..\..\..\..\..\lib\twrk70f120m.kds\debug\bsp\bsp.a(init_sai.o)
                0x70000454                _bsp_ksai_init
 .data.edma_devif
                0x70000470       0x2c ..\..\..\..\..\..\..\lib\twrk70f120m.kds\debug\bsp\bsp.a(edma.o)
                0x70000470                edma_devif
 .data.edma_base_tab
                0x7000049c        0x4 ..\..\..\..\..\..\..\lib\twrk70f120m.kds\debug\bsp\bsp.a(edma.o)
 .data.dmamux_base_tab
                0x700004a0        0x8 ..\..\..\..\..\..\..\lib\twrk70f120m.kds\debug\bsp\bsp.a(edma.o)
 .data.pdb_external
                0x700004a8        0x4 ..\..\..\..\..\..\..\lib\twrk70f120m.kds\debug\bsp\bsp.a(adt_kpdb.o)
 .data.adc_address
                0x700004ac       0x10 ..\..\..\..\..\..\..\lib\twrk70f120m.kds\debug\bsp\bsp.a(adc_mk70.o)
                0x700004bc                . = ALIGN (0x4)
                0x700004bc                _data_end = .

.igot.plt       0x700004bc        0x0 load address 0x00018adc
 .igot.plt      0x00000000        0x0 Sources\gpio.o

.rom_end_data   0x00018adc        0x0
                0x00018adc                _rom_data_end = .

.bss            0x700004c0      0x16c
                0x700004c0                . = ALIGN (0x4)
                0x700004c0                _bss_start = .
 *(.bss*)
 .bss.heuristic.7829
                0x700004c0        0x4 ..\..\..\..\..\..\..\lib\twrk70f120m.kds\debug\psp\psp.a(psp_mstiq.o)
 .bss.ms_per_tick.7828
                0x700004c4        0x4 ..\..\..\..\..\..\..\lib\twrk70f120m.kds\debug\psp\psp.a(psp_mstiq.o)
 .bss.ClockConfigurationID
                0x700004c8        0x1 ..\..\..\..\..\..\..\lib\twrk70f120m.kds\debug\bsp\bsp.a(bsp_cm.o)
 *fill*         0x700004c9        0x3 
 .bss.alarm_time
                0x700004cc        0x4 ..\..\..\..\..\..\..\lib\twrk70f120m.kds\debug\bsp\bsp.a(krtc.o)
 .bss.alarm_period
                0x700004d0        0x4 ..\..\..\..\..\..\..\lib\twrk70f120m.kds\debug\bsp\bsp.a(krtc.o)
 .bss.devif_list
                0x700004d4        0x4 ..\..\..\..\..\..\..\lib\twrk70f120m.kds\debug\bsp\bsp.a(dma.o)
 .bss.devif_list_count
                0x700004d8        0x4 ..\..\..\..\..\..\..\lib\twrk70f120m.kds\debug\bsp\bsp.a(dma.o)
 .bss.edma_channel_context
                0x700004dc       0x80 ..\..\..\..\..\..\..\lib\twrk70f120m.kds\debug\bsp\bsp.a(edma.o)
 .bss.pdb_internal
                0x7000055c       0x34 ..\..\..\..\..\..\..\lib\twrk70f120m.kds\debug\bsp\bsp.a(adt_kpdb.o)
 .bss.adc_internal
                0x70000590       0x24 ..\..\..\..\..\..\..\lib\twrk70f120m.kds\debug\bsp\bsp.a(adc_kadc.o)
 *(COMMON)
 COMMON         0x700005b4       0x1c Sources\gpio.o
                0x700005b4                lwsem
 COMMON         0x700005d0       0x10 ..\..\..\..\..\..\..\lib\twrk70f120m.kds\debug\psp\psp.a(mqx.o)
                0x700005d0                _mqx_system_stack
                0x700005d4                _sleep_p3_loop_ram
                0x700005d8                _sleep_p3_ram
                0x700005dc                _sleep_p3_wfi_ram
 COMMON         0x700005e0       0x48 ..\..\..\..\..\..\..\lib\twrk70f120m.kds\debug\bsp\bsp.a(init_bsp.o)
                0x700005e0                _BSP_sram_pool
                0x700005e8                systimer
 COMMON         0x70000628        0x4 ..\..\..\..\..\..\..\lib\twrk70f120m.kds\debug\bsp\bsp.a(adc_kadc.o)
                0x70000628                adc_bundle
                0x7000062c                . = ALIGN (0x4)
                0x7000062c                _bss_end = .

.kernel_data    0x7000062c        0x4
                0x70000630                . = ALIGN (0x10)
 *fill*         0x7000062c        0x4 
                0x70000630                __KERNEL_DATA_START = .

.end_of_kernel_data
                0x77fffff0        0x0
                0x77fffff0                __KERNEL_DATA_END = .
                0x77fffff0                __KERNEL_AREA_END = .

.boot_stack     0x2000fa00        0x0
                0x2000fa00                _stack_end = .

.end_of_boot_stack
                0x2000fc00        0x0
                0x2000fc00                __BOOT_STACK_ADDRESS = .

.sram_data      0x1fff0000        0x0
                0x1fff0000                . = ALIGN (0x200)
                0x1fff0000                __BDT_BASE = .
 *(.usb_bdt)
                0x1fff0000                __BDT_END = .
                0x1fff0000                __SRAM_POOL = .
                0x1fff0000                __UNCACHED_DATA_START = .
                0x00018adc                _flashx_start = _rom_data_end
                0x00019000                __FLASHX_START_ADDR = ((((_flashx_start + __FLASHX_SECT_SIZE) - 0x1) / __FLASHX_SECT_SIZE) * __FLASHX_SECT_SIZE)
                0x00100000                __FLASHX_END_ADDR = (__INTERNAL_FLASH_BASE + __INTERNAL_FLASH_SIZE)
OUTPUT(gpio.elf elf32-littlearm)

.debug_info     0x00000000    0x3cb5d
 .debug_info    0x00000000      0x4a4 Sources\gpio.o