Archive member included because of file (symbol)

..\..\..\..\..\..\..\lib\twrk70f120m.kds\debug\bsp\bsp.a(vectors.o)
                              (_cfm)
..\..\..\..\..\..\..\lib\twrk70f120m.kds\debug\psp\psp.a(io_pntf.o)
                              Sources\hello.o (_io_printf)
..\..\..\..\..\..\..\lib\twrk70f120m.kds\debug\psp\psp.a(io_fputc.o)
                              ..\..\..\..\..\..\..\lib\twrk70f120m.kds\debug\psp\psp.a(io_pntf.o) (_io_fputc)
..\..\..\..\..\..\..\lib\twrk70f120m.kds\debug\psp\psp.a(io_dopr.o)
                              ..\..\..\..\..\..\..\lib\twrk70f120m.kds\debug\psp\psp.a(io_pntf.o) (_io_doprint)
..\..\..\..\..\..\..\lib\twrk70f120m.kds\debug\psp\psp.a(dispatch.o)
                              Sources\hello.o (_task_block)
..\..\..\..\..\..\..\lib\twrk70f120m.kds\debug\psp\psp.a(boot.o)
                              (__boot)
..\..\..\..\..\..\..\lib\twrk70f120m.kds\debug\psp\psp.a(mqx.o)
                              ..\..\..\..\..\..\..\lib\twrk70f120m.kds\debug\psp\psp.a(dispatch.o) (_mqx_kernel_data)
..\..\..\..\..\..\..\lib\twrk70f120m.kds\debug\psp\psp.a(mem.o)
                              ..\..\..\..\..\..\..\lib\twrk70f120m.kds\debug\psp\psp.a(mqx.o) (_mem_alloc_uncached)
..\..\..\..\..\..\..\lib\twrk70f120m.kds\debug\psp\psp.a(lwsem.o)
                              ..\..\..\..\..\..\..\lib\twrk70f120m.kds\debug\psp\psp.a(mqx.o) (_lwsem_create)
..\..\..\..\..\..\..\lib\twrk70f120m.kds\debug\psp\psp.a(klog.o)
                              ..\..\..\..\..\..\..\lib\twrk70f120m.kds\debug\psp\psp.a(mqx.o) (_klog_log)
..\..\..\..\..\..\..\lib\twrk70f120m.kds\debug\psp\psp.a(int.o)
                              ..\..\..\..\..\..\..\lib\twrk70f120m.kds\debug\psp\psp.a(mqx.o) (_int_disable)
..\..\..\..\..\..\..\lib\twrk70f120m.kds\debug\psp\psp.a(inittask.o)
                              ..\..\..\..\..\..\..\lib\twrk70f120m.kds\debug\psp\psp.a(mqx.o) (_mqx_init_task)
..\..\..\..\..\..\..\lib\twrk70f120m.kds\debug\psp\psp.a(idletask.o)
                              ..\..\..\..\..\..\..\lib\twrk70f120m.kds\debug\psp\psp.a(mqx.o) (_mqx_idle_task)
..\..\..\..\..\..\..\lib\twrk70f120m.kds\debug\psp\psp.a(io_ghand.o)
                              ..\..\..\..\..\..\..\lib\twrk70f120m.kds\debug\psp\psp.a(io_pntf.o) (_io_get_handle)
..\..\..\..\..\..\..\lib\twrk70f120m.kds\debug\psp\psp.a(io_fp.o)
                              ..\..\..\..\..\..\..\lib\twrk70f120m.kds\debug\psp\psp.a(io_dopr.o) (_io_dtoe)
..\..\..\..\..\..\..\lib\twrk70f120m.kds\debug\psp\psp.a(sc_irdyq.o)
                              ..\..\..\..\..\..\..\lib\twrk70f120m.kds\debug\psp\psp.a(mqx.o) (_psp_set_kernel_disable_level)
..\..\..\..\..\..\..\lib\twrk70f120m.kds\debug\psp\psp.a(psp_tipr.o)
                              ..\..\..\..\..\..\..\lib\twrk70f120m.kds\debug\psp\psp.a(klog.o) (_psp_print_ticks)
..\..\..\..\..\..\..\lib\twrk70f120m.kds\debug\psp\psp.a(psp_tiad.o)
                              ..\..\..\..\..\..\..\lib\twrk70f120m.kds\debug\psp\psp.a(lwsem.o) (_psp_add_ticks)
..\..\..\..\..\..\..\lib\twrk70f120m.kds\debug\psp\psp.a(k_assert.o)
                              ..\..\..\..\..\..\..\lib\twrk70f120m.kds\debug\psp\psp.a(mem.o) (_mqx_assert)
..\..\..\..\..\..\..\lib\twrk70f120m.kds\debug\psp\psp.a(int_xcpt.o)
                              ..\..\..\..\..\..\..\lib\twrk70f120m.kds\debug\psp\psp.a(int.o) (_int_exception_isr)
..\..\..\..\..\..\..\lib\twrk70f120m.kds\debug\psp\psp.a(int_unx.o)
                              ..\..\..\..\..\..\..\lib\twrk70f120m.kds\debug\psp\psp.a(int.o) (_int_unexpected_isr)
..\..\..\..\..\..\..\lib\twrk70f120m.kds\debug\psp\psp.a(comp.o)
                              ..\..\..\..\..\..\..\lib\twrk70f120m.kds\debug\psp\psp.a(boot.o) (toolchain_startup)
..\..\..\..\..\..\..\lib\twrk70f120m.kds\debug\psp\psp.a(time.o)
                              ..\..\..\..\..\..\..\lib\twrk70f120m.kds\debug\psp\psp.a(lwsem.o) (_time_delay_internal)
..\..\..\..\..\..\..\lib\twrk70f120m.kds\debug\psp\psp.a(task.o)
                              ..\..\..\..\..\..\..\lib\twrk70f120m.kds\debug\psp\psp.a(mem.o) (_task_get_td)
..\..\..\..\..\..\..\lib\twrk70f120m.kds\debug\psp\psp.a(sched.o)
                              ..\..\..\..\..\..\..\lib\twrk70f120m.kds\debug\psp\psp.a(time.o) (_sched_yield)
..\..\..\..\..\..\..\lib\twrk70f120m.kds\debug\psp\psp.a(queue.o)
                              ..\..\..\..\..\..\..\lib\twrk70f120m.kds\debug\psp\psp.a(mqx.o) (_queue_init)
..\..\..\..\..\..\..\lib\twrk70f120m.kds\debug\psp\psp.a(lwlog.o)
                              ..\..\..\..\..\..\..\lib\twrk70f120m.kds\debug\psp\psp.a(klog.o) (_lwlog_create_at)
..\..\..\..\..\..\..\lib\twrk70f120m.kds\debug\psp\psp.a(stack_st.o)
                              ..\..\..\..\..\..\..\lib\twrk70f120m.kds\debug\psp\psp.a(task.o) (_psp_get_stack_start)
..\..\..\..\..\..\..\lib\twrk70f120m.kds\debug\psp\psp.a(stack_de.o)
[...]
Memory Configuration

Name             Origin             Length             Attributes
vectorrom        0x00000000         0x00000400         xr
cfmprotrom       0x00000400         0x00000020         r
rom              0x00000420         0x000ffbe0         xr
ram              0x70000000         0x08000000         rw
sram             0x1fff0000         0x00020000         rw
end_of_kd        0x77fffff0         0x00000000         rw
bstack           0x2000fa00         0x00000200         rw
end_bstack       0x2000fc00         0x00000000         rw
*default*        0x00000000         0xffffffff

Linker script and memory map

START GROUP
LOAD Sources\hello.o
LOAD ..\..\..\..\..\..\..\lib\twrk70f120m.kds\debug\bsp\bsp.a
LOAD ..\..\..\..\..\..\..\lib\twrk70f120m.kds\debug\psp\psp.a
LOAD ..\..\..\..\..\..\..\..\KDS_v3\toolchain\lib\gcc\arm-none-eabi\4.8.4\armv7e-m\fpu\libgcc.a
LOAD ..\..\..\..\..\..\..\..\KDS_v3\toolchain\arm-none-eabi\lib\armv7e-m\fpu\libc.a
LOAD ..\..\..\..\..\..\..\..\KDS_v3\toolchain\arm-none-eabi\lib\armv7e-m\fpu\libsupc++.a
LOAD ..\..\..\..\..\..\..\..\KDS_v3\toolchain\arm-none-eabi\lib\armv7e-m\fpu\libm.a
LOAD ..\..\..\..\..\..\..\..\KDS_v3\toolchain\arm-none-eabi\lib\armv7e-m\fpu\libnosys.a
END GROUP
                0x1fff0000                __INTERNAL_SRAM_BASE = 0x1fff0000
                0x00020000                __INTERNAL_SRAM_SIZE = 0x20000
                0x00000000                __INTERNAL_FLASH_BASE = 0x0
                0x00100000                __INTERNAL_FLASH_SIZE = 0x100000
                0x00000000                __INTERNAL_FLEXNVM_BASE = 0x0
                0x00000000                __INTERNAL_FLEXNVM_SIZE = 0x0
                0x2000fff0                __UNCACHED_DATA_END = 0x2000fff0
                0xa0000000                __EXTERNAL_MRAM_BASE = 0xa0000000
                0x00080000                __EXTERNAL_MRAM_SIZE = 0x80000
                0xa0000000                __EXTERNAL_MRAM_ROM_BASE = 0xa0000000
                0x00000000                __EXTERNAL_MRAM_ROM_SIZE = 0x0
                0xa0000000                __EXTERNAL_MRAM_RAM_BASE = 0xa0000000
                0x00080000                __EXTERNAL_MRAM_RAM_SIZE = 0x80000
                0x70000000                __EXTERNAL_DDR2_RAM_BASE = 0x70000000
                0x08000000                __EXTERNAL_DDR2_RAM_SIZE = 0x8000000
                0xa0000000                __EXTERNAL_LCD_BASE = 0xa0000000
                0x0001ffff                __EXTERNAL_LCD_SIZE = 0x1ffff
                0xa0010000                __EXTERNAL_LCD_DC_BASE = 0xa0010000
                0x00000001                __DEFAULT_PROCESSOR_NUMBER = 0x1
                0x00000400                __DEFAULT_INTERRUPT_STACK_SIZE = 0x400
                0x00000000                __KERNEL_DATA_VERIFY_ENABLE = 0x0
                0x00001000                __FLASHX_SECT_SIZE = 0x1000

.vectors        0x00000000      0x400
                0x00000000                __vector_table = .
                0x00000000                __VECTOR_TABLE_ROM_START = __vector_table
 *(.vectors_rom)
 .vectors_rom   0x00000000      0x400 ..\..\..\..\..\..\..\lib\twrk70f120m.kds\debug\bsp\bsp.a(vectors.o)
                0x00000400                . = ALIGN (0x4)

.cfmprotect     0x00000400       0x10
 *(.cfmconfig)
 .cfmconfig     0x00000400       0x10 ..\..\..\..\..\..\..\lib\twrk70f120m.kds\debug\bsp\bsp.a(vectors.o)
                0x00000400                _cfm
                0x00000410                . = ALIGN (0x4)

.text           0x00000420    0x17978
 *(KERNEL)
 KERNEL         0x00000420      0x3ec ..\..\..\..\..\..\..\lib\twrk70f120m.kds\debug\psp\psp.a(dispatch.o)
                0x00000420                _sched_start_internal
                0x00000424                _sched_run_internal
                0x0000042a                _sched_check_scheduler_internal
                0x00000448                _sched_execute_scheduler_internal
                0x0000044c                _mqx_api_call
                0x00000450                _task_block
                0x00000454                _svc_handler
                0x000004ee                _pend_svc
                0x000005da                _int_kernel_isr
                0x000006d0                _psp_exception_return
                0x0000070c                _psp_save_fp_context_internal
                0x00000740                _mem_test_and_set
                0x0000075e                __get_PSP
                0x00000764                __get_MSP
                0x0000076a                __set_MSP
                0x00000770                __get_PSR
                0x00000776                __enable_interrupt
                0x0000077a                __disable_interrupt
                0x0000077e                __get_LR
                0x00000782                __get_PC
                0x00000786                __get_CONTROL
                0x0000078c                _sleep_p3_start
                0x00000794                _sleep_p3
                0x00000796                _sleep_p3_loop
                0x000007cc                _sleep_p3_wfi
                0x000007e2                _sleep_p3_end
 *(.text*)
 .text.hello_task
                0x0000080c       0x1c Sources\hello.o
                0x0000080c                hello_task
 .text._io_printf
                0x00000828       0x40 ..\..\..\..\..\..\..\lib\twrk70f120m.kds\debug\psp\psp.a(io_pntf.o)
                0x00000828                _io_printf
 .text._io_fputc
                0x00000868       0x5c ..\..\..\..\..\..\..\lib\twrk70f120m.kds\debug\psp\psp.a(io_fputc.o)
                0x00000868                _io_fputc
 .text._io_mputc
                0x000008c4       0x5c ..\..\..\..\..\..\..\lib\twrk70f120m.kds\debug\psp\psp.a(io_dopr.o)
 .text._io_putstr
                0x00000920       0x7c ..\..\..\..\..\..\..\lib\twrk70f120m.kds\debug\psp\psp.a(io_dopr.o)
 *fill*         0x0000099c        0x4 
 .text._io_doprint
                0x000009a0     0x14f0 ..\..\..\..\..\..\..\lib\twrk70f120m.kds\debug\psp\psp.a(io_dopr.o)
                0x000009a0                _io_doprint
 .text._io_doprint_prt
                0x00001e90      0x128 ..\..\..\..\..\..\..\lib\twrk70f120m.kds\debug\psp\psp.a(io_dopr.o)
                0x00001e90                _io_doprint_prt
 .text._io_doprint_prt64
                0x00001fb8      0x16c ..\..\..\..\..\..\..\lib\twrk70f120m.kds\debug\psp\psp.a(io_dopr.o)
                0x00001fb8                _io_doprint_prt64
 .text          0x00002124       0x60 ..\..\..\..\..\..\..\lib\twrk70f120m.kds\debug\psp\psp.a(boot.o)
                0x00002124                __boot
 .text._mqx     0x00002184      0x2b0 ..\..\..\..\..\..\..\lib\twrk70f120m.kds\debug\psp\psp.a(mqx.o)
                0x00002184                _mqx
 .text._mqx_exit
                0x00002434       0x40 ..\..\..\..\..\..\..\lib\twrk70f120m.kds\debug\psp\psp.a(mqx.o)
                0x00002434                _mqx_exit
 .text._mqx_context_switch_internal
                0x00002474       0xc0 ..\..\..\..\..\..\..\lib\twrk70f120m.kds\debug\psp\psp.a(mqx.o)
                0x00002474                _mqx_context_switch_internal
 .text._mqx_set_cpu_type
                0x00002534       0x24 ..\..\..\..\..\..\..\lib\twrk70f120m.kds\debug\psp\psp.a(mqx.o)
                0x00002534                _mqx_set_cpu_type
 .text._mqx_init_kernel_data_internal
                0x00002558      0x17c ..\..\..\..\..\..\..\lib\twrk70f120m.kds\debug\psp\psp.a(mqx.o)
                0x00002558                _mqx_init_kernel_data_internal
 .text._mem_alloc
                0x000026d4       0xa4 ..\..\..\..\..\..\..\lib\twrk70f120m.kds\debug\psp\psp.a(mem.o)
                0x000026d4                _mem_alloc
 .text._mem_alloc_at
                0x00002778       0xa8 ..\..\..\..\..\..\..\lib\twrk70f120m.kds\debug\psp\psp.a(mem.o)
                0x00002778                _mem_alloc_at
 .text._mem_alloc_uncached
                0x00002820       0x2c ..\..\..\..\..\..\..\lib\twrk70f120m.kds\debug\psp\psp.a(mem.o)
                0x00002820                _mem_alloc_uncached
 .text._mem_alloc_from
                0x0000284c       0x9c ..\..\..\..\..\..\..\lib\twrk70f120m.kds\debug\psp\psp.a(mem.o)
                0x0000284c                _mem_alloc_from
 .text._mem_alloc_zero
                0x000028e8       0xb4 ..\..\..\..\..\..\..\lib\twrk70f120m.kds\debug\psp\psp.a(mem.o)
                0x000028e8                _mem_alloc_zero
 .text._mem_create_pool_internal
                0x0000299c      0x168 ..\..\..\..\..\..\..\lib\twrk70f120m.kds\debug\psp\psp.a(mem.o)
                0x0000299c                _mem_create_pool_internal
 .text._mem_create_pool
                0x00002b04       0xdc ..\..\..\..\..\..\..\lib\twrk70f120m.kds\debug\psp\psp.a(mem.o)
                0x00002b04                _mem_create_pool
 .text._mem_free
                0x00002be0      0x324 ..\..\..\..\..\..\..\lib\twrk70f120m.kds\debug\psp\psp.a(mem.o)
                0x00002be0                _mem_free
 .text._mem_check_coalesce_internal
                0x00002f04      0x15c ..\..\..\..\..\..\..\lib\twrk70f120m.kds\debug\psp\psp.a(mem.o)
                0x00002f04                _mem_check_coalesce_internal
 .text._mem_alloc_system
                0x00003060       0xa4 ..\..\..\..\..\..\..\lib\twrk70f120m.kds\debug\psp\psp.a(mem.o)
                0x00003060                _mem_alloc_system
 .text._mem_alloc_system_align
                0x00003104       0xac ..\..\..\..\..\..\..\lib\twrk70f120m.kds\debug\psp\psp.a(mem.o)
                0x00003104                _mem_alloc_system_align
 .text._mem_init_internal
                0x000031b0       0xc4 ..\..\..\..\..\..\..\lib\twrk70f120m.kds\debug\psp\psp.a(mem.o)
                0x000031b0                _mem_init_internal
 .text._mem_get_next_block_internal
                0x00003274       0x2c ..\..\..\..\..\..\..\lib\twrk70f120m.kds\debug\psp\psp.a(mem.o)
                0x00003274                _mem_get_next_block_internal
 .text._mem_get_system_pool_id
                0x000032a0       0x18 ..\..\..\..\..\..\..\lib\twrk70f120m.kds\debug\psp\psp.a(mem.o)
                0x000032a0                _mem_get_system_pool_id
 .text._mem_set_type
                0x000032b8       0x50 ..\..\..\..\..\..\..\lib\twrk70f120m.kds\debug\psp\psp.a(mem.o)
                0x000032b8                _mem_set_type
 .text._mem_transfer_internal
                0x00003308       0x60 ..\..\..\..\..\..\..\lib\twrk70f120m.kds\debug\psp\psp.a(mem.o)
                0x00003308                _mem_transfer_internal
 .text._mem_transfer_td_internal
                0x00003368       0x80 ..\..\..\..\..\..\..\lib\twrk70f120m.kds\debug\psp\psp.a(mem.o)
                0x00003368                _mem_transfer_td_internal
 .text._mem_alloc_system_zero
                0x000033e8       0xb4 ..\..\..\..\..\..\..\lib\twrk70f120m.kds\debug\psp\psp.a(mem.o)
                0x000033e8                _mem_alloc_system_zero
 .text._mem_alloc_system_zero_uncached
                0x0000349c       0x6c ..\..\..\..\..\..\..\lib\twrk70f120m.kds\debug\psp\psp.a(mem.o)
                0x0000349c                _mem_alloc_system_zero_uncached
 .text._mem_alloc_internal
                0x00003508      0x264 ..\..\..\..\..\..\..\lib\twrk70f120m.kds\debug\psp\psp.a(mem.o)
                0x00003508                _mem_alloc_internal
 .text._mem_alloc_at_internal
                0x0000376c      0x354 ..\..\..\..\..\..\..\lib\twrk70f120m.kds\debug\psp\psp.a(mem.o)
                0x0000376c                _mem_alloc_at_internal
 .text._mem_alloc_internal_align
                0x00003ac0      0x2ec ..\..\..\..\..\..\..\lib\twrk70f120m.kds\debug\psp\psp.a(mem.o)
                0x00003ac0                _mem_alloc_internal_align
 .text._lwsem_create_internal
                0x00003dac       0xf8 ..\..\..\..\..\..\..\lib\twrk70f120m.kds\debug\psp\psp.a(lwsem.o)
                0x00003dac                _lwsem_create_internal
 .text._lwsem_create
                0x00003ea4       0x20 ..\..\..\..\..\..\..\lib\twrk70f120m.kds\debug\psp\psp.a(lwsem.o)
                0x00003ea4                _lwsem_create
 .text._lwsem_destroy_internal
                0x00003ec4      0x168 ..\..\..\..\..\..\..\lib\twrk70f120m.kds\debug\psp\psp.a(lwsem.o)
                0x00003ec4                _lwsem_destroy_internal
 .text._lwsem_destroy
                0x0000402c       0x1c ..\..\..\..\..\..\..\lib\twrk70f120m.kds\debug\psp\psp.a(lwsem.o)
                0x0000402c                _lwsem_destroy
 .text._lwsem_post
                0x00004048      0x128 ..\..\..\..\..\..\..\lib\twrk70f120m.kds\debug\psp\psp.a(lwsem.o)
                0x00004048                _lwsem_post
 .text._lwsem_wait
                0x00004170      0x154 ..\..\..\..\..\..\..\lib\twrk70f120m.kds\debug\psp\psp.a(lwsem.o)
                0x00004170                _lwsem_wait
 .text._klog_log
                0x000042c4       0xa8 ..\..\..\..\..\..\..\lib\twrk70f120m.kds\debug\psp\psp.a(klog.o)
                0x000042c4                _klog_log
 .text._klog_block_internal
                0x0000436c       0x80 ..\..\..\..\..\..\..\lib\twrk70f120m.kds\debug\psp\psp.a(klog.o)
                0x0000436c                _klog_block_internal
 .text._klog_yield_internal
                0x000043ec       0x80 ..\..\..\..\..\..\..\lib\twrk70f120m.kds\debug\psp\psp.a(klog.o)
                0x000043ec                _klog_yield_internal
 .text._klog_context_switch_internal
                0x0000446c       0x84 ..\..\..\..\..\..\..\lib\twrk70f120m.kds\debug\psp\psp.a(klog.o)
                0x0000446c                _klog_context_switch_internal
 .text._klog_isr_start_internal
                0x000044f0       0x74 ..\..\..\..\..\..\..\lib\twrk70f120m.kds\debug\psp\psp.a(klog.o)
                0x000044f0                _klog_isr_start_internal
 .text._klog_isr_end_internal
                0x00004564       0x64 ..\..\..\..\..\..\..\lib\twrk70f120m.kds\debug\psp\psp.a(klog.o)
                0x00004564                _klog_isr_end_internal
 .text._int_default_isr
                0x000045c8       0x80 ..\..\..\..\..\..\..\lib\twrk70f120m.kds\debug\psp\psp.a(int.o)
                0x000045c8                _int_default_isr
 .text._int_disable
                0x00004648       0x38 ..\..\..\..\..\..\..\lib\twrk70f120m.kds\debug\psp\psp.a(int.o)
                0x00004648                _int_disable
 .text._int_enable
                0x00004680       0x50 ..\..\..\..\..\..\..\lib\twrk70f120m.kds\debug\psp\psp.a(int.o)
                0x00004680                _int_enable
 .text._int_get_default_isr
                0x000046d0       0x20 ..\..\..\..\..\..\..\lib\twrk70f120m.kds\debug\psp\psp.a(int.o)
                0x000046d0                _int_get_default_isr
 .text._int_get_isr
                0x000046f0       0x94 ..\..\..\..\..\..\..\lib\twrk70f120m.kds\debug\psp\psp.a(int.o)
                0x000046f0                _int_get_isr
 .text._int_get_isr_data
                0x00004784       0x90 ..\..\..\..\..\..\..\lib\twrk70f120m.kds\debug\psp\psp.a(int.o)
                0x00004784                _int_get_isr_data
 .text._int_install_isr
                0x00004814      0x18c ..\..\..\..\..\..\..\lib\twrk70f120m.kds\debug\psp\psp.a(int.o)
                0x00004814                _int_install_isr
 .text._int_init
                0x000049a0       0xa8 ..\..\..\..\..\..\..\lib\twrk70f120m.kds\debug\psp\psp.a(int.o)
                0x000049a0                _int_init
 .text._bsp_post_init
                0x00004a48       0x10 ..\..\..\..\..\..\..\lib\twrk70f120m.kds\debug\psp\psp.a(inittask.o)
                0x00004a48                _bsp_post_init
 .text._mqx_init_task
                0x00004a58       0x94 ..\..\..\..\..\..\..\lib\twrk70f120m.kds\debug\psp\psp.a(inittask.o)
                0x00004a58                _mqx_init_task
 .text._mqx_idle_task
                0x00004aec       0x60 ..\..\..\..\..\..\..\lib\twrk70f120m.kds\debug\psp\psp.a(idletask.o)
                0x00004aec                _mqx_idle_task
 .text._io_get_handle
                0x00004b4c       0x68 ..\..\..\..\..\..\..\lib\twrk70f120m.kds\debug\psp\psp.a(io_ghand.o)
                0x00004b4c                _io_get_handle
 *fill*         0x00004bb4        0x4 
 .text._io_cvt  0x00004bb8      0x3e0 ..\..\..\..\..\..\..\lib\twrk70f120m.kds\debug\psp\psp.a(io_fp.o)
                0x00004bb8                _io_cvt
 .text._io_inf_or_nan
                0x00004f98       0xf0 ..\..\..\..\..\..\..\lib\twrk70f120m.kds\debug\psp\psp.a(io_fp.o)
 .text._io_dtoa
                0x00005088       0x90 ..\..\..\..\..\..\..\lib\twrk70f120m.kds\debug\psp\psp.a(io_fp.o)
                0x00005088                _io_dtoa
 .text._io_dtoe
                0x00005118      0x1c8 ..\..\..\..\..\..\..\lib\twrk70f120m.kds\debug\psp\psp.a(io_fp.o)
                0x00005118                _io_dtoe
 .text._io_dtof
                0x000052e0      0x218 ..\..\..\..\..\..\..\lib\twrk70f120m.kds\debug\psp\psp.a(io_fp.o)
                0x000052e0                _io_dtof
 .text._io_dtog
                0x000054f8      0x4a8 ..\..\..\..\..\..\..\lib\twrk70f120m.kds\debug\psp\psp.a(io_fp.o)
                0x000054f8                _io_dtog
 .text._psp_set_kernel_disable_level
                0x000059a0       0xa8 ..\..\..\..\..\..\..\lib\twrk70f120m.kds\debug\psp\psp.a(sc_irdyq.o)
                0x000059a0                _psp_set_kernel_disable_level
 .text._psp_init_readyqs
                0x00005a48       0xbc ..\..\..\..\..\..\..\lib\twrk70f120m.kds\debug\psp\psp.a(sc_irdyq.o)
                0x00005a48                _psp_init_readyqs
 .text._psp_add_ticks
                0x00005b04       0x68 ..\..\..\..\..\..\..\lib\twrk70f120m.kds\debug\psp\psp.a(psp_tiad.o)
                0x00005b04                _psp_add_ticks
 .text._mqx_assert
                0x00005b6c       0x14 ..\..\..\..\..\..\..\lib\twrk70f120m.kds\debug\psp\psp.a(k_assert.o)
                0x00005b6c                _mqx_assert
 .text._init    0x00005b80        0xc ..\..\..\..\..\..\..\lib\twrk70f120m.kds\debug\psp\psp.a(comp.o)
                0x00005b80                _init
 .text._fini    0x00005b8c        0xc ..\..\..\..\..\..\..\lib\twrk70f120m.kds\debug\psp\psp.a(comp.o)
                0x00005b8c                _fini
 .text.malloc   0x00005b98       0x18 ..\..\..\..\..\..\..\lib\twrk70f120m.kds\debug\psp\psp.a(comp.o)
                0x00005b98                malloc
 .text.free     0x00005bb0       0x14 ..\..\..\..\..\..\..\lib\twrk70f120m.kds\debug\psp\psp.a(comp.o)
                0x00005bb0                free
 .text.data_startup
                0x00005bc4       0xa0 ..\..\..\..\..\..\..\lib\twrk70f120m.kds\debug\psp\psp.a(comp.o)
                0x00005bc4                data_startup
 .text.toolchain_startup
                0x00005c64       0x28 ..\..\..\..\..\..\..\lib\twrk70f120m.kds\debug\psp\psp.a(comp.o)
                0x00005c64                toolchain_startup
 .text._exit    0x00005c8c        0xc ..\..\..\..\..\..\..\lib\twrk70f120m.kds\debug\psp\psp.a(comp.o)
                0x00005c8c                _exit
 .text._time_delay
                0x00005c98       0xfc ..\..\..\..\..\..\..\lib\twrk70f120m.kds\debug\psp\psp.a(time.o)
                0x00005c98                _time_delay
 .text._time_delay_for
                0x00005d94       0xd8 ..\..\..\..\..\..\..\lib\twrk70f120m.kds\debug\psp\psp.a(time.o)
                0x00005d94                _time_delay_for
 .text._time_delay_internal
                0x00005e6c       0xbc ..\..\..\..\..\..\..\lib\twrk70f120m.kds\debug\psp\psp.a(time.o)
                0x00005e6c                _time_delay_internal
 .text._time_delay_until
                0x00005f28       0xd4 ..\..\..\..\..\..\..\lib\twrk70f120m.kds\debug\psp\psp.a(time.o)
                0x00005f28                _time_delay_until
 .text._time_diff_ticks
                0x00005ffc       0x38 ..\..\..\..\..\..\..\lib\twrk70f120m.kds\debug\psp\psp.a(time.o)
                0x00005ffc                _time_diff_ticks
 .text._time_diff_milliseconds
                0x00006034       0x30 ..\..\..\..\..\..\..\lib\twrk70f120m.kds\debug\psp\psp.a(time.o)
                0x00006034                _time_diff_milliseconds
 .text._time_get_hwticks
                0x00006064       0x38 ..\..\..\..\..\..\..\lib\twrk70f120m.kds\debug\psp\psp.a(time.o)
                0x00006064                _time_get_hwticks
 .text._time_get_ticks
                0x0000609c       0x58 ..\..\..\..\..\..\..\lib\twrk70f120m.kds\debug\psp\psp.a(time.o)
                0x0000609c                _time_get_ticks
 .text._time_notify_kernel
                0x000060f4      0x130 ..\..\..\..\..\..\..\lib\twrk70f120m.kds\debug\psp\psp.a(time.o)
                0x000060f4                _time_notify_kernel
 .text._time_set_ticks_per_sec
                0x00006224       0x20 ..\..\..\..\..\..\..\lib\twrk70f120m.kds\debug\psp\psp.a(time.o)
                0x00006224                _time_set_ticks_per_sec
 .text._time_set_hwtick_function
                0x00006244       0x28 ..\..\..\..\..\..\..\lib\twrk70f120m.kds\debug\psp\psp.a(time.o)
                0x00006244                _time_set_hwtick_function
 .text._time_set_hwticks_per_tick
                0x0000626c       0x20 ..\..\..\..\..\..\..\lib\twrk70f120m.kds\debug\psp\psp.a(time.o)
                0x0000626c                _time_set_hwticks_per_tick
 .text._task_destroy_internal
                0x0000628c      0x450 ..\..\..\..\..\..\..\lib\twrk70f120m.kds\debug\psp\psp.a(task.o)
                0x0000628c                _task_destroy_internal
 .text._task_destroy
                0x000066dc       0x1c ..\..\..\..\..\..\..\lib\twrk70f120m.kds\debug\psp\psp.a(task.o)
                0x000066dc                _task_destroy
 .text._task_get_id_from_name
                0x000066f8       0x8c ..\..\..\..\..\..\..\lib\twrk70f120m.kds\debug\psp\psp.a(task.o)
                0x000066f8                _task_get_id_from_name
 .text._task_stop_preemption
                0x00006784       0x6c ..\..\..\..\..\..\..\lib\twrk70f120m.kds\debug\psp\psp.a(task.o)
                0x00006784                _task_stop_preemption
 .text._task_get_td
                0x000067f0       0x7c ..\..\..\..\..\..\..\lib\twrk70f120m.kds\debug\psp\psp.a(task.o)
                0x000067f0                _task_get_td
 .text._task_set_error
                0x0000686c       0x88 ..\..\..\..\..\..\..\lib\twrk70f120m.kds\debug\psp\psp.a(task.o)
                0x0000686c                _task_set_error
 .text._task_exit_function_internal
                0x000068f4       0x5c ..\..\..\..\..\..\..\lib\twrk70f120m.kds\debug\psp\psp.a(task.o)
                0x000068f4                _task_exit_function_internal
 .text._task_init_internal
                0x00006950      0x21c ..\..\..\..\..\..\..\lib\twrk70f120m.kds\debug\psp\psp.a(task.o)
                0x00006950                _task_init_internal
 .text._task_fill_stack_internal
                0x00006b6c       0x38 ..\..\..\..\..\..\..\lib\twrk70f120m.kds\debug\psp\psp.a(task.o)
                0x00006b6c                _task_fill_stack_internal
 .text._task_ready_internal
                0x00006ba4       0x88 ..\..\..\..\..\..\..\lib\twrk70f120m.kds\debug\psp\psp.a(task.o)
                0x00006ba4                _task_ready_internal
 .text._task_alloc_td_internal
                0x00006c2c      0x13c ..\..\..\..\..\..\..\lib\twrk70f120m.kds\debug\psp\psp.a(task.o)
                0x00006c2c                _task_alloc_td_internal
 .text._task_set_error_td_internal
                0x00006d68       0x7c ..\..\..\..\..\..\..\lib\twrk70f120m.kds\debug\psp\psp.a(task.o)
                0x00006d68                _task_set_error_td_internal
 .text._sched_yield
                0x00006de4       0x8c ..\..\..\..\..\..\..\lib\twrk70f120m.kds\debug\psp\psp.a(sched.o)
                0x00006de4                _sched_yield
 .text._queue_init
                0x00006e70       0x30 ..\..\..\..\..\..\..\lib\twrk70f120m.kds\debug\psp\psp.a(queue.o)
                0x00006e70                _queue_init
 .text._queue_enqueue
                0x00006ea0       0x68 ..\..\..\..\..\..\..\lib\twrk70f120m.kds\debug\psp\psp.a(queue.o)
                0x00006ea0                _queue_enqueue
 .text._queue_dequeue
                0x00006f08       0x54 ..\..\..\..\..\..\..\lib\twrk70f120m.kds\debug\psp\psp.a(queue.o)
                0x00006f08                _queue_dequeue
 .text._queue_insert
                0x00006f5c       0x70 ..\..\..\..\..\..\..\lib\twrk70f120m.kds\debug\psp\psp.a(queue.o)
                0x00006f5c                _queue_insert
 .text._lwlog_write_internal
                0x00006fcc      0x140 ..\..\..\..\..\..\..\lib\twrk70f120m.kds\debug\psp\psp.a(lwlog.o)
                0x00006fcc                _lwlog_write_internal
 .text._lwlog_write
                0x0000710c       0x64 ..\..\..\..\..\..\..\lib\twrk70f120m.kds\debug\psp\psp.a(lwlog.o)
                0x0000710c                _lwlog_write
 .text._psp_destroy_stack_frame
                0x00007170       0x14 ..\..\..\..\..\..\..\lib\twrk70f120m.kds\debug\psp\psp.a(stack_de.o)
                0x00007170                _psp_destroy_stack_frame
 .text._psp_build_stack_frame
                0x00007184       0xa8 ..\..\..\..\..\..\..\lib\twrk70f120m.kds\debug\psp\psp.a(stack_bu.o)
                0x00007184                _psp_build_stack_frame
 .text._psp_build_float_context
                0x0000722c       0x5c ..\..\..\..\..\..\..\lib\twrk70f120m.kds\debug\psp\psp.a(stack_bu.o)
                0x0000722c                _psp_build_float_context
 .text._psp_subtract_ticks
                0x00007288       0x60 ..\..\..\..\..\..\..\lib\twrk70f120m.kds\debug\psp\psp.a(psp_tisu.o)
                0x00007288                _psp_subtract_ticks
 .text._psp_normalize_ticks
                0x000072e8       0x58 ..\..\..\..\..\..\..\lib\twrk70f120m.kds\debug\psp\psp.a(psp_tinm.o)
                0x000072e8                _psp_normalize_ticks
 .text.__psp_ticks_to_milliseconds
                0x00007340       0xf4 ..\..\..\..\..\..\..\lib\twrk70f120m.kds\debug\psp\psp.a(psp_tims.o)
 .text._psp_ticks_to_milliseconds
                0x00007434       0x20 ..\..\..\..\..\..\..\lib\twrk70f120m.kds\debug\psp\psp.a(psp_tims.o)
                0x00007434                _psp_ticks_to_milliseconds
 .text._psp_msecs_to_ticks_quick
                0x00007454       0xc8 ..\..\..\..\..\..\..\lib\twrk70f120m.kds\debug\psp\psp.a(psp_mstiq.o)
                0x00007454                _psp_msecs_to_ticks_quick
 .text._psp_add_element_to_array
                0x0000751c       0x64 ..\..\..\..\..\..\..\lib\twrk70f120m.kds\debug\psp\psp.a(psp_mat3.o)
                0x0000751c                _psp_add_element_to_array
 .text._psp_div_128_by_32
                0x00007580      0x134 ..\..\..\..\..\..\..\lib\twrk70f120m.kds\debug\psp\psp.a(psp_mat2.o)
                0x00007580                _psp_div_128_by_32
 .text._psp_mul_128_by_32
                0x000076b4      0x180 ..\..\..\..\..\..\..\lib\twrk70f120m.kds\debug\psp\psp.a(psp_mat1.o)
                0x000076b4                _psp_mul_128_by_32
 .text          0x00007834      0x370 ..\..\..\..\..\..\..\..\KDS_v3\toolchain\lib\gcc\arm-none-eabi\4.8.4\armv7e-m\fpu\libgcc.a(_arm_addsubdf3.o)
                0x00007834                __aeabi_drsub
                0x0000783c                __aeabi_dsub
                0x0000783c                __subdf3
                0x00007840                __aeabi_dadd
                0x00007840                __adddf3
                0x00007ab8                __floatunsidf
                0x00007ab8                __aeabi_ui2d
                0x00007ad8                __floatsidf
                0x00007ad8                __aeabi_i2d
                0x00007afc                __aeabi_f2d
                0x00007afc                __extendsfdf2
                0x00007b38                __floatundidf
                0x00007b38                __aeabi_ul2d
                0x00007b48                __floatdidf
                0x00007b48                __aeabi_l2d
 .text          0x00007ba4      0x424 ..\..\..\..\..\..\..\..\KDS_v3\toolchain\lib\gcc\arm-none-eabi\4.8.4\armv7e-m\fpu\libgcc.a(_arm_muldivdf3.o)
                0x00007ba4                __aeabi_dmul
                0x00007ba4                __muldf3
                0x00007df8                __divdf3
                0x00007df8                __aeabi_ddiv
 .text          0x00007fc8      0x110 ..\..\..\..\..\..\..\..\KDS_v3\toolchain\lib\gcc\arm-none-eabi\4.8.4\armv7e-m\fpu\libgcc.a(_arm_cmpdf2.o)
                0x00007fc8                __gtdf2
                0x00007fc8                __gedf2
                0x00007fd0                __ltdf2
                0x00007fd0                __ledf2
                0x00007fd8                __nedf2
                0x00007fd8                __eqdf2
                0x00007fd8                __cmpdf2
                0x00008054                __aeabi_cdrcmple
                0x00008064                __aeabi_cdcmpeq
                0x00008064                __aeabi_cdcmple
                0x00008074                __aeabi_dcmpeq
                0x00008088                __aeabi_dcmplt
                0x0000809c                __aeabi_dcmple
                0x000080b0                __aeabi_dcmpge
                0x000080c4                __aeabi_dcmpgt
 .text          0x000080d8       0x50 ..\..\..\..\..\..\..\..\KDS_v3\toolchain\lib\gcc\arm-none-eabi\4.8.4\armv7e-m\fpu\libgcc.a(_arm_fixdfsi.o)
                0x000080d8                __aeabi_d2iz
                0x000080d8                __fixdfsi
 .text          0x00008128       0x40 ..\..\..\..\..\..\..\..\KDS_v3\toolchain\lib\gcc\arm-none-eabi\4.8.4\armv7e-m\fpu\libgcc.a(_arm_fixunsdfsi.o)
                0x00008128                __aeabi_d2uiz
                0x00008128                __fixunsdfsi
 .text          0x00008168       0x38 ..\..\..\..\..\..\..\..\KDS_v3\toolchain\lib\gcc\arm-none-eabi\4.8.4\armv7e-m\fpu\libgcc.a(_aeabi_ldivmod.o)
                0x00008168                __aeabi_ldivmod
 .text          0x000081a0       0x2c ..\..\..\..\..\..\..\..\KDS_v3\toolchain\lib\gcc\arm-none-eabi\4.8.4\armv7e-m\fpu\libgcc.a(_aeabi_uldivmod.o)
                0x000081a0                __aeabi_uldivmod
 .text          0x000081cc       0x60 ..\..\..\..\..\..\..\..\KDS_v3\toolchain\lib\gcc\arm-none-eabi\4.8.4\armv7e-m\fpu\libgcc.a(bpabi.o)
                0x000081cc                __gnu_ldivmod_helper
                0x000081fc                __gnu_uldivmod_helper
 .text          0x0000822c        0x4 ..\..\..\..\..\..\..\..\KDS_v3\toolchain\lib\gcc\arm-none-eabi\4.8.4\armv7e-m\fpu\libgcc.a(_dvmd_tls.o)
                0x0000822c                __aeabi_idiv0
                0x0000822c                __aeabi_ldiv0
 .text          0x00008230      0x298 ..\..\..\..\..\..\..\..\KDS_v3\toolchain\lib\gcc\arm-none-eabi\4.8.4\armv7e-m\fpu\libgcc.a(_divdi3.o)
                0x00008230                __divdi3
 .text          0x000084c8      0x284 ..\..\..\..\..\..\..\..\KDS_v3\toolchain\lib\gcc\arm-none-eabi\4.8.4\armv7e-m\fpu\libgcc.a(_udivdi3.o)
                0x000084c8                __udivdi3
 .text.atexit   0x0000874c        0xc ..\..\..\..\..\..\..\..\KDS_v3\toolchain\arm-none-eabi\lib\armv7e-m\fpu\libc.a(lib_a-atexit.o)
                0x0000874c                atexit
 .text.exit     0x00008758       0x20 ..\..\..\..\..\..\..\..\KDS_v3\toolchain\arm-none-eabi\lib\armv7e-m\fpu\libc.a(lib_a-exit.o)
                0x00008758                exit
 .text.__libc_fini_array
                0x00008778       0x30 ..\..\..\..\..\..\..\..\KDS_v3\toolchain\arm-none-eabi\lib\armv7e-m\fpu\libc.a(lib_a-fini.o)
                0x00008778                __libc_fini_array
 .text.__libc_init_array
                0x000087a8       0x50 ..\..\..\..\..\..\..\..\KDS_v3\toolchain\arm-none-eabi\lib\armv7e-m\fpu\libc.a(lib_a-init.o)
                0x000087a8                __libc_init_array
 .text          0x000087f8      0x134 ..\..\..\..\..\..\..\..\KDS_v3\toolchain\arm-none-eabi\lib\armv7e-m\fpu\libc.a(lib_a-memcpy.o)
                0x000087f8                memcpy
 .text.memset   0x0000892c       0x94 ..\..\..\..\..\..\..\..\KDS_v3\toolchain\arm-none-eabi\lib\armv7e-m\fpu\libc.a(lib_a-memset.o)
                0x0000892c                memset
 .text.modf     0x000089c0       0xa4 ..\..\..\..\..\..\..\..\KDS_v3\toolchain\arm-none-eabi\lib\armv7e-m\fpu\libc.a(lib_a-s_modf.o)
                0x000089c0                modf
 .text.strncmp  0x00008a64       0xb4 ..\..\..\..\..\..\..\..\KDS_v3\toolchain\arm-none-eabi\lib\armv7e-m\fpu\libc.a(lib_a-strncmp.o)
                0x00008a64                strncmp
 .text.__register_exitproc
                0x00008b18       0xa8 ..\..\..\..\..\..\..\..\KDS_v3\toolchain\arm-none-eabi\lib\armv7e-m\fpu\libc.a(lib_a-__atexit.o)
                0x00008b18                __register_exitproc
 .text.startup.register_fini
                0x00008bc0       0x14 ..\..\..\..\..\..\..\..\KDS_v3\toolchain\arm-none-eabi\lib\armv7e-m\fpu\libc.a(lib_a-__call_atexit.o)
 .text.__call_exitprocs
                0x00008bd4       0xf0 ..\..\..\..\..\..\..\..\KDS_v3\toolchain\arm-none-eabi\lib\armv7e-m\fpu\libc.a(lib_a-__call_atexit.o)
                0x00008bd4                __call_exitprocs
 .text          0x00008cc4      0x21c ..\..\..\..\..\..\..\..\KDS_v3\toolchain\arm-none-eabi\lib\armv7e-m\fpu\libc.a(lib_a-strcmp.o)
                0x00008cc4                strcmp
 .text.strlen   0x00008ee0       0x60 ..\..\..\..\..\..\..\..\KDS_v3\toolchain\arm-none-eabi\lib\armv7e-m\fpu\libc.a(lib_a-strlen.o)
                0x00008ee0                strlen
 .text.main     0x00008f40       0x14 ..\..\..\..\..\..\..\lib\twrk70f120m.kds\debug\bsp\bsp.a(mqx_main.o)
                0x00008f40                main
 .text._bsp_watchdog_disable
                0x00008f54       0x38 ..\..\..\..\..\..\..\lib\twrk70f120m.kds\debug\bsp\bsp.a(init_hw.o)
                0x00008f54                _bsp_watchdog_disable
 .text._bsp_flexbus_setup
                0x00008f8c      0x174 ..\..\..\..\..\..\..\lib\twrk70f120m.kds\debug\bsp\bsp.a(init_hw.o)
 .text._bsp_flexbus_mram_setup
                0x00009100       0x34 ..\..\..\..\..\..\..\lib\twrk70f120m.kds\debug\bsp\bsp.a(init_hw.o)
 .text._bsp_ddr2_setup
                0x00009134      0x268 ..\..\..\..\..\..\..\lib\twrk70f120m.kds\debug\bsp\bsp.a(init_hw.o)
                0x00009134                _bsp_ddr2_setup
 .text.init_hardware
                0x0000939c       0x24 ..\..\..\..\..\..\..\lib\twrk70f120m.kds\debug\bsp\bsp.a(init_hw.o)
                0x0000939c                init_hardware
 .text._bsp_serial_io_init
                0x000093c0      0x34c ..\..\..\..\..\..\..\lib\twrk70f120m.kds\debug\bsp\bsp.a(init_gpio.o)
                0x000093c0                _bsp_serial_io_init
 .text._bsp_adc_io_init
                0x0000970c       0xa8 ..\..\..\..\..\..\..\lib\twrk70f120m.kds\debug\bsp\bsp.a(init_gpio.o)
                0x0000970c                _bsp_adc_io_init
 .text._bsp_adc_channel_io_init
                0x000097b4      0x228 ..\..\..\..\..\..\..\lib\twrk70f120m.kds\debug\bsp\bsp.a(init_gpio.o)
                0x000097b4                _bsp_adc_channel_io_init
 .text._bsp_rtc_io_init
                0x000099dc       0x2c ..\..\..\..\..\..\..\lib\twrk70f120m.kds\debug\bsp\bsp.a(init_gpio.o)
                0x000099dc                _bsp_rtc_io_init
 .text._bsp_esdhc_io_init
                0x00009a08       0x98 ..\..\..\..\..\..\..\lib\twrk70f120m.kds\debug\bsp\bsp.a(init_gpio.o)
                0x00009a08                _bsp_esdhc_io_init
 .text._bsp_i2c_io_init
                0x00009aa0       0x5c ..\..\..\..\..\..\..\lib\twrk70f120m.kds\debug\bsp\bsp.a(init_gpio.o)
                0x00009aa0                _bsp_i2c_io_init
 .text._bsp_gpio_io_init
                0x00009afc       0x2c ..\..\..\..\..\..\..\lib\twrk70f120m.kds\debug\bsp\bsp.a(init_gpio.o)
                0x00009afc                _bsp_gpio_io_init
 .text._bsp_serial_rts_init
                0x00009b28       0x48 ..\..\..\..\..\..\..\lib\twrk70f120m.kds\debug\bsp\bsp.a(init_gpio.o)
                0x00009b28                _bsp_serial_rts_init
 .text._bsp_sai_io_init
                0x00009b70       0x84 ..\..\..\..\..\..\..\lib\twrk70f120m.kds\debug\bsp\bsp.a(init_gpio.o)
                0x00009b70                _bsp_sai_io_init
 .text._bsp_serial_irda_tx_init
                0x00009bf4       0x60 ..\..\..\..\..\..\..\lib\twrk70f120m.kds\debug\bsp\bsp.a(init_gpio.o)
                0x00009bf4                _bsp_serial_irda_tx_init
 .text._bsp_serial_irda_rx_init
                0x00009c54       0x28 ..\..\..\..\..\..\..\lib\twrk70f120m.kds\debug\bsp\bsp.a(init_gpio.o)
                0x00009c54                _bsp_serial_irda_rx_init
 .text._bsp_pre_init
                0x00009c7c      0x16c ..\..\..\..\..\..\..\lib\twrk70f120m.kds\debug\bsp\bsp.a(init_bsp.o)
                0x00009c7c                _bsp_pre_init
 .text._bsp_init
                0x00009de8       0xdc ..\..\..\..\..\..\..\lib\twrk70f120m.kds\debug\bsp\bsp.a(init_bsp.o)
                0x00009de8                _bsp_init
 .text._bsp_systimer_callback
                0x00009ec4       0x14 ..\..\..\..\..\..\..\lib\twrk70f120m.kds\debug\bsp\bsp.a(init_bsp.o)
                0x00009ec4                _bsp_systimer_callback
 .text._bsp_get_hwticks
                0x00009ed8       0x24 ..\..\..\..\..\..\..\lib\twrk70f120m.kds\debug\bsp\bsp.a(init_bsp.o)
                0x00009ed8                _bsp_get_hwticks
 .text.LDD_SetClockConfiguration
                0x00009efc       0x14 ..\..\..\..\..\..\..\lib\twrk70f120m.kds\debug\bsp\bsp.a(bsp_cm.o)
                0x00009efc                LDD_SetClockConfiguration
 .text.Cpu_MCGAutoTrim
                0x00009f10       0x84 ..\..\..\..\..\..\..\lib\twrk70f120m.kds\debug\bsp\bsp.a(bsp_cm.o)
                0x00009f10                Cpu_MCGAutoTrim
 .text.Cpu_SetMCGModePEE
                0x00009f94       0x80 ..\..\..\..\..\..\..\lib\twrk70f120m.kds\debug\bsp\bsp.a(bsp_cm.o)
 .text.Cpu_SetMCGModePBE
                0x0000a014       0xec ..\..\..\..\..\..\..\lib\twrk70f120m.kds\debug\bsp\bsp.a(bsp_cm.o)
 .text.Cpu_SetMCGModeFBE
                0x0000a100      0x12c ..\..\..\..\..\..\..\lib\twrk70f120m.kds\debug\bsp\bsp.a(bsp_cm.o)
 .text.Cpu_SetMCGModeBLPI
                0x0000a22c       0x68 ..\..\..\..\..\..\..\lib\twrk70f120m.kds\debug\bsp\bsp.a(bsp_cm.o)
 .text.Cpu_SetMCGModeFBI
                0x0000a294      0x12c ..\..\..\..\..\..\..\lib\twrk70f120m.kds\debug\bsp\bsp.a(bsp_cm.o)
 .text.Cpu_SetMCG
                0x0000a3c0       0xac ..\..\..\..\..\..\..\lib\twrk70f120m.kds\debug\bsp\bsp.a(bsp_cm.o)
 .text.Cpu_GetCurrentMCGMode
                0x0000a46c       0x5c ..\..\..\..\..\..\..\lib\twrk70f120m.kds\debug\bsp\bsp.a(bsp_cm.o)
 .text.Cpu_SetClockConfiguration
                0x0000a4c8      0x18c ..\..\..\..\..\..\..\lib\twrk70f120m.kds\debug\bsp\bsp.a(bsp_cm.o)
                0x0000a4c8                Cpu_SetClockConfiguration
 .text.Cpu_GetClockConfiguration
                0x0000a654       0x18 ..\..\..\..\..\..\..\lib\twrk70f120m.kds\debug\bsp\bsp.a(bsp_cm.o)
                0x0000a654                Cpu_GetClockConfiguration
 .text.__pe_initialize_hardware
                0x0000a66c      0x224 ..\..\..\..\..\..\..\lib\twrk70f120m.kds\debug\bsp\bsp.a(bsp_cm.o)
                0x0000a66c                __pe_initialize_hardware
 .text.PE_low_level_init
                0x0000a890       0xe0 ..\..\..\..\..\..\..\lib\twrk70f120m.kds\debug\bsp\bsp.a(bsp_cm.o)
                0x0000a890                PE_low_level_init
 .text._bsp_set_clock_configuration
                0x0000a970       0x4c ..\..\..\..\..\..\..\lib\twrk70f120m.kds\debug\bsp\bsp.a(bsp_cm.o)
                0x0000a970                _bsp_set_clock_configuration
 .text._bsp_get_clock_configuration
                0x0000a9bc       0x10 ..\..\..\..\..\..\..\lib\twrk70f120m.kds\debug\bsp\bsp.a(bsp_cm.o)
                0x0000a9bc                _bsp_get_clock_configuration
 .text._bsp_get_clock
                0x0000a9cc       0x58 ..\..\..\..\..\..\..\lib\twrk70f120m.kds\debug\bsp\bsp.a(bsp_cm.o)
                0x0000a9cc                _bsp_get_clock
 .text._bsp_osc_autotrim
                0x0000aa24       0x3c ..\..\..\..\..\..\..\lib\twrk70f120m.kds\debug\bsp\bsp.a(bsp_cm.o)
                0x0000aa24                _bsp_osc_autotrim
 .text._bsp_low_level_init
                0x0000aa60        0xc ..\..\..\..\..\..\..\lib\twrk70f120m.kds\debug\bsp\bsp.a(bsp_cm.o)
                0x0000aa60                _bsp_low_level_init
 .text._bsp_initialize_hardware
                0x0000aa6c        0xc ..\..\..\..\..\..\..\lib\twrk70f120m.kds\debug\bsp\bsp.a(bsp_cm.o)
                0x0000aa6c                _bsp_initialize_hardware
 .text._kuart_change_baudrate
                0x0000aa78       0xbc ..\..\..\..\..\..\..\lib\twrk70f120m.kds\debug\bsp\bsp.a(serl_pol_kuart.o)
                0x0000aa78                _kuart_change_baudrate
 .text._kuart_polled_peripheral_enable
                0x0000ab34       0x24 ..\..\..\..\..\..\..\lib\twrk70f120m.kds\debug\bsp\bsp.a(serl_pol_kuart.o)
 .text._kuart_polled_peripheral_disable
                0x0000ab58       0x24 ..\..\..\..\..\..\..\lib\twrk70f120m.kds\debug\bsp\bsp.a(serl_pol_kuart.o)
 .text._kuart_polled_install
                0x0000ab7c       0x50 ..\..\..\..\..\..\..\lib\twrk70f120m.kds\debug\bsp\bsp.a(serl_pol_kuart.o)
                0x0000ab7c                _kuart_polled_install
 .text._kuart_polled_init
                0x0000abcc      0x170 ..\..\..\..\..\..\..\lib\twrk70f120m.kds\debug\bsp\bsp.a(serl_pol_kuart.o)
                0x0000abcc                _kuart_polled_init
 .text._kuart_polled_deinit
                0x0000ad3c       0x4c ..\..\..\..\..\..\..\lib\twrk70f120m.kds\debug\bsp\bsp.a(serl_pol_kuart.o)
                0x0000ad3c                _kuart_polled_deinit
 .text._kuart_polled_getc
                0x0000ad88       0x40 ..\..\..\..\..\..\..\lib\twrk70f120m.kds\debug\bsp\bsp.a(serl_pol_kuart.o)
                0x0000ad88                _kuart_polled_getc
 .text._kuart_polled_putc
                0x0000adc8       0x3c ..\..\..\..\..\..\..\lib\twrk70f120m.kds\debug\bsp\bsp.a(serl_pol_kuart.o)
                0x0000adc8                _kuart_polled_putc
 .text._kuart_polled_status
                0x0000ae04       0xc8 ..\..\..\..\..\..\..\lib\twrk70f120m.kds\debug\bsp\bsp.a(serl_pol_kuart.o)
                0x0000ae04                _kuart_polled_status
 .text._kuart_polled_ioctl
                0x0000aecc      0x784 ..\..\..\..\..\..\..\lib\twrk70f120m.kds\debug\bsp\bsp.a(serl_pol_kuart.o)
                0x0000aecc                _kuart_polled_ioctl
 .text._io_serial_polled_install
                0x0000b650       0x94 ..\..\..\..\..\..\..\lib\twrk70f120m.kds\debug\bsp\bsp.a(serl_pol.o)
                0x0000b650                _io_serial_polled_install
 .text._io_serial_polled_open
                0x0000b6e4      0x12c ..\..\..\..\..\..\..\lib\twrk70f120m.kds\debug\bsp\bsp.a(serl_pol.o)
                0x0000b6e4                _io_serial_polled_open
 .text._io_serial_polled_close
                0x0000b810       0x64 ..\..\..\..\..\..\..\lib\twrk70f120m.kds\debug\bsp\bsp.a(serl_pol.o)
                0x0000b810                _io_serial_polled_close
 .text._io_serial_polled_read
                0x0000b874      0x288 ..\..\..\..\..\..\..\lib\twrk70f120m.kds\debug\bsp\bsp.a(serl_pol.o)
                0x0000b874                _io_serial_polled_read
 .text._io_serial_polled_write
                0x0000bafc      0x1a8 ..\..\..\..\..\..\..\lib\twrk70f120m.kds\debug\bsp\bsp.a(serl_pol.o)
                0x0000bafc                _io_serial_polled_write
 .text._io_serial_polled_ioctl
                0x0000bca4       0xf4 ..\..\..\..\..\..\..\lib\twrk70f120m.kds\debug\bsp\bsp.a(serl_pol.o)
                0x0000bca4                _io_serial_polled_ioctl
 .text._io_serial_default_init
                0x0000bd98       0x88 ..\..\..\..\..\..\..\lib\twrk70f120m.kds\debug\bsp\bsp.a(io_sinit.o)
                0x0000bd98                _io_serial_default_init
 .text._io_sai_dma_install
                0x0000be20       0x84 ..\..\..\..\..\..\..\lib\twrk70f120m.kds\debug\bsp\bsp.a(sai_dma.o)
                0x0000be20                _io_sai_dma_install
 .text._io_sai_dma_uninstall
                0x0000bea4       0x44 ..\..\..\..\..\..\..\lib\twrk70f120m.kds\debug\bsp\bsp.a(sai_dma.o)
                0x0000bea4                _io_sai_dma_uninstall
 .text._io_sai_dma_open
                0x0000bee8      0x12c ..\..\..\..\..\..\..\lib\twrk70f120m.kds\debug\bsp\bsp.a(sai_dma.o)
                0x0000bee8                _io_sai_dma_open
 .text._io_sai_dma_close
                0x0000c014       0x70 ..\..\..\..\..\..\..\lib\twrk70f120m.kds\debug\bsp\bsp.a(sai_dma.o)
                0x0000c014                _io_sai_dma_close
 .text._io_sai_dma_ioctl
                0x0000c084       0x68 ..\..\..\..\..\..\..\lib\twrk70f120m.kds\debug\bsp\bsp.a(sai_dma.o)
                0x0000c084                _io_sai_dma_ioctl
 .text._rtc_init
                0x0000c0ec       0xa4 ..\..\..\..\..\..\..\lib\twrk70f120m.kds\debug\bsp\bsp.a(krtc.o)
                0x0000c0ec                _rtc_init
 .text._ki2c_set_baudrate
                0x0000c190       0xa8 ..\..\..\..\..\..\..\lib\twrk70f120m.kds\debug\bsp\bsp.a(i2c_pol_ki2c.o)
 .text._ki2c_polled_install
                0x0000c238       0x40 ..\..\..\..\..\..\..\lib\twrk70f120m.kds\debug\bsp\bsp.a(i2c_pol_ki2c.o)
                0x0000c238                _ki2c_polled_install
 .text._ki2c_polled_init
                0x0000c278      0x11c ..\..\..\..\..\..\..\lib\twrk70f120m.kds\debug\bsp\bsp.a(i2c_pol_ki2c.o)
                0x0000c278                _ki2c_polled_init
 .text._ki2c_polled_deinit
                0x0000c394       0x60 ..\..\..\..\..\..\..\lib\twrk70f120m.kds\debug\bsp\bsp.a(i2c_pol_ki2c.o)
                0x0000c394                _ki2c_polled_deinit
 .text._ki2c_polled_ioctl
                0x0000c3f4      0x4b0 ..\..\..\..\..\..\..\lib\twrk70f120m.kds\debug\bsp\bsp.a(i2c_pol_ki2c.o)
                0x0000c3f4                _ki2c_polled_ioctl
 .text._ki2c_polled_rx
                0x0000c8a4       0xf8 ..\..\..\..\..\..\..\lib\twrk70f120m.kds\debug\bsp\bsp.a(i2c_pol_ki2c.o)
                0x0000c8a4                _ki2c_polled_rx
 .text._ki2c_polled_tx
                0x0000c99c       0xf0 ..\..\..\..\..\..\..\lib\twrk70f120m.kds\debug\bsp\bsp.a(i2c_pol_ki2c.o)
                0x0000c99c                _ki2c_polled_tx
 .text._ki2c_polled_rx_tx
                0x0000ca8c      0x55c ..\..\..\..\..\..\..\lib\twrk70f120m.kds\debug\bsp\bsp.a(i2c_pol_ki2c.o)
 .text._bsp_get_i2c_base_address
                0x0000cfe8       0x40 ..\..\..\..\..\..\..\lib\twrk70f120m.kds\debug\bsp\bsp.a(i2c_mk70.o)
                0x0000cfe8                _bsp_get_i2c_base_address
 .text._bsp_get_i2c_vector
                0x0000d028       0x38 ..\..\..\..\..\..\..\lib\twrk70f120m.kds\debug\bsp\bsp.a(i2c_mk70.o)
                0x0000d028                _bsp_get_i2c_vector
 .text._ki2c_int_install
                0x0000d060       0x40 ..\..\..\..\..\..\..\lib\twrk70f120m.kds\debug\bsp\bsp.a(i2c_int_ki2c_legacy.o)
                0x0000d060                _ki2c_int_install
 .text._ki2c_int_init
                0x0000d0a0       0xb0 ..\..\..\..\..\..\..\lib\twrk70f120m.kds\debug\bsp\bsp.a(i2c_int_ki2c_legacy.o)
                0x0000d0a0                _ki2c_int_init
 .text._ki2c_int_deinit
                0x0000d150       0x80 ..\..\..\..\..\..\..\lib\twrk70f120m.kds\debug\bsp\bsp.a(i2c_int_ki2c_legacy.o)
                0x0000d150                _ki2c_int_deinit
 .text._ki2c_int_rx
                0x0000d1d0      0x120 ..\..\..\..\..\..\..\lib\twrk70f120m.kds\debug\bsp\bsp.a(i2c_int_ki2c_legacy.o)
                0x0000d1d0                _ki2c_int_rx
 .text._ki2c_int_tx
                0x0000d2f0      0x13c ..\..\..\..\..\..\..\lib\twrk70f120m.kds\debug\bsp\bsp.a(i2c_int_ki2c_legacy.o)
                0x0000d2f0                _ki2c_int_tx
 .text._ki2c_isr
                0x0000d42c      0x5c0 ..\..\..\..\..\..\..\lib\twrk70f120m.kds\debug\bsp\bsp.a(i2c_int_ki2c_legacy.o)
 .text.hwtimer_systick_isr
                0x0000d9ec       0x5c ..\..\..\..\..\..\..\lib\twrk70f120m.kds\debug\bsp\bsp.a(hwtimer_systick.o)
 .text.hwtimer_systick_init
                0x0000da48       0x90 ..\..\..\..\..\..\..\lib\twrk70f120m.kds\debug\bsp\bsp.a(hwtimer_systick.o)
 .text.hwtimer_systick_deinit
                0x0000dad8       0x34 ..\..\..\..\..\..\..\lib\twrk70f120m.kds\debug\bsp\bsp.a(hwtimer_systick.o)
 .text.hwtimer_systick_set_div
                0x0000db0c       0x4c ..\..\..\..\..\..\..\lib\twrk70f120m.kds\debug\bsp\bsp.a(hwtimer_systick.o)
 .text.hwtimer_systick_start
                0x0000db58       0x28 ..\..\..\..\..\..\..\lib\twrk70f120m.kds\debug\bsp\bsp.a(hwtimer_systick.o)
 .text.hwtimer_systick_stop
                0x0000db80       0x28 ..\..\..\..\..\..\..\lib\twrk70f120m.kds\debug\bsp\bsp.a(hwtimer_systick.o)
 .text.hwtimer_systick_get_time
                0x0000dba8       0x64 ..\..\..\..\..\..\..\lib\twrk70f120m.kds\debug\bsp\bsp.a(hwtimer_systick.o)
 .text.systick_get_vector
                0x0000dc0c       0x10 ..\..\..\..\..\..\..\lib\twrk70f120m.kds\debug\bsp\bsp.a(hwtimer_kinetis.o)
                0x0000dc0c                systick_get_vector
 .text.hwtimer_init
                0x0000dc1c       0x80 ..\..\..\..\..\..\..\lib\twrk70f120m.kds\debug\bsp\bsp.a(hwtimer.o)
                0x0000dc1c                hwtimer_init
 .text.hwtimer_deinit
                0x0000dc9c       0x9c ..\..\..\..\..\..\..\lib\twrk70f120m.kds\debug\bsp\bsp.a(hwtimer.o)
                0x0000dc9c                hwtimer_deinit
 .text.hwtimer_set_freq
                0x0000dd38       0x78 ..\..\..\..\..\..\..\lib\twrk70f120m.kds\debug\bsp\bsp.a(hwtimer.o)
                0x0000dd38                hwtimer_set_freq
 .text.hwtimer_start
                0x0000ddb0       0x3c ..\..\..\..\..\..\..\lib\twrk70f120m.kds\debug\bsp\bsp.a(hwtimer.o)
                0x0000ddb0                hwtimer_start
 .text.hwtimer_get_modulo
                0x0000ddec       0x24 ..\..\..\..\..\..\..\lib\twrk70f120m.kds\debug\bsp\bsp.a(hwtimer.o)
                0x0000ddec                hwtimer_get_modulo
 .text.hwtimer_get_time
                0x0000de10       0x48 ..\..\..\..\..\..\..\lib\twrk70f120m.kds\debug\bsp\bsp.a(hwtimer.o)
                0x0000de10                hwtimer_get_time
 .text.hwtimer_callback_reg
                0x0000de58       0x40 ..\..\..\..\..\..\..\lib\twrk70f120m.kds\debug\bsp\bsp.a(hwtimer.o)
                0x0000de58                hwtimer_callback_reg
 .text._esdhc_set_baudrate_low
                0x0000de98       0xd8 ..\..\..\..\..\..\..\lib\twrk70f120m.kds\debug\bsp\bsp.a(esdhc.o)
 .text._esdhc_set_baudrate
                0x0000df70       0x68 ..\..\..\..\..\..\..\lib\twrk70f120m.kds\debug\bsp\bsp.a(esdhc.o)
 .text._esdhc_get_baudrate_low
                0x0000dfd8       0x40 ..\..\..\..\..\..\..\lib\twrk70f120m.kds\debug\bsp\bsp.a(esdhc.o)
 .text._esdhc_get_baudrate
                0x0000e018       0x2c ..\..\..\..\..\..\..\lib\twrk70f120m.kds\debug\bsp\bsp.a(esdhc.o)
 .text._esdhc_is_running
                0x0000e044       0x28 ..\..\..\..\..\..\..\lib\twrk70f120m.kds\debug\bsp\bsp.a(esdhc.o)
 .text._esdhc_init
                0x0000e06c      0x114 ..\..\..\..\..\..\..\lib\twrk70f120m.kds\debug\bsp\bsp.a(esdhc.o)
 .text._esdhc_send_command
                0x0000e180      0x3ac ..\..\..\..\..\..\..\lib\twrk70f120m.kds\debug\bsp\bsp.a(esdhc.o)
 .text._esdhc_wait_while_busy
                0x0000e52c       0x90 ..\..\..\..\..\..\..\lib\twrk70f120m.kds\debug\bsp\bsp.a(esdhc.o)
 .text._esdhc_get_card_type
                0x0000e5bc      0x364 ..\..\..\..\..\..\..\lib\twrk70f120m.kds\debug\bsp\bsp.a(esdhc.o)
 .text._esdhc_install
                0x0000e920      0x148 ..\..\..\..\..\..\..\lib\twrk70f120m.kds\debug\bsp\bsp.a(esdhc.o)
                0x0000e920                _esdhc_install
 .text._esdhc_uninstall
                0x0000ea68       0x7c ..\..\..\..\..\..\..\lib\twrk70f120m.kds\debug\bsp\bsp.a(esdhc.o)
                0x0000ea68                _esdhc_uninstall
 .text._esdhc_open
                0x0000eae4       0x60 ..\..\..\..\..\..\..\lib\twrk70f120m.kds\debug\bsp\bsp.a(esdhc.o)
                0x0000eae4                _esdhc_open
 .text._esdhc_close
                0x0000eb44       0x54 ..\..\..\..\..\..\..\lib\twrk70f120m.kds\debug\bsp\bsp.a(esdhc.o)
                0x0000eb44                _esdhc_close
 .text._esdhc_ioctl
                0x0000eb98      0x43c ..\..\..\..\..\..\..\lib\twrk70f120m.kds\debug\bsp\bsp.a(esdhc.o)
                0x0000eb98                _esdhc_ioctl
 .text._esdhc_read
                0x0000efd4      0x26c ..\..\..\..\..\..\..\lib\twrk70f120m.kds\debug\bsp\bsp.a(esdhc.o)
                0x0000efd4                _esdhc_read
 .text._esdhc_write
                0x0000f240      0x248 ..\..\..\..\..\..\..\lib\twrk70f120m.kds\debug\bsp\bsp.a(esdhc.o)
                0x0000f240                _esdhc_write
 .text._esdhc_isr
                0x0000f488      0x1ec ..\..\..\..\..\..\..\lib\twrk70f120m.kds\debug\bsp\bsp.a(esdhc.o)
 .text.dma_tcd_mem2reg
                0x0000f674       0xf0 ..\..\..\..\..\..\..\lib\twrk70f120m.kds\debug\bsp\bsp.a(dma.o)
                0x0000f674                dma_tcd_mem2reg
 .text.dma_tcd_reg2mem
                0x0000f764       0xf8 ..\..\..\..\..\..\..\lib\twrk70f120m.kds\debug\bsp\bsp.a(dma.o)
                0x0000f764                dma_tcd_reg2mem
 .text.dma_init
                0x0000f85c       0x80 ..\..\..\..\..\..\..\lib\twrk70f120m.kds\debug\bsp\bsp.a(dma.o)
                0x0000f85c                dma_init
 .text.dma_deinit
                0x0000f8dc       0x7c ..\..\..\..\..\..\..\lib\twrk70f120m.kds\debug\bsp\bsp.a(dma.o)
                0x0000f8dc                dma_deinit
 .text.dma_channel_claim
                0x0000f958       0xb0 ..\..\..\..\..\..\..\lib\twrk70f120m.kds\debug\bsp\bsp.a(dma.o)
                0x0000f958                dma_channel_claim
 .text.dma_channel_release
                0x0000fa08       0x3c ..\..\..\..\..\..\..\lib\twrk70f120m.kds\debug\bsp\bsp.a(dma.o)
                0x0000fa08                dma_channel_release
 .text.dma_channel_setup
                0x0000fa44       0x44 ..\..\..\..\..\..\..\lib\twrk70f120m.kds\debug\bsp\bsp.a(dma.o)
                0x0000fa44                dma_channel_setup
 .text.dma_channel_status
                0x0000fa88       0x44 ..\..\..\..\..\..\..\lib\twrk70f120m.kds\debug\bsp\bsp.a(dma.o)
                0x0000fa88                dma_channel_status
 .text.dma_transfer_submit
                0x0000facc       0x44 ..\..\..\..\..\..\..\lib\twrk70f120m.kds\debug\bsp\bsp.a(dma.o)
                0x0000facc                dma_transfer_submit
 .text.dma_request_source
                0x0000fb10       0x40 ..\..\..\..\..\..\..\lib\twrk70f120m.kds\debug\bsp\bsp.a(dma.o)
                0x0000fb10                dma_request_source
 .text.dma_request_enable
                0x0000fb50       0x3c ..\..\..\..\..\..\..\lib\twrk70f120m.kds\debug\bsp\bsp.a(dma.o)
                0x0000fb50                dma_request_enable
 .text.dma_request_disable
                0x0000fb8c       0x3c ..\..\..\..\..\..\..\lib\twrk70f120m.kds\debug\bsp\bsp.a(dma.o)
                0x0000fb8c                dma_request_disable
 .text.dma_callback_reg
                0x0000fbc8       0x3c ..\..\..\..\..\..\..\lib\twrk70f120m.kds\debug\bsp\bsp.a(dma.o)
                0x0000fbc8                dma_callback_reg
 .text._io_adc_install
                0x0000fc04       0x98 ..\..\..\..\..\..\..\lib\twrk70f120m.kds\debug\bsp\bsp.a(adc.o)
                0x0000fc04                _io_adc_install
 .text._adc_open
                0x0000fc9c      0x4f8 ..\..\..\..\..\..\..\lib\twrk70f120m.kds\debug\bsp\bsp.a(adc.o)
                0x0000fc9c                _adc_open
 .text._adc_close
                0x00010194      0x14c ..\..\..\..\..\..\..\lib\twrk70f120m.kds\debug\bsp\bsp.a(adc.o)
                0x00010194                _adc_close
 .text._adc_read
                0x000102e0       0xbc ..\..\..\..\..\..\..\lib\twrk70f120m.kds\debug\bsp\bsp.a(adc.o)
                0x000102e0                _adc_read
 .text._adc_write
                0x0001039c       0x1c ..\..\..\..\..\..\..\lib\twrk70f120m.kds\debug\bsp\bsp.a(adc.o)
                0x0001039c                _adc_write
 .text._adc_ioctl
                0x000103b8      0x158 ..\..\..\..\..\..\..\lib\twrk70f120m.kds\debug\bsp\bsp.a(adc.o)
                0x000103b8                _adc_ioctl
 .text._bsp_get_serial_base_address
                0x00010510       0x80 ..\..\..\..\..\..\..\lib\twrk70f120m.kds\debug\bsp\bsp.a(serl_mk70.o)
                0x00010510                _bsp_get_serial_base_address
 .text._ksai_dma_init
                0x00010590      0x5cc ..\..\..\..\..\..\..\lib\twrk70f120m.kds\debug\bsp\bsp.a(sai_dma_ksai.o)
                0x00010590                _ksai_dma_init
 .text._ksai_dma_deinit
                0x00010b5c      0x17c ..\..\..\..\..\..\..\lib\twrk70f120m.kds\debug\bsp\bsp.a(sai_dma_ksai.o)
                0x00010b5c                _ksai_dma_deinit
 .text._ksai_tx_fifoerr_irq_handler
                0x00010cd8       0x50 ..\..\..\..\..\..\..\lib\twrk70f120m.kds\debug\bsp\bsp.a(sai_dma_ksai.o)
                0x00010cd8                _ksai_tx_fifoerr_irq_handler
 .text._ksai_tx_dma_irq_handler
                0x00010d28      0x108 ..\..\..\..\..\..\..\lib\twrk70f120m.kds\debug\bsp\bsp.a(sai_dma_ksai.o)
                0x00010d28                _ksai_tx_dma_irq_handler
 .text._ksai_rx_fifoerr_irq_handler
                0x00010e30       0x54 ..\..\..\..\..\..\..\lib\twrk70f120m.kds\debug\bsp\bsp.a(sai_dma_ksai.o)
                0x00010e30                _ksai_rx_fifoerr_irq_handler
 .text._ksai_rx_dma_irq_handler
                0x00010e84      0x11c ..\..\..\..\..\..\..\lib\twrk70f120m.kds\debug\bsp\bsp.a(sai_dma_ksai.o)
                0x00010e84                _ksai_rx_dma_irq_handler
 .text._ksai_dma_ioctl
                0x00010fa0     0x17f8 ..\..\..\..\..\..\..\lib\twrk70f120m.kds\debug\bsp\bsp.a(sai_dma_ksai.o)
                0x00010fa0                _ksai_dma_ioctl
 .text._ksai_hw_init
                0x00012798      0x364 ..\..\..\..\..\..\..\lib\twrk70f120m.kds\debug\bsp\bsp.a(sai_dma_ksai.o)
                0x00012798                _ksai_hw_init
 .text._ki2s_find_mclk_freq_div
                0x00012afc      0x100 ..\..\..\..\..\..\..\lib\twrk70f120m.kds\debug\bsp\bsp.a(sai_dma_ksai.o)
                0x00012afc                _ki2s_find_mclk_freq_div
 .text._ki2s_set_master_mode
                0x00012bfc      0x25c ..\..\..\..\..\..\..\lib\twrk70f120m.kds\debug\bsp\bsp.a(sai_dma_ksai.o)
                0x00012bfc                _ki2s_set_master_mode
 .text._ki2s_set_slave_mode
                0x00012e58      0x228 ..\..\..\..\..\..\..\lib\twrk70f120m.kds\debug\bsp\bsp.a(sai_dma_ksai.o)
                0x00012e58                _ki2s_set_slave_mode
 .text._ki2s_set_bclk_mode
                0x00013080      0x150 ..\..\..\..\..\..\..\lib\twrk70f120m.kds\debug\bsp\bsp.a(sai_dma_ksai.o)
                0x00013080                _ki2s_set_bclk_mode
 .text._io_i2c_polled_install
                0x000131d0       0x8c ..\..\..\..\..\..\..\lib\twrk70f120m.kds\debug\bsp\bsp.a(i2c_pol.o)
                0x000131d0                _io_i2c_polled_install
 .text._io_i2c_polled_uninstall
                0x0001325c       0x4c ..\..\..\..\..\..\..\lib\twrk70f120m.kds\debug\bsp\bsp.a(i2c_pol.o)
                0x0001325c                _io_i2c_polled_uninstall
 .text._io_i2c_polled_open
                0x000132a8       0x74 ..\..\..\..\..\..\..\lib\twrk70f120m.kds\debug\bsp\bsp.a(i2c_pol.o)
                0x000132a8                _io_i2c_polled_open
 .text._io_i2c_polled_close
                0x0001331c       0x58 ..\..\..\..\..\..\..\lib\twrk70f120m.kds\debug\bsp\bsp.a(i2c_pol.o)
                0x0001331c                _io_i2c_polled_close
 .text._io_i2c_polled_read
                0x00013374       0x30 ..\..\..\..\..\..\..\lib\twrk70f120m.kds\debug\bsp\bsp.a(i2c_pol.o)
                0x00013374                _io_i2c_polled_read
 .text._io_i2c_polled_write
                0x000133a4       0x30 ..\..\..\..\..\..\..\lib\twrk70f120m.kds\debug\bsp\bsp.a(i2c_pol.o)
                0x000133a4                _io_i2c_polled_write
 .text._io_i2c_polled_ioctl
                0x000133d4       0x68 ..\..\..\..\..\..\..\lib\twrk70f120m.kds\debug\bsp\bsp.a(i2c_pol.o)
                0x000133d4                _io_i2c_polled_ioctl
 .text._io_i2c_int_install
                0x0001343c       0x8c ..\..\..\..\..\..\..\lib\twrk70f120m.kds\debug\bsp\bsp.a(i2c_int.o)
                0x0001343c                _io_i2c_int_install
 .text._io_i2c_int_uninstall
                0x000134c8       0x48 ..\..\..\..\..\..\..\lib\twrk70f120m.kds\debug\bsp\bsp.a(i2c_int.o)
                0x000134c8                _io_i2c_int_uninstall
 .text._io_i2c_int_open
                0x00013510       0x6c ..\..\..\..\..\..\..\lib\twrk70f120m.kds\debug\bsp\bsp.a(i2c_int.o)
                0x00013510                _io_i2c_int_open
 .text._io_i2c_int_close
                0x0001357c       0x68 ..\..\..\..\..\..\..\lib\twrk70f120m.kds\debug\bsp\bsp.a(i2c_int.o)
                0x0001357c                _io_i2c_int_close
 .text._io_i2c_int_read
                0x000135e4       0x30 ..\..\..\..\..\..\..\lib\twrk70f120m.kds\debug\bsp\bsp.a(i2c_int.o)
                0x000135e4                _io_i2c_int_read
 .text._io_i2c_int_write
                0x00013614       0x30 ..\..\..\..\..\..\..\lib\twrk70f120m.kds\debug\bsp\bsp.a(i2c_int.o)
                0x00013614                _io_i2c_int_write
 .text._io_i2c_int_ioctl
                0x00013644       0x68 ..\..\..\..\..\..\..\lib\twrk70f120m.kds\debug\bsp\bsp.a(i2c_int.o)
                0x00013644                _io_i2c_int_ioctl
 .text._bsp_get_esdhc_base_address
                0x000136ac       0x30 ..\..\..\..\..\..\..\lib\twrk70f120m.kds\debug\bsp\bsp.a(esdhc_mk70.o)
                0x000136ac                _bsp_get_esdhc_base_address
 .text._bsp_get_esdhc_vector
                0x000136dc       0x2c ..\..\..\..\..\..\..\lib\twrk70f120m.kds\debug\bsp\bsp.a(esdhc_mk70.o)
                0x000136dc                _bsp_get_esdhc_vector
 .text.edma_channel_sgaidx
                0x00013708       0x6c ..\..\..\..\..\..\..\lib\twrk70f120m.kds\debug\bsp\bsp.a(edma.o)
 .text.edma_done_isr
                0x00013774      0x1ac ..\..\..\..\..\..\..\lib\twrk70f120m.kds\debug\bsp\bsp.a(edma.o)
 .text.edma_err_isr
                0x00013920       0xa4 ..\..\..\..\..\..\..\lib\twrk70f120m.kds\debug\bsp\bsp.a(edma.o)
 .text.edma_reset_module
                0x000139c4       0xc4 ..\..\..\..\..\..\..\lib\twrk70f120m.kds\debug\bsp\bsp.a(edma.o)
 .text.edma_install_isrs
                0x00013a88       0xe0 ..\..\..\..\..\..\..\lib\twrk70f120m.kds\debug\bsp\bsp.a(edma.o)
 .text.edma_uninstall_isrs
                0x00013b68       0xd8 ..\..\..\..\..\..\..\lib\twrk70f120m.kds\debug\bsp\bsp.a(edma.o)
 .text.edma_init
                0x00013c40       0x30 ..\..\..\..\..\..\..\lib\twrk70f120m.kds\debug\bsp\bsp.a(edma.o)
 .text.edma_deinit
                0x00013c70       0x40 ..\..\..\..\..\..\..\lib\twrk70f120m.kds\debug\bsp\bsp.a(edma.o)
 .text.edma_channel_claim
                0x00013cb0       0xf0 ..\..\..\..\..\..\..\lib\twrk70f120m.kds\debug\bsp\bsp.a(edma.o)
 .text.edma_channel_release
                0x00013da0       0x58 ..\..\..\..\..\..\..\lib\twrk70f120m.kds\debug\bsp\bsp.a(edma.o)
 .text.edma_channel_reset
                0x00013df8       0xb4 ..\..\..\..\..\..\..\lib\twrk70f120m.kds\debug\bsp\bsp.a(edma.o)
 .text.edma_channel_setup
                0x00013eac       0xa0 ..\..\..\..\..\..\..\lib\twrk70f120m.kds\debug\bsp\bsp.a(edma.o)
 .text.edma_channel_status
                0x00013f4c      0x164 ..\..\..\..\..\..\..\lib\twrk70f120m.kds\debug\bsp\bsp.a(edma.o)
 .text.edma_tcd_prepare
                0x000140b0      0x250 ..\..\..\..\..\..\..\lib\twrk70f120m.kds\debug\bsp\bsp.a(edma.o)
 .text.edma_hwtcd_push
                0x00014300       0x74 ..\..\..\..\..\..\..\lib\twrk70f120m.kds\debug\bsp\bsp.a(edma.o)
 .text.edma_transfer_submit
                0x00014374      0x21c ..\..\..\..\..\..\..\lib\twrk70f120m.kds\debug\bsp\bsp.a(edma.o)
 .text.edma_request_source
                0x00014590       0x58 ..\..\..\..\..\..\..\lib\twrk70f120m.kds\debug\bsp\bsp.a(edma.o)
 .text.edma_request_enable
                0x000145e8       0x90 ..\..\..\..\..\..\..\lib\twrk70f120m.kds\debug\bsp\bsp.a(edma.o)
 .text.edma_request_disable
                0x00014678       0x40 ..\..\..\..\..\..\..\lib\twrk70f120m.kds\debug\bsp\bsp.a(edma.o)
 .text._adt_hw_ioctl
                0x000146b8      0x2b8 ..\..\..\..\..\..\..\lib\twrk70f120m.kds\debug\bsp\bsp.a(adt_kpdb.o)
                0x000146b8                _adt_hw_ioctl
 .text._adt_hw_install
                0x00014970       0x1c ..\..\..\..\..\..\..\lib\twrk70f120m.kds\debug\bsp\bsp.a(adt_kpdb.o)
                0x00014970                _adt_hw_install
 .text._adt_hw_init
                0x0001498c      0x1d0 ..\..\..\..\..\..\..\lib\twrk70f120m.kds\debug\bsp\bsp.a(adt_kpdb.o)
                0x0001498c                _adt_hw_init
 .text._adt_hw_deinit
                0x00014b5c       0x24 ..\..\..\..\..\..\..\lib\twrk70f120m.kds\debug\bsp\bsp.a(adt_kpdb.o)
                0x00014b5c                _adt_hw_deinit
 .text.adt_period_prescaler
                0x00014b80      0x23c ..\..\..\..\..\..\..\lib\twrk70f120m.kds\debug\bsp\bsp.a(adt_kpdb.o)
 .text._adt_hw_channel_init
                0x00014dbc      0x1d4 ..\..\..\..\..\..\..\lib\twrk70f120m.kds\debug\bsp\bsp.a(adt_kpdb.o)
                0x00014dbc                _adt_hw_channel_init
 .text._adt_hw_channel_deinit
                0x00014f90      0x148 ..\..\..\..\..\..\..\lib\twrk70f120m.kds\debug\bsp\bsp.a(adt_kpdb.o)
                0x00014f90                _adt_hw_channel_deinit
 .text._adt_trigger
                0x000150d8      0x144 ..\..\..\..\..\..\..\lib\twrk70f120m.kds\debug\bsp\bsp.a(adt_kpdb.o)
                0x000150d8                _adt_trigger
 .text._adt_pause
                0x0001521c      0x128 ..\..\..\..\..\..\..\lib\twrk70f120m.kds\debug\bsp\bsp.a(adt_kpdb.o)
                0x0001521c                _adt_pause
 .text._adt_resume
                0x00015344      0x134 ..\..\..\..\..\..\..\lib\twrk70f120m.kds\debug\bsp\bsp.a(adt_kpdb.o)
                0x00015344                _adt_resume
 .text._adt_stop
                0x00015478      0x118 ..\..\..\..\..\..\..\lib\twrk70f120m.kds\debug\bsp\bsp.a(adt_kpdb.o)
                0x00015478                _adt_stop
 .text._adt_process_data
                0x00015590      0x11c ..\..\..\..\..\..\..\lib\twrk70f120m.kds\debug\bsp\bsp.a(adt_kpdb.o)
                0x00015590                _adt_process_data
 .text.adt_idelay_isr
                0x000156ac       0x68 ..\..\..\..\..\..\..\lib\twrk70f120m.kds\debug\bsp\bsp.a(adt_kpdb.o)
 .text._adc_hw_ioctl
                0x00015714      0x564 ..\..\..\..\..\..\..\lib\twrk70f120m.kds\debug\bsp\bsp.a(adc_kadc.o)
                0x00015714                _adc_hw_ioctl
 .text._adc_hw_install
                0x00015c78       0x20 ..\..\..\..\..\..\..\lib\twrk70f120m.kds\debug\bsp\bsp.a(adc_kadc.o)
                0x00015c78                _adc_hw_install
 .text._adc_hw_init
                0x00015c98      0x358 ..\..\..\..\..\..\..\lib\twrk70f120m.kds\debug\bsp\bsp.a(adc_kadc.o)
                0x00015c98                _adc_hw_init
 .text._adc_hw_deinit
                0x00015ff0       0x34 ..\..\..\..\..\..\..\lib\twrk70f120m.kds\debug\bsp\bsp.a(adc_kadc.o)
                0x00015ff0                _adc_hw_deinit
 .text._adc_hw_channel_init
                0x00016024      0x19c ..\..\..\..\..\..\..\lib\twrk70f120m.kds\debug\bsp\bsp.a(adc_kadc.o)
                0x00016024                _adc_hw_channel_init
 .text._adc_hw_channel_deinit
                0x000161c0       0x90 ..\..\..\..\..\..\..\lib\twrk70f120m.kds\debug\bsp\bsp.a(adc_kadc.o)
                0x000161c0                _adc_hw_channel_deinit
 .text.adc_process_data
                0x00016250      0x110 ..\..\..\..\..\..\..\lib\twrk70f120m.kds\debug\bsp\bsp.a(adc_kadc.o)
 .text.adc_process_all_data
                0x00016360       0x54 ..\..\..\..\..\..\..\lib\twrk70f120m.kds\debug\bsp\bsp.a(adc_kadc.o)
                0x00016360                adc_process_all_data
 .text.adc_complete_isr
                0x000163b4       0x3c ..\..\..\..\..\..\..\lib\twrk70f120m.kds\debug\bsp\bsp.a(adc_kadc.o)
 .text.adc_calibrate
                0x000163f0      0x154 ..\..\..\..\..\..\..\lib\twrk70f120m.kds\debug\bsp\bsp.a(adc_kadc.o)
 .text.adc_get_calibration_data
                0x00016544       0xe4 ..\..\..\..\..\..\..\lib\twrk70f120m.kds\debug\bsp\bsp.a(adc_kadc.o)
 .text.adc_set_calibration_data
                0x00016628      0x108 ..\..\..\..\..\..\..\lib\twrk70f120m.kds\debug\bsp\bsp.a(adc_kadc.o)
 .text._bsp_get_adc_base_address
                0x00016730       0x2c ..\..\..\..\..\..\..\lib\twrk70f120m.kds\debug\bsp\bsp.a(adc_mk70.o)
                0x00016730                _bsp_get_adc_base_address
 .text._bsp_get_sai_base_address
                0x0001675c       0x40 ..\..\..\..\..\..\..\lib\twrk70f120m.kds\debug\bsp\bsp.a(sai_mk70.o)
                0x0001675c                _bsp_get_sai_base_address
 .text._bsp_get_sai_tx_vector
                0x0001679c       0x38 ..\..\..\..\..\..\..\lib\twrk70f120m.kds\debug\bsp\bsp.a(sai_mk70.o)
                0x0001679c                _bsp_get_sai_tx_vector
 .text._bsp_get_sai_rx_vector
                0x000167d4       0x38 ..\..\..\..\..\..\..\lib\twrk70f120m.kds\debug\bsp\bsp.a(sai_mk70.o)
                0x000167d4                _bsp_get_sai_rx_vector
 .text._bsp_get_sai_tx_dma_source
                0x0001680c       0x3c ..\..\..\..\..\..\..\lib\twrk70f120m.kds\debug\bsp\bsp.a(sai_mk70.o)
                0x0001680c                _bsp_get_sai_tx_dma_source
 .text._bsp_get_sai_rx_dma_source
                0x00016848       0x3c ..\..\..\..\..\..\..\lib\twrk70f120m.kds\debug\bsp\bsp.a(sai_mk70.o)
                0x00016848                _bsp_get_sai_rx_dma_source
 .text._bsp_get_sai_dma_channel_mask
                0x00016884       0x3c ..\..\..\..\..\..\..\lib\twrk70f120m.kds\debug\bsp\bsp.a(sai_mk70.o)
                0x00016884                _bsp_get_sai_dma_channel_mask
 .text._bsp_get_edma_done_vectors
                0x000168c0       0x34 ..\..\..\..\..\..\..\lib\twrk70f120m.kds\debug\bsp\bsp.a(edma_kinetisf.o)
                0x000168c0                _bsp_get_edma_done_vectors
 .text._bsp_get_edma_error_vectors
                0x000168f4       0x34 ..\..\..\..\..\..\..\lib\twrk70f120m.kds\debug\bsp\bsp.a(edma_kinetisf.o)
                0x000168f4                _bsp_get_edma_error_vectors
 .text._bsp_edma_enable
                0x00016928       0x60 ..\..\..\..\..\..\..\lib\twrk70f120m.kds\debug\bsp\bsp.a(edma_kinetisf.o)
                0x00016928                _bsp_edma_enable
 .text._lwevent_create_internal
                0x00016988      0x128 ..\..\..\..\..\..\..\lib\twrk70f120m.kds\debug\psp\psp.a(lwevent.o)
                0x00016988                _lwevent_create_internal
 .text._lwevent_create
                0x00016ab0       0x20 ..\..\..\..\..\..\..\lib\twrk70f120m.kds\debug\psp\psp.a(lwevent.o)
                0x00016ab0                _lwevent_create
 .text._lwevent_destroy_internal
                0x00016ad0      0x174 ..\..\..\..\..\..\..\lib\twrk70f120m.kds\debug\psp\psp.a(lwevent.o)
                0x00016ad0                _lwevent_destroy_internal
 .text._lwevent_destroy
                0x00016c44       0x1c ..\..\..\..\..\..\..\lib\twrk70f120m.kds\debug\psp\psp.a(lwevent.o)
                0x00016c44                _lwevent_destroy
 .text._lwevent_clear
                0x00016c60       0xb4 ..\..\..\..\..\..\..\lib\twrk70f120m.kds\debug\psp\psp.a(lwevent.o)
                0x00016c60                _lwevent_clear
 .text._lwevent_get_signalled
                0x00016d14       0x68 ..\..\..\..\..\..\..\lib\twrk70f120m.kds\debug\psp\psp.a(lwevent.o)
                0x00016d14                _lwevent_get_signalled
 .text._lwevent_set
                0x00016d7c      0x1c4 ..\..\..\..\..\..\..\lib\twrk70f120m.kds\debug\psp\psp.a(lwevent.o)
                0x00016d7c                _lwevent_set
 .text._lwevent_wait_internal
                0x00016f40      0x158 ..\..\..\..\..\..\..\lib\twrk70f120m.kds\debug\psp\psp.a(lwevent.o)
                0x00016f40                _lwevent_wait_internal
 .text._lwevent_wait_ticks
                0x00017098       0xc8 ..\..\..\..\..\..\..\lib\twrk70f120m.kds\debug\psp\psp.a(lwevent.o)
                0x00017098                _lwevent_wait_ticks
 .text._io_dev_install_drvif
                0x00017160      0x164 ..\..\..\..\..\..\..\lib\twrk70f120m.kds\debug\psp\psp.a(io_instx.o)
                0x00017160                _io_dev_install_drvif
 .text._io_dev_install_ext
                0x000172c4       0x44 ..\..\..\..\..\..\..\lib\twrk70f120m.kds\debug\psp\psp.a(io_instx.o)
                0x000172c4                _io_dev_install_ext
 .text._io_dev_install
                0x00017308       0x44 ..\..\..\..\..\..\..\lib\twrk70f120m.kds\debug\psp\psp.a(io_inst.o)
                0x00017308                _io_dev_install
 .text._io_init
                0x0001734c       0x38 ..\..\..\..\..\..\..\lib\twrk70f120m.kds\debug\psp\psp.a(io_init.o)
                0x0001734c                _io_init
 .text._io_fopen
                0x00017384       0xf4 ..\..\..\..\..\..\..\lib\twrk70f120m.kds\debug\psp\psp.a(io_fopen.o)
                0x00017384                _io_fopen
 .text._psp_int_init
                0x00017478       0x28 ..\..\..\..\..\..\..\lib\twrk70f120m.kds\debug\psp\psp.a(psp_iinit.o)
                0x00017478                _psp_int_init
 .text._nvic_int_init
                0x000174a0       0x90 ..\..\..\..\..\..\..\lib\twrk70f120m.kds\debug\psp\psp.a(nvic.o)
                0x000174a0                _nvic_int_init
 .text._nvic_int_enable
                0x00017530       0x48 ..\..\..\..\..\..\..\lib\twrk70f120m.kds\debug\psp\psp.a(nvic.o)
                0x00017530                _nvic_int_enable
 .text._nvic_int_disable
                0x00017578       0x48 ..\..\..\..\..\..\..\lib\twrk70f120m.kds\debug\psp\psp.a(nvic.o)
                0x00017578                _nvic_int_disable
 .text._kinetis_mpu_disable
                0x000175c0       0x20 ..\..\..\..\..\..\..\lib\twrk70f120m.kds\debug\psp\psp.a(kinetis_mpu.o)
                0x000175c0                _kinetis_mpu_disable
 .text._int_set_vector_table
                0x000175e0       0x34 ..\..\..\..\..\..\..\lib\twrk70f120m.kds\debug\psp\psp.a(int_vtab.o)
                0x000175e0                _int_set_vector_table
 .text._psp_int_install
                0x00017614       0x20 ..\..\..\..\..\..\..\lib\twrk70f120m.kds\debug\psp\psp.a(int_inst.o)
                0x00017614                _psp_int_install
 .text._dcache_enable
                0x00017634       0x30 ..\..\..\..\..\..\..\lib\twrk70f120m.kds\debug\psp\psp.a(cache.o)
                0x00017634                _dcache_enable
 .text._dcache_invalidate_line
                0x00017664       0x40 ..\..\..\..\..\..\..\lib\twrk70f120m.kds\debug\psp\psp.a(cache.o)
                0x00017664                _dcache_invalidate_line
 .text._dcache_invalidate_mlines
                0x000176a4       0x34 ..\..\..\..\..\..\..\lib\twrk70f120m.kds\debug\psp\psp.a(cache.o)
                0x000176a4                _dcache_invalidate_mlines
 .text._dcache_flush_line
                0x000176d8       0x40 ..\..\..\..\..\..\..\lib\twrk70f120m.kds\debug\psp\psp.a(cache.o)
                0x000176d8                _dcache_flush_line
 .text._dcache_flush_mlines
                0x00017718       0x34 ..\..\..\..\..\..\..\lib\twrk70f120m.kds\debug\psp\psp.a(cache.o)
                0x00017718                _dcache_flush_mlines
 .text._icache_enable
                0x0001774c       0x2c ..\..\..\..\..\..\..\lib\twrk70f120m.kds\debug\psp\psp.a(cache.o)
                0x0001774c                _icache_enable
 *(.rodata*)
 .rodata        0x00017778       0x18 Sources\hello.o
 .rodata.MQX_template_list
                0x00017790       0x40 Sources\hello.o
                0x00017790                MQX_template_list
 .rodata        0x000177d0        0x8 ..\..\..\..\..\..\..\lib\twrk70f120m.kds\debug\psp\psp.a(io_dopr.o)
 .rodata.upper_hex_string
                0x000177d8       0x14 ..\..\..\..\..\..\..\lib\twrk70f120m.kds\debug\psp\psp.a(io_dopr.o)
 .rodata.lower_hex_string
                0x000177ec       0x14 ..\..\..\..\..\..\..\lib\twrk70f120m.kds\debug\psp\psp.a(io_dopr.o)
 .rodata._mqx_zero_tick_struct
                0x00017800        0xc ..\..\..\..\..\..\..\lib\twrk70f120m.kds\debug\psp\psp.a(mqx.o)
                0x00017800                _mqx_zero_tick_struct
 .rodata._mqx_version_number
                0x0001780c        0x4 ..\..\..\..\..\..\..\lib\twrk70f120m.kds\debug\psp\psp.a(mqx.o)
                0x0001780c                _mqx_version_number
 .rodata        0x00017810       0x98 ..\..\..\..\..\..\..\lib\twrk70f120m.kds\debug\psp\psp.a(mqx.o)
 .rodata._mqx_vendor
                0x000178a8        0x4 ..\..\..\..\..\..\..\lib\twrk70f120m.kds\debug\psp\psp.a(mqx.o)
                0x000178a8                _mqx_vendor
 .rodata        0x000178ac       0x7c ..\..\..\..\..\..\..\lib\twrk70f120m.kds\debug\psp\psp.a(mem.o)
 .rodata.__func__.7973
                0x00017928       0x20 ..\..\..\..\..\..\..\lib\twrk70f120m.kds\debug\psp\psp.a(mem.o)
 .rodata        0x00017948       0x40 ..\..\..\..\..\..\..\lib\twrk70f120m.kds\debug\psp\psp.a(task.o)
 .rodata.__func__.7897
                0x00017988       0x18 ..\..\..\..\..\..\..\lib\twrk70f120m.kds\debug\psp\psp.a(task.o)
 .rodata.str1.4
                0x000179a0        0x4 ..\..\..\..\..\..\..\..\KDS_v3\toolchain\arm-none-eabi\lib\armv7e-m\fpu\libc.a(lib_a-impure.o)
 .rodata._global_impure_ptr
                0x000179a4        0x4 ..\..\..\..\..\..\..\..\KDS_v3\toolchain\arm-none-eabi\lib\armv7e-m\fpu\libc.a(lib_a-impure.o)
                0x000179a4                _global_impure_ptr
 .rodata        0x000179a8        0x8 ..\..\..\..\..\..\..\lib\twrk70f120m.kds\debug\bsp\bsp.a(mqx_init.o)
 .rodata.MQX_init_struct
                0x000179b0       0x30 ..\..\..\..\..\..\..\lib\twrk70f120m.kds\debug\bsp\bsp.a(mqx_init.o)
                0x000179b0                MQX_init_struct
 .rodata.adc0_conv_table_a.9553
                0x000179e0        0x4 ..\..\..\..\..\..\..\lib\twrk70f120m.kds\debug\bsp\bsp.a(init_gpio.o)
 .rodata.adc0_conv_table_bx.9552
                0x000179e4       0x1c ..\..\..\..\..\..\..\lib\twrk70f120m.kds\debug\bsp\bsp.a(init_gpio.o)
 .rodata.adc1_conv_table_a.9555
                0x00017a00        0x4 ..\..\..\..\..\..\..\lib\twrk70f120m.kds\debug\bsp\bsp.a(init_gpio.o)
 .rodata.adc1_conv_table_bx.9554
                0x00017a04       0x1c ..\..\..\..\..\..\..\lib\twrk70f120m.kds\debug\bsp\bsp.a(init_gpio.o)
 .rodata.adc2_conv_table_a.9557
                0x00017a20        0x4 ..\..\..\..\..\..\..\lib\twrk70f120m.kds\debug\bsp\bsp.a(init_gpio.o)
 .rodata.adc2_conv_table_bx.9556
                0x00017a24       0x1c ..\..\..\..\..\..\..\lib\twrk70f120m.kds\debug\bsp\bsp.a(init_gpio.o)
 .rodata.adc3_conv_table_a.9559
                0x00017a40        0x4 ..\..\..\..\..\..\..\lib\twrk70f120m.kds\debug\bsp\bsp.a(init_gpio.o)
 .rodata.adc3_conv_table_bx.9558
                0x00017a44       0x1c ..\..\..\..\..\..\..\lib\twrk70f120m.kds\debug\bsp\bsp.a(init_gpio.o)
 .rodata        0x00017a60       0x30 ..\..\..\..\..\..\..\lib\twrk70f120m.kds\debug\bsp\bsp.a(init_bsp.o)
 .rodata._bsp_pdb_init
                0x00017a90       0x10 ..\..\..\..\..\..\..\lib\twrk70f120m.kds\debug\bsp\bsp.a(init_adc.o)
                0x00017a90                _bsp_pdb_init
 .rodata._bsp_adc1_init
                0x00017aa0       0x18 ..\..\..\..\..\..\..\lib\twrk70f120m.kds\debug\bsp\bsp.a(init_adc.o)
                0x00017aa0                _bsp_adc1_init
 .rodata.MCGTransitionMatrix
                0x00017ab8       0x1c ..\..\..\..\..\..\..\lib\twrk70f120m.kds\debug\bsp\bsp.a(bsp_cm.o)
 .rodata.PE_CpuClockConfigurations
                0x00017ad4       0x78 ..\..\..\..\..\..\..\lib\twrk70f120m.kds\debug\bsp\bsp.a(bsp_cm.o)
                0x00017ad4                PE_CpuClockConfigurations
 .rodata.TRANSMIT_FIFO_SIZE
                0x00017b4c        0x8 ..\..\..\..\..\..\..\lib\twrk70f120m.kds\debug\bsp\bsp.a(serl_pol_kuart.o)
 .rodata.RECEIVE_FIFO_SIZE
                0x00017b54        0x8 ..\..\..\..\..\..\..\lib\twrk70f120m.kds\debug\bsp\bsp.a(serl_pol_kuart.o)
 .rodata        0x00017b5c       0x10 ..\..\..\..\..\..\..\lib\twrk70f120m.kds\debug\bsp\bsp.a(io_sinit.o)
 .rodata        0x00017b6c        0x4 ..\..\..\..\..\..\..\lib\twrk70f120m.kds\debug\bsp\bsp.a(sai_dma.o)
 .rodata.BAUDRATE_MULT
                0x00017b70        0xc ..\..\..\..\..\..\..\lib\twrk70f120m.kds\debug\bsp\bsp.a(i2c_pol_ki2c.o)
 .rodata.BAUDRATE_ICR
                0x00017b7c      0x100 ..\..\..\..\..\..\..\lib\twrk70f120m.kds\debug\bsp\bsp.a(i2c_pol_ki2c.o)
 .rodata.systick_devif
                0x00017c7c       0x18 ..\..\..\..\..\..\..\lib\twrk70f120m.kds\debug\bsp\bsp.a(hwtimer_systick.o)
                0x00017c7c                systick_devif
 .rodata.alignment_tab
                0x00017c94       0x10 ..\..\..\..\..\..\..\lib\twrk70f120m.kds\debug\bsp\bsp.a(dma.o)
 .rodata._bsp_sci2_init
                0x00017ca4       0x24 ..\..\..\..\..\..\..\lib\twrk70f120m.kds\debug\bsp\bsp.a(init_sci.o)
                0x00017ca4                _bsp_sci2_init
 .rodata        0x00017cc8        0x8 ..\..\..\..\..\..\..\lib\twrk70f120m.kds\debug\bsp\bsp.a(init_sai.o)
 .rodata._bsp_sai_init
                0x00017cd0       0x14 ..\..\..\..\..\..\..\lib\twrk70f120m.kds\debug\bsp\bsp.a(init_sai.o)
                0x00017cd0                _bsp_sai_init
 .rodata._bsp_i2c0_init
                0x00017ce4       0x14 ..\..\..\..\..\..\..\lib\twrk70f120m.kds\debug\bsp\bsp.a(init_i2c.o)
                0x00017ce4                _bsp_i2c0_init
 .rodata._bsp_esdhc0_init
                0x00017cf8        0xc ..\..\..\..\..\..\..\lib\twrk70f120m.kds\debug\bsp\bsp.a(init_esdhc.o)
                0x00017cf8                _bsp_esdhc0_init
 .rodata._bsp_dma_devif_list
                0x00017d04       0x18 ..\..\..\..\..\..\..\lib\twrk70f120m.kds\debug\bsp\bsp.a(init_dma.o)
                0x00017d04                _bsp_dma_devif_list
 .rodata.adc_max_frq_table.9720
                0x00017d1c       0x20 ..\..\..\..\..\..\..\lib\twrk70f120m.kds\debug\bsp\bsp.a(adc_kadc.o)
 .rodata.edma_done_vectors
                0x00017d3c       0x40 ..\..\..\..\..\..\..\lib\twrk70f120m.kds\debug\bsp\bsp.a(edma_kinetisf.o)
 .rodata.edma_error_vectors
                0x00017d7c        0x4 ..\..\..\..\..\..\..\lib\twrk70f120m.kds\debug\bsp\bsp.a(edma_kinetisf.o)
 *(.eh_frame)
 *(.eh_frame_hdr)
                0x00017d80                . = ALIGN (0x8)
 *crtbegin.o(.ctors)
 *(EXCLUDE_FILE(*crtend.o) .ctors)
 *(SORT(.ctors.*))
 *crtend.o(.ctors)
 *crtbegin.o(.dtors)
 *(EXCLUDE_FILE(*crtend.o) .dtors)
 *(SORT(.dtors.*))
 *crtend.o(.dtors)
                0x00017d80                __preinit_array_start = .
 *(.preinit_array*)
                0x00017d80                __preinit_array_end = .
                0x00017d80                __init_array_start = .
 *(SORT(.init_array.*))
 .init_array.00000
                0x00017d80        0x4 ..\..\..\..\..\..\..\..\KDS_v3\toolchain\arm-none-eabi\lib\armv7e-m\fpu\libc.a(lib_a-__call_atexit.o)
 *(.init_array*)
                0x00017d84                __init_array_end = .
                0x00017d84                __fini_array_start = .
 *(SORT(.fini_array.*))
 *(.fini_array*)
                0x00017d84                __fini_array_end = .
                0x00017d84                . = ALIGN (0x4)
                0x00017d84                __zero_table_start__ = .
                0x00017d84        0x4 LONG 0x700004a8 _bss_start
                0x00017d88        0x4 LONG 0x154 (_bss_end - _bss_start)
                0x00017d8c                __zero_table_end__ = .
                0x00017d8c                . = ALIGN (0x4)
                0x00017d8c                __copy_table_start__ = .
                0x00017d8c        0x4 LONG 0x17da0 LOADADDR (.data)
                0x00017d90        0x4 LONG 0x70000000 _data_start
                0x00017d94        0x4 LONG 0x4a4 (_data_end - _data_start)
                0x00017d98                __copy_table_end__ = .

.glue_7         0x00017d98        0x0
 .glue_7        0x00000000        0x0 linker stubs

.glue_7t        0x00017d98        0x0
 .glue_7t       0x00000000        0x0 linker stubs

.vfp11_veneer   0x00017d98        0x0
 .vfp11_veneer  0x00000000        0x0 linker stubs

.v4_bx          0x00017d98        0x0
 .v4_bx         0x00000000        0x0 linker stubs

.iplt           0x00017d98        0x0
 .iplt          0x00000000        0x0 Sources\hello.o

.ARM.extab
 *(.ARM.extab* .gnu.linkonce.armextab.*)

.ARM            0x00017d98        0x8
                0x00017d98                __exidx_start = .
 *(.ARM.exidx*)
 .ARM.exidx     0x00017d98        0x8 ..\..\..\..\..\..\..\..\KDS_v3\toolchain\lib\gcc\arm-none-eabi\4.8.4\armv7e-m\fpu\libgcc.a(_divdi3.o)
 .ARM.exidx     0x00017da0        0x0 ..\..\..\..\..\..\..\..\KDS_v3\toolchain\lib\gcc\arm-none-eabi\4.8.4\armv7e-m\fpu\libgcc.a(_udivdi3.o)
                                  0x8 (size before relaxing)
                0x00017da0                __exidx_end = .

.rel.dyn        0x00017da0        0x0
 .rel.iplt      0x00000000        0x0 Sources\hello.o

.data           0x70000000      0x4a4 load address 0x00017da0
                0x70000000                . = ALIGN (0x80)
                0x70000000                _data_start = .
                0x70000000                __VECTOR_TABLE_RAM_START = .
 *(.vectors_ram)
 *(.data*)
 .data._mqx_kernel_data
                0x70000000        0x4 ..\..\..\..\..\..\..\lib\twrk70f120m.kds\debug\psp\psp.a(mqx.o)
                0x70000000                _mqx_kernel_data
 *fill*         0x70000004        0x4 
 .data.impure_data
                0x70000008      0x428 ..\..\..\..\..\..\..\..\KDS_v3\toolchain\arm-none-eabi\lib\armv7e-m\fpu\libc.a(lib_a-impure.o)
 .data._bsp_audio_data_init
                0x70000430        0xc ..\..\..\..\..\..\..\lib\twrk70f120m.kds\debug\bsp\bsp.a(init_sai.o)
                0x70000430                _bsp_audio_data_init
 .data._bsp_ksai_init
                0x7000043c       0x1c ..\..\..\..\..\..\..\lib\twrk70f120m.kds\debug\bsp\bsp.a(init_sai.o)
                0x7000043c                _bsp_ksai_init
 .data.edma_devif
                0x70000458       0x2c ..\..\..\..\..\..\..\lib\twrk70f120m.kds\debug\bsp\bsp.a(edma.o)
                0x70000458                edma_devif
 .data.edma_base_tab
                0x70000484        0x4 ..\..\..\..\..\..\..\lib\twrk70f120m.kds\debug\bsp\bsp.a(edma.o)
 .data.dmamux_base_tab
                0x70000488        0x8 ..\..\..\..\..\..\..\lib\twrk70f120m.kds\debug\bsp\bsp.a(edma.o)
 .data.pdb_external
                0x70000490        0x4 ..\..\..\..\..\..\..\lib\twrk70f120m.kds\debug\bsp\bsp.a(adt_kpdb.o)
 .data.adc_address
                0x70000494       0x10 ..\..\..\..\..\..\..\lib\twrk70f120m.kds\debug\bsp\bsp.a(adc_mk70.o)
                0x700004a4                . = ALIGN (0x4)
                0x700004a4                _data_end = .

.igot.plt       0x700004a4        0x0 load address 0x00018244
 .igot.plt      0x00000000        0x0 Sources\hello.o

.rom_end_data   0x00018244        0x0
                0x00018244                _rom_data_end = .

.bss            0x700004a8      0x154
                0x700004a8                . = ALIGN (0x4)
                0x700004a8                _bss_start = .
 *(.bss*)
 .bss.heuristic.7829
                0x700004a8        0x4 ..\..\..\..\..\..\..\lib\twrk70f120m.kds\debug\psp\psp.a(psp_mstiq.o)
 .bss.ms_per_tick.7828
                0x700004ac        0x4 ..\..\..\..\..\..\..\lib\twrk70f120m.kds\debug\psp\psp.a(psp_mstiq.o)
 .bss.ClockConfigurationID
                0x700004b0        0x1 ..\..\..\..\..\..\..\lib\twrk70f120m.kds\debug\bsp\bsp.a(bsp_cm.o)
 *fill*         0x700004b1        0x3 
 .bss.alarm_time
                0x700004b4        0x4 ..\..\..\..\..\..\..\lib\twrk70f120m.kds\debug\bsp\bsp.a(krtc.o)
 .bss.alarm_period
                0x700004b8        0x4 ..\..\..\..\..\..\..\lib\twrk70f120m.kds\debug\bsp\bsp.a(krtc.o)
 .bss.devif_list
                0x700004bc        0x4 ..\..\..\..\..\..\..\lib\twrk70f120m.kds\debug\bsp\bsp.a(dma.o)
 .bss.devif_list_count
                0x700004c0        0x4 ..\..\..\..\..\..\..\lib\twrk70f120m.kds\debug\bsp\bsp.a(dma.o)
 .bss.edma_channel_context
                0x700004c4       0x80 ..\..\..\..\..\..\..\lib\twrk70f120m.kds\debug\bsp\bsp.a(edma.o)
 .bss.pdb_internal
                0x70000544       0x34 ..\..\..\..\..\..\..\lib\twrk70f120m.kds\debug\bsp\bsp.a(adt_kpdb.o)
 .bss.adc_internal
                0x70000578       0x24 ..\..\..\..\..\..\..\lib\twrk70f120m.kds\debug\bsp\bsp.a(adc_kadc.o)
 *(COMMON)
 COMMON         0x7000059c       0x10 ..\..\..\..\..\..\..\lib\twrk70f120m.kds\debug\psp\psp.a(mqx.o)
                0x7000059c                _mqx_system_stack
                0x700005a0                _sleep_p3_loop_ram
                0x700005a4                _sleep_p3_ram
                0x700005a8                _sleep_p3_wfi_ram
 *fill*         0x700005ac        0x4 
 COMMON         0x700005b0       0x48 ..\..\..\..\..\..\..\lib\twrk70f120m.kds\debug\bsp\bsp.a(init_bsp.o)
                0x700005b0                _BSP_sram_pool
                0x700005b8                systimer
 COMMON         0x700005f8        0x4 ..\..\..\..\..\..\..\lib\twrk70f120m.kds\debug\bsp\bsp.a(adc_kadc.o)
                0x700005f8                adc_bundle
                0x700005fc                . = ALIGN (0x4)
                0x700005fc                _bss_end = .

.kernel_data    0x700005fc        0x4
                0x70000600                . = ALIGN (0x10)
 *fill*         0x700005fc        0x4 
                0x70000600                __KERNEL_DATA_START = .

.end_of_kernel_data
                0x77fffff0        0x0
                0x77fffff0                __KERNEL_DATA_END = .
                0x77fffff0                __KERNEL_AREA_END = .

.boot_stack     0x2000fa00        0x0
                0x2000fa00                _stack_end = .

.end_of_boot_stack
                0x2000fc00        0x0
                0x2000fc00                __BOOT_STACK_ADDRESS = .

.sram_data      0x1fff0000        0x0
                0x1fff0000                . = ALIGN (0x200)
                0x1fff0000                __BDT_BASE = .
 *(.usb_bdt)
                0x1fff0000                __BDT_END = .
                0x1fff0000                __SRAM_POOL = .
                0x1fff0000                __UNCACHED_DATA_START = .
                0x00018244                _flashx_start = _rom_data_end
                0x00019000                __FLASHX_START_ADDR = ((((_flashx_start + __FLASHX_SECT_SIZE) - 0x1) / __FLASHX_SECT_SIZE) * __FLASHX_SECT_SIZE)
                0x00100000                __FLASHX_END_ADDR = (__INTERNAL_FLASH_BASE + __INTERNAL_FLASH_SIZE)
OUTPUT(hello.elf elf32-littlearm)

.debug_info     0x00000000    0x3bf19
 .debug_info    0x00000000      0x1bc Sources\hello.o
 .debug_info    0x000001bc      0x11a ..\..\..\..\..\..\..\lib\twrk70f120m.kds\debug\bsp\bsp.a(vectors.o)
 .debug_info    0x000002d6      0x410 ..\..\..\..\..\..\..\lib\twrk70f120m.kds\debug\psp\psp.a(io_pntf.o)
 .debug_info    0x000006e6      0x3ed ..\..\..\..\..\..\..\lib\twrk70f120m.kds\debug\psp\psp.a(io_fputc.o)
 .debug_info    0x00000ad3      0x8c5 ..\..\..\..\..\..\..\lib\twrk70f120m.kds\debug\psp\psp.a(io_dopr.o)
 .debug_info    0x00001398       0x9e ..\..\..\..\..\..\..\lib\twrk70f120m.kds\debug\psp\psp.a(dispatch.o)
 .debug_info    0x00001436       0x9a ..\..\..\..\..\..\..\lib\twrk70f120m.kds\debug\psp\psp.a(boot.o)
 .debug_info    0x000014d0     0x174f ..\..\..\..\..\..\..\lib\twrk70f120m.kds\debug\psp\psp.a(mqx.o)
 .debug_info    0x00002c1f     0x2865 ..\..\..\..\..\..\..\lib\twrk70f120m.kds\debug\psp\psp.a(mem.o)
 .debug_info    0x00005484     0x15a4 ..\..\..\..\..\..\..\lib\twrk70f120m.kds\debug\psp\psp.a(lwsem.o)
 .debug_info    0x00006a28     0x163d ..\..\..\..\..\..\..\lib\twrk70f120m.kds\debug\psp\psp.a(klog.o)
 .debug_info    0x00008065     0x1451 ..\..\..\..\..\..\..\lib\twrk70f120m.kds\debug\psp\psp.a(int.o)
 .debug_info    0x000094b6      0xfe3 ..\..\..\..\..\..\..\lib\twrk70f120m.kds\debug\psp\psp.a(inittask.o)
 .debug_info    0x0000a499      0xfa8 ..\..\..\..\..\..\..\lib\twrk70f120m.kds\debug\psp\psp.a(idletask.o)
 .debug_info    0x0000b441      0xfa6 ..\..\..\..\..\..\..\lib\twrk70f120m.kds\debug\psp\psp.a(io_ghand.o)
 .debug_info    0x0000c3e7      0x60e ..\..\..\..\..\..\..\lib\twrk70f120m.kds\debug\psp\psp.a(io_fp.o)
 .debug_info    0x0000c9f5     0x11ab ..\..\..\..\..\..\..\lib\twrk70f120m.kds\debug\psp\psp.a(sc_irdyq.o)
 .debug_info    0x0000dba0     0x103c ..\..\..\..\..\..\..\lib\twrk70f120m.kds\debug\psp\psp.a(psp_tiad.o)
 .debug_info    0x0000ebdc       0xe4 ..\..\..\..\..\..\..\lib\twrk70f120m.kds\debug\psp\psp.a(k_assert.o)
 .debug_info    0x0000ecc0      0x3b7 ..\..\..\..\..\..\..\lib\twrk70f120m.kds\debug\psp\psp.a(comp.o)
 .debug_info    0x0000f077     0x235b ..\..\..\..\..\..\..\lib\twrk70f120m.kds\debug\psp\psp.a(time.o)
 .debug_info    0x000113d2     0x27c5 ..\..\..\..\..\..\..\lib\twrk70f120m.kds\debug\psp\psp.a(task.o)
 .debug_info    0x00013b97     0x12e4 ..\..\..\..\..\..\..\lib\twrk70f120m.kds\debug\psp\psp.a(sched.o)
 .debug_info    0x00014e7b      0x447 ..\..\..\..\..\..\..\lib\twrk70f120m.kds\debug\psp\psp.a(queue.o)
 .debug_info    0x000152c2     0x1785 ..\..\..\..\..\..\..\lib\twrk70f120m.kds\debug\psp\psp.a(lwlog.o)