Archive member included because of file (symbol)

C:\Users\PMcL\Documents\Subjects\48434 Embedded Software\4 Labs\Lab 4\Solution\Lab4withLab3Lib\Library\libLab3.a(FTM.o)
                              ./Sources/main.o (FTM_Init)
C:\Users\PMcL\Documents\Subjects\48434 Embedded Software\4 Labs\Lab 4\Solution\Lab4withLab3Lib\Library\libLab3.a(Flash.o)
                              ./Sources/main.o (Flash_Init)
C:\Users\PMcL\Documents\Subjects\48434 Embedded Software\4 Labs\Lab 4\Solution\Lab4withLab3Lib\Library\libLab3.a(LEDs.o)
                              ./Sources/main.o (LEDs_Init)
C:\Users\PMcL\Documents\Subjects\48434 Embedded Software\4 Labs\Lab 4\Solution\Lab4withLab3Lib\Library\libLab3.a(PIT.o)
                              ./Sources/main.o (PIT_Init)
C:\Users\PMcL\Documents\Subjects\48434 Embedded Software\4 Labs\Lab 4\Solution\Lab4withLab3Lib\Library\libLab3.a(RTC.o)
                              ./Sources/main.o (RTC_Init)
C:\Users\PMcL\Documents\Subjects\48434 Embedded Software\4 Labs\Lab 4\Solution\Lab4withLab3Lib\Library\libLab3.a(UART.o)
                              ./Generated_Code/Vectors.o (UART_ISR)
C:\Users\PMcL\Documents\Subjects\48434 Embedded Software\4 Labs\Lab 4\Solution\Lab4withLab3Lib\Library\libLab3.a(packet.o)
                              ./Sources/main.o (Packet)
C:\Users\PMcL\Documents\Subjects\48434 Embedded Software\4 Labs\Lab 4\Solution\Lab4withLab3Lib\Library\libLab3.a(FIFO.o)
                              C:\Users\PMcL\Documents\Subjects\48434 Embedded Software\4 Labs\Lab 4\Solution\Lab4withLab3Lib\Library\libLab3.a(UART.o) (FIFO_Init)
c:/freescale/kds_3.0.0/toolchain/bin/../lib/gcc/arm-none-eabi/4.8.4/../../../../arm-none-eabi/lib/armv7e-m/fpu\libg_s.a(lib_a-exit.o)
                              c:/freescale/kds_3.0.0/toolchain/bin/../lib/gcc/arm-none-eabi/4.8.4/../../../../arm-none-eabi/lib/armv7e-m/fpu/crt0.o (exit)
c:/freescale/kds_3.0.0/toolchain/bin/../lib/gcc/arm-none-eabi/4.8.4/../../../../arm-none-eabi/lib/armv7e-m/fpu\libg_s.a(lib_a-impure.o)
                              c:/freescale/kds_3.0.0/toolchain/bin/../lib/gcc/arm-none-eabi/4.8.4/../../../../arm-none-eabi/lib/armv7e-m/fpu\libg_s.a(lib_a-exit.o) (_global_impure_ptr)
c:/freescale/kds_3.0.0/toolchain/bin/../lib/gcc/arm-none-eabi/4.8.4/../../../../arm-none-eabi/lib/armv7e-m/fpu\libg_s.a(lib_a-init.o)
                              c:/freescale/kds_3.0.0/toolchain/bin/../lib/gcc/arm-none-eabi/4.8.4/../../../../arm-none-eabi/lib/armv7e-m/fpu/crt0.o (__libc_init_array)
c:/freescale/kds_3.0.0/toolchain/bin/../lib/gcc/arm-none-eabi/4.8.4/../../../../arm-none-eabi/lib/armv7e-m/fpu\libg_s.a(lib_a-memcpy-stub.o)
                              ./Sources/I2C.o (memcpy)
c:/freescale/kds_3.0.0/toolchain/bin/../lib/gcc/arm-none-eabi/4.8.4/../../../../arm-none-eabi/lib/armv7e-m/fpu\libg_s.a(lib_a-memset.o)
                              c:/freescale/kds_3.0.0/toolchain/bin/../lib/gcc/arm-none-eabi/4.8.4/../../../../arm-none-eabi/lib/armv7e-m/fpu/crt0.o (memset)
c:/freescale/kds_3.0.0/toolchain/bin/../lib/gcc/arm-none-eabi/4.8.4/../../../../arm-none-eabi/lib/armv7e-m/fpu\libnosys.a(_exit.o)
                              c:/freescale/kds_3.0.0/toolchain/bin/../lib/gcc/arm-none-eabi/4.8.4/../../../../arm-none-eabi/lib/armv7e-m/fpu\libg_s.a(lib_a-exit.o) (_exit)

Allocating common symbols
Common symbol       size              file

NvTowerNb           0x4               ./Sources/main.o
Packet              0x5               C:\Users\PMcL\Documents\Subjects\48434 Embedded Software\4 Labs\Lab 4\Solution\Lab4withLab3Lib\Library\libLab3.a(packet.o)
NvTowerMode         0x4               ./Sources/main.o
SR_reg              0x1               ./Generated_Code/Cpu.o

Discarded input sections

 .text          0x00000000        0x0 c:/freescale/kds_3.0.0/toolchain/bin/../lib/gcc/arm-none-eabi/4.8.4/armv7e-m/fpu/crti.o
 .data          0x00000000        0x0 c:/freescale/kds_3.0.0/toolchain/bin/../lib/gcc/arm-none-eabi/4.8.4/armv7e-m/fpu/crti.o
 .bss           0x00000000        0x0 c:/freescale/kds_3.0.0/toolchain/bin/../lib/gcc/arm-none-eabi/4.8.4/armv7e-m/fpu/crti.o
 .data          0x00000000        0x4 c:/freescale/kds_3.0.0/toolchain/bin/../lib/gcc/arm-none-eabi/4.8.4/armv7e-m/fpu/crtbegin.o
 .data          0x00000000        0x0 c:/freescale/kds_3.0.0/toolchain/bin/../lib/gcc/arm-none-eabi/4.8.4/../../../../arm-none-eabi/lib/armv7e-m/fpu/crt0.o
 .bss           0x00000000        0x0 c:/freescale/kds_3.0.0/toolchain/bin/../lib/gcc/arm-none-eabi/4.8.4/../../../../arm-none-eabi/lib/armv7e-m/fpu/crt0.o
 .ARM.extab     0x00000000        0x0 c:/freescale/kds_3.0.0/toolchain/bin/../lib/gcc/arm-none-eabi/4.8.4/../../../../arm-none-eabi/lib/armv7e-m/fpu/crt0.o
 .group         0x00000000        0x8 ./Sources/I2C.o
 .group         0x00000000        0x8 ./Sources/I2C.o
 .group         0x00000000        0x8 ./Sources/I2C.o
 .group         0x00000000        0x8 ./Sources/I2C.o
 .group         0x00000000        0x8 ./Sources/I2C.o
 .group         0x00000000        0x8 ./Sources/I2C.o
 .text          0x00000000        0x0 ./Sources/I2C.o
 .data          0x00000000        0x0 ./Sources/I2C.o
 .bss           0x00000000        0x0 ./Sources/I2C.o
 .text.I2C_SelectSlaveDevice
                0x00000000       0x20 ./Sources/I2C.o
 .group         0x00000000        0x8 ./Sources/accel.o
 .group         0x00000000        0x8 ./Sources/accel.o
 .group         0x00000000        0x8 ./Sources/accel.o
 .group         0x00000000        0x8 ./Sources/accel.o
 .group         0x00000000        0x8 ./Sources/accel.o
 .group         0x00000000        0x8 ./Sources/accel.o
 .group         0x00000000        0x8 ./Sources/accel.o
 .group         0x00000000        0x8 ./Sources/accel.o
 .group         0x00000000        0x8 ./Sources/accel.o
 .group         0x00000000        0x8 ./Sources/accel.o
 .text          0x00000000        0x0 ./Sources/accel.o
 .data          0x00000000        0x0 ./Sources/accel.o
 .bss           0x00000000        0x0 ./Sources/accel.o
 .bss.AccelMode
                0x00000000        0x1 ./Sources/accel.o
 .debug_macro   0x00000000      0x850 ./Sources/accel.o
 .debug_macro   0x00000000       0x16 ./Sources/accel.o
 .debug_macro   0x00000000       0x44 ./Sources/accel.o
 .debug_macro   0x00000000      0x209 ./Sources/accel.o
 .debug_macro   0x00000000       0x22 ./Sources/accel.o
 .debug_macro   0x00000000    0x174c1 ./Sources/accel.o
 .group         0x00000000        0x8 ./Sources/main.o
 .group         0x00000000        0x8 ./Sources/main.o
 .group         0x00000000        0x8 ./Sources/main.o
 .group         0x00000000        0x8 ./Sources/main.o
 .group         0x00000000        0x8 ./Sources/main.o
 .group         0x00000000        0x8 ./Sources/main.o
 .group         0x00000000        0x8 ./Sources/main.o
 .group         0x00000000        0x8 ./Sources/main.o
 .group         0x00000000        0x8 ./Sources/main.o
 .group         0x00000000        0x8 ./Sources/main.o
 .group         0x00000000        0x8 ./Sources/main.o
 .group         0x00000000        0x8 ./Sources/main.o
 .text          0x00000000        0x0 ./Sources/main.o
 .data          0x00000000        0x0 ./Sources/main.o
 .bss           0x00000000        0x0 ./Sources/main.o
 .rodata.MAJOR_VERSION
                0x00000000        0x1 ./Sources/main.o
 .rodata.MINOR_VERSION
                0x00000000        0x1 ./Sources/main.o
 .rodata.BAUD_RATE
                0x00000000        0x4 ./Sources/main.o
 .rodata.INIT_SUCCESSFUL
                0x00000000        0x1 ./Sources/main.o
 .rodata.PIT_PERIOD
                0x00000000        0x4 ./Sources/main.o
 .text.HandleTowerModePackets
                0x00000000       0x60 ./Sources/main.o
 .debug_macro   0x00000000      0x850 ./Sources/main.o
 .debug_macro   0x00000000       0x16 ./Sources/main.o
 .debug_macro   0x00000000       0x44 ./Sources/main.o
 .debug_macro   0x00000000      0x209 ./Sources/main.o
 .debug_macro   0x00000000      0x14e ./Sources/main.o
 .debug_macro   0x00000000       0x64 ./Sources/main.o
 .debug_macro   0x00000000    0x174c1 ./Sources/main.o
 .debug_macro   0x00000000       0x22 ./Sources/main.o
 .group         0x00000000        0x8 ./Sources/median.o
 .group         0x00000000        0x8 ./Sources/median.o
 .group         0x00000000        0x8 ./Sources/median.o
 .group         0x00000000        0x8 ./Sources/median.o
 .group         0x00000000        0x8 ./Sources/median.o
 .text          0x00000000        0x0 ./Sources/median.o
 .data          0x00000000        0x0 ./Sources/median.o
 .bss           0x00000000        0x0 ./Sources/median.o
 .debug_macro   0x00000000      0x850 ./Sources/median.o
 .debug_macro   0x00000000       0x16 ./Sources/median.o
 .debug_macro   0x00000000       0x44 ./Sources/median.o
 .debug_macro   0x00000000      0x209 ./Sources/median.o
 .debug_macro   0x00000000       0x22 ./Sources/median.o
 .group         0x00000000        0x8 ./Project_Settings/Startup_Code/startup.o
 .group         0x00000000        0x8 ./Project_Settings/Startup_Code/startup.o
 .group         0x00000000        0x8 ./Project_Settings/Startup_Code/startup.o
 .group         0x00000000        0x8 ./Project_Settings/Startup_Code/startup.o
 .group         0x00000000        0x8 ./Project_Settings/Startup_Code/startup.o
 .group         0x00000000        0x8 ./Project_Settings/Startup_Code/startup.o
 .group         0x00000000        0x8 ./Project_Settings/Startup_Code/startup.o
 .group         0x00000000        0x8 ./Project_Settings/Startup_Code/startup.o
 .group         0x00000000        0x8 ./Project_Settings/Startup_Code/startup.o
 .group         0x00000000        0x8 ./Project_Settings/Startup_Code/startup.o
 .group         0x00000000        0x8 ./Project_Settings/Startup_Code/startup.o
 .group         0x00000000        0x8 ./Project_Settings/Startup_Code/startup.o
 .group         0x00000000        0x8 ./Project_Settings/Startup_Code/startup.o
 .group         0x00000000        0x8 ./Project_Settings/Startup_Code/startup.o
 .group         0x00000000        0x8 ./Project_Settings/Startup_Code/startup.o
 .group         0x00000000        0x8 ./Project_Settings/Startup_Code/startup.o
 .group         0x00000000        0x8 ./Project_Settings/Startup_Code/startup.o
 .group         0x00000000        0x8 ./Project_Settings/Startup_Code/startup.o
 .group         0x00000000        0x8 ./Project_Settings/Startup_Code/startup.o
 .text          0x00000000        0x0 ./Project_Settings/Startup_Code/startup.o
 .data          0x00000000        0x0 ./Project_Settings/Startup_Code/startup.o
 .bss           0x00000000        0x0 ./Project_Settings/Startup_Code/startup.o
 .text.__init_hardware
                0x00000000        0xc ./Project_Settings/Startup_Code/startup.o
 .text.__iar_program_start
                0x00000000        0xc ./Project_Settings/Startup_Code/startup.o
 .debug_macro   0x00000000      0x850 ./Project_Settings/Startup_Code/startup.o
 .debug_macro   0x00000000       0x16 ./Project_Settings/Startup_Code/startup.o
 .group         0x00000000        0x8 ./Generated_Code/Cpu.o
 .group         0x00000000        0x8 ./Generated_Code/Cpu.o
 .group         0x00000000        0x8 ./Generated_Code/Cpu.o
 .group         0x00000000        0x8 ./Generated_Code/Cpu.o
 .group         0x00000000        0x8 ./Generated_Code/Cpu.o
 .group         0x00000000        0x8 ./Generated_Code/Cpu.o
 .group         0x00000000        0x8 ./Generated_Code/Cpu.o
 .group         0x00000000        0x8 ./Generated_Code/Cpu.o
 .group         0x00000000        0x8 ./Generated_Code/Cpu.o
 .text          0x00000000        0x0 ./Generated_Code/Cpu.o
 .data          0x00000000        0x0 ./Generated_Code/Cpu.o
 .bss           0x00000000        0x0 ./Generated_Code/Cpu.o
 .debug_macro   0x00000000      0x850 ./Generated_Code/Cpu.o
 .debug_macro   0x00000000       0x16 ./Generated_Code/Cpu.o
 .debug_macro   0x00000000       0x44 ./Generated_Code/Cpu.o
 .debug_macro   0x00000000      0x209 ./Generated_Code/Cpu.o
 .debug_macro   0x00000000     0x1816 ./Generated_Code/Cpu.o
 .debug_macro   0x00000000      0x14e ./Generated_Code/Cpu.o
 .debug_macro   0x00000000       0x64 ./Generated_Code/Cpu.o
 .debug_macro   0x00000000    0x174c1 ./Generated_Code/Cpu.o
 .group         0x00000000        0x8 ./Generated_Code/Vectors.o
 .group         0x00000000        0x8 ./Generated_Code/Vectors.o
 .group         0x00000000        0x8 ./Generated_Code/Vectors.o
 .group         0x00000000        0x8 ./Generated_Code/Vectors.o
 .group         0x00000000        0x8 ./Generated_Code/Vectors.o
 .group         0x00000000        0x8 ./Generated_Code/Vectors.o
 .group         0x00000000        0x8 ./Generated_Code/Vectors.o
 .group         0x00000000        0x8 ./Generated_Code/Vectors.o
 .group         0x00000000        0x8 ./Generated_Code/Vectors.o
 .group         0x00000000        0x8 ./Generated_Code/Vectors.o
 .text          0x00000000        0x0 ./Generated_Code/Vectors.o
 .data          0x00000000        0x0 ./Generated_Code/Vectors.o
 .bss           0x00000000        0x0 ./Generated_Code/Vectors.o
 .debug_macro   0x00000000      0x850 ./Generated_Code/Vectors.o
 .debug_macro   0x00000000       0x16 ./Generated_Code/Vectors.o
 .debug_macro   0x00000000       0x44 ./Generated_Code/Vectors.o
 .debug_macro   0x00000000      0x209 ./Generated_Code/Vectors.o
 .debug_macro   0x00000000     0x1816 ./Generated_Code/Vectors.o
 .debug_macro   0x00000000      0x14e ./Generated_Code/Vectors.o
 .debug_macro   0x00000000       0x64 ./Generated_Code/Vectors.o
 .debug_macro   0x00000000    0x174c1 ./Generated_Code/Vectors.o
 .debug_macro   0x00000000       0x9a ./Generated_Code/Vectors.o
 .debug_macro   0x00000000       0x22 ./Generated_Code/Vectors.o
 .group         0x00000000        0x8 C:\Users\PMcL\Documents\Subjects\48434 Embedded Software\4 Labs\Lab 4\Solution\Lab4withLab3Lib\Library\libLab3.a(FTM.o)
 .group         0x00000000        0x8 C:\Users\PMcL\Documents\Subjects\48434 Embedded Software\4 Labs\Lab 4\Solution\Lab4withLab3Lib\Library\libLab3.a(FTM.o)
 .group         0x00000000        0x8 C:\Users\PMcL\Documents\Subjects\48434 Embedded Software\4 Labs\Lab 4\Solution\Lab4withLab3Lib\Library\libLab3.a(FTM.o)
 .group         0x00000000        0x8 C:\Users\PMcL\Documents\Subjects\48434 Embedded Software\4 Labs\Lab 4\Solution\Lab4withLab3Lib\Library\libLab3.a(FTM.o)
 .group         0x00000000        0x8 C:\Users\PMcL\Documents\Subjects\48434 Embedded Software\4 Labs\Lab 4\Solution\Lab4withLab3Lib\Library\libLab3.a(FTM.o)
 .group         0x00000000        0x8 C:\Users\PMcL\Documents\Subjects\48434 Embedded Software\4 Labs\Lab 4\Solution\Lab4withLab3Lib\Library\libLab3.a(FTM.o)
 .group         0x00000000        0x8 C:\Users\PMcL\Documents\Subjects\48434 Embedded Software\4 Labs\Lab 4\Solution\Lab4withLab3Lib\Library\libLab3.a(FTM.o)
 .text          0x00000000        0x0 C:\Users\PMcL\Documents\Subjects\48434 Embedded Software\4 Labs\Lab 4\Solution\Lab4withLab3Lib\Library\libLab3.a(FTM.o)
 .data          0x00000000        0x0 C:\Users\PMcL\Documents\Subjects\48434 Embedded Software\4 Labs\Lab 4\Solution\Lab4withLab3Lib\Library\libLab3.a(FTM.o)
 .bss           0x00000000        0x0 C:\Users\PMcL\Documents\Subjects\48434 Embedded Software\4 Labs\Lab 4\Solution\Lab4withLab3Lib\Library\libLab3.a(FTM.o)
 .debug_macro   0x00000000      0x850 C:\Users\PMcL\Documents\Subjects\48434 Embedded Software\4 Labs\Lab 4\Solution\Lab4withLab3Lib\Library\libLab3.a(FTM.o)
 .debug_macro   0x00000000       0x16 C:\Users\PMcL\Documents\Subjects\48434 Embedded Software\4 Labs\Lab 4\Solution\Lab4withLab3Lib\Library\libLab3.a(FTM.o)
 .debug_macro   0x00000000       0x44 C:\Users\PMcL\Documents\Subjects\48434 Embedded Software\4 Labs\Lab 4\Solution\Lab4withLab3Lib\Library\libLab3.a(FTM.o)
 .debug_macro   0x00000000      0x209 C:\Users\PMcL\Documents\Subjects\48434 Embedded Software\4 Labs\Lab 4\Solution\Lab4withLab3Lib\Library\libLab3.a(FTM.o)
 .debug_macro   0x00000000       0x22 C:\Users\PMcL\Documents\Subjects\48434 Embedded Software\4 Labs\Lab 4\Solution\Lab4withLab3Lib\Library\libLab3.a(FTM.o)
 .debug_macro   0x00000000    0x174c1 C:\Users\PMcL\Documents\Subjects\48434 Embedded Software\4 Labs\Lab 4\Solution\Lab4withLab3Lib\Library\libLab3.a(FTM.o)
 .group         0x00000000        0x8 C:\Users\PMcL\Documents\Subjects\48434 Embedded Software\4 Labs\Lab 4\Solution\Lab4withLab3Lib\Library\libLab3.a(Flash.o)
 .group         0x00000000        0x8 C:\Users\PMcL\Documents\Subjects\48434 Embedded Software\4 Labs\Lab 4\Solution\Lab4withLab3Lib\Library\libLab3.a(Flash.o)
 .group         0x00000000        0x8 C:\Users\PMcL\Documents\Subjects\48434 Embedded Software\4 Labs\Lab 4\Solution\Lab4withLab3Lib\Library\libLab3.a(Flash.o)
 .group         0x00000000        0x8 C:\Users\PMcL\Documents\Subjects\48434 Embedded Software\4 Labs\Lab 4\Solution\Lab4withLab3Lib\Library\libLab3.a(Flash.o)
 .group         0x00000000        0x8 C:\Users\PMcL\Documents\Subjects\48434 Embedded Software\4 Labs\Lab 4\Solution\Lab4withLab3Lib\Library\libLab3.a(Flash.o)
 .group         0x00000000        0x8 C:\Users\PMcL\Documents\Subjects\48434 Embedded Software\4 Labs\Lab 4\Solution\Lab4withLab3Lib\Library\libLab3.a(Flash.o)
 .group         0x00000000        0x8 C:\Users\PMcL\Documents\Subjects\48434 Embedded Software\4 Labs\Lab 4\Solution\Lab4withLab3Lib\Library\libLab3.a(Flash.o)
 .group         0x00000000        0x8 C:\Users\PMcL\Documents\Subjects\48434 Embedded Software\4 Labs\Lab 4\Solution\Lab4withLab3Lib\Library\libLab3.a(Flash.o)
 .text          0x00000000        0x0 C:\Users\PMcL\Documents\Subjects\48434 Embedded Software\4 Labs\Lab 4\Solution\Lab4withLab3Lib\Library\libLab3.a(Flash.o)
 .data          0x00000000        0x0 C:\Users\PMcL\Documents\Subjects\48434 Embedded Software\4 Labs\Lab 4\Solution\Lab4withLab3Lib\Library\libLab3.a(Flash.o)
 .bss           0x00000000        0x0 C:\Users\PMcL\Documents\Subjects\48434 Embedded Software\4 Labs\Lab 4\Solution\Lab4withLab3Lib\Library\libLab3.a(Flash.o)
 .rodata.FCMD_PROGRAM_PHRASE
                0x00000000        0x1 C:\Users\PMcL\Documents\Subjects\48434 Embedded Software\4 Labs\Lab 4\Solution\Lab4withLab3Lib\Library\libLab3.a(Flash.o)
 .rodata.FCMD_ERASE_BLOCK
                0x00000000        0x1 C:\Users\PMcL\Documents\Subjects\48434 Embedded Software\4 Labs\Lab 4\Solution\Lab4withLab3Lib\Library\libLab3.a(Flash.o)
 .rodata.FCMD_ERASE_SECTOR
                0x00000000        0x1 C:\Users\PMcL\Documents\Subjects\48434 Embedded Software\4 Labs\Lab 4\Solution\Lab4withLab3Lib\Library\libLab3.a(Flash.o)
 .debug_macro   0x00000000      0x850 C:\Users\PMcL\Documents\Subjects\48434 Embedded Software\4 Labs\Lab 4\Solution\Lab4withLab3Lib\Library\libLab3.a(Flash.o)
 .debug_macro   0x00000000       0x16 C:\Users\PMcL\Documents\Subjects\48434 Embedded Software\4 Labs\Lab 4\Solution\Lab4withLab3Lib\Library\libLab3.a(Flash.o)
 .debug_macro   0x00000000       0x44 C:\Users\PMcL\Documents\Subjects\48434 Embedded Software\4 Labs\Lab 4\Solution\Lab4withLab3Lib\Library\libLab3.a(Flash.o)
 .debug_macro   0x00000000      0x209 C:\Users\PMcL\Documents\Subjects\48434 Embedded Software\4 Labs\Lab 4\Solution\Lab4withLab3Lib\Library\libLab3.a(Flash.o)
 .debug_macro   0x00000000       0x22 C:\Users\PMcL\Documents\Subjects\48434 Embedded Software\4 Labs\Lab 4\Solution\Lab4withLab3Lib\Library\libLab3.a(Flash.o)
 .debug_macro   0x00000000    0x174c1 C:\Users\PMcL\Documents\Subjects\48434 Embedded Software\4 Labs\Lab 4\Solution\Lab4withLab3Lib\Library\libLab3.a(Flash.o)
 .debug_macro   0x00000000      0x166 C:\Users\PMcL\Documents\Subjects\48434 Embedded Software\4 Labs\Lab 4\Solution\Lab4withLab3Lib\Library\libLab3.a(Flash.o)
 .group         0x00000000        0x8 C:\Users\PMcL\Documents\Subjects\48434 Embedded Software\4 Labs\Lab 4\Solution\Lab4withLab3Lib\Library\libLab3.a(LEDs.o)
 .group         0x00000000        0x8 C:\Users\PMcL\Documents\Subjects\48434 Embedded Software\4 Labs\Lab 4\Solution\Lab4withLab3Lib\Library\libLab3.a(LEDs.o)
 .group         0x00000000        0x8 C:\Users\PMcL\Documents\Subjects\48434 Embedded Software\4 Labs\Lab 4\Solution\Lab4withLab3Lib\Library\libLab3.a(LEDs.o)
 .group         0x00000000        0x8 C:\Users\PMcL\Documents\Subjects\48434 Embedded Software\4 Labs\Lab 4\Solution\Lab4withLab3Lib\Library\libLab3.a(LEDs.o)
 .group         0x00000000        0x8 C:\Users\PMcL\Documents\Subjects\48434 Embedded Software\4 Labs\Lab 4\Solution\Lab4withLab3Lib\Library\libLab3.a(LEDs.o)
 .group         0x00000000        0x8 C:\Users\PMcL\Documents\Subjects\48434 Embedded Software\4 Labs\Lab 4\Solution\Lab4withLab3Lib\Library\libLab3.a(LEDs.o)
 .text          0x00000000        0x0 C:\Users\PMcL\Documents\Subjects\48434 Embedded Software\4 Labs\Lab 4\Solution\Lab4withLab3Lib\Library\libLab3.a(LEDs.o)
 .data          0x00000000        0x0 C:\Users\PMcL\Documents\Subjects\48434 Embedded Software\4 Labs\Lab 4\Solution\Lab4withLab3Lib\Library\libLab3.a(LEDs.o)
 .bss           0x00000000        0x0 C:\Users\PMcL\Documents\Subjects\48434 Embedded Software\4 Labs\Lab 4\Solution\Lab4withLab3Lib\Library\libLab3.a(LEDs.o)
 .debug_macro   0x00000000      0x850 C:\Users\PMcL\Documents\Subjects\48434 Embedded Software\4 Labs\Lab 4\Solution\Lab4withLab3Lib\Library\libLab3.a(LEDs.o)
 .debug_macro   0x00000000       0x16 C:\Users\PMcL\Documents\Subjects\48434 Embedded Software\4 Labs\Lab 4\Solution\Lab4withLab3Lib\Library\libLab3.a(LEDs.o)
 .debug_macro   0x00000000       0x44 C:\Users\PMcL\Documents\Subjects\48434 Embedded Software\4 Labs\Lab 4\Solution\Lab4withLab3Lib\Library\libLab3.a(LEDs.o)
 .debug_macro   0x00000000      0x209 C:\Users\PMcL\Documents\Subjects\48434 Embedded Software\4 Labs\Lab 4\Solution\Lab4withLab3Lib\Library\libLab3.a(LEDs.o)
 .debug_macro   0x00000000       0x22 C:\Users\PMcL\Documents\Subjects\48434 Embedded Software\4 Labs\Lab 4\Solution\Lab4withLab3Lib\Library\libLab3.a(LEDs.o)
 .debug_macro   0x00000000    0x174c1 C:\Users\PMcL\Documents\Subjects\48434 Embedded Software\4 Labs\Lab 4\Solution\Lab4withLab3Lib\Library\libLab3.a(LEDs.o)
 .group         0x00000000        0x8 C:\Users\PMcL\Documents\Subjects\48434 Embedded Software\4 Labs\Lab 4\Solution\Lab4withLab3Lib\Library\libLab3.a(PIT.o)
 .group         0x00000000        0x8 C:\Users\PMcL\Documents\Subjects\48434 Embedded Software\4 Labs\Lab 4\Solution\Lab4withLab3Lib\Library\libLab3.a(PIT.o)
 .group         0x00000000        0x8 C:\Users\PMcL\Documents\Subjects\48434 Embedded Software\4 Labs\Lab 4\Solution\Lab4withLab3Lib\Library\libLab3.a(PIT.o)
 .group         0x00000000        0x8 C:\Users\PMcL\Documents\Subjects\48434 Embedded Software\4 Labs\Lab 4\Solution\Lab4withLab3Lib\Library\libLab3.a(PIT.o)
 .group         0x00000000        0x8 C:\Users\PMcL\Documents\Subjects\48434 Embedded Software\4 Labs\Lab 4\Solution\Lab4withLab3Lib\Library\libLab3.a(PIT.o)
 .group         0x00000000        0x8 C:\Users\PMcL\Documents\Subjects\48434 Embedded Software\4 Labs\Lab 4\Solution\Lab4withLab3Lib\Library\libLab3.a(PIT.o)
 .text          0x00000000        0x0 C:\Users\PMcL\Documents\Subjects\48434 Embedded Software\4 Labs\Lab 4\Solution\Lab4withLab3Lib\Library\libLab3.a(PIT.o)
 .data          0x00000000        0x0 C:\Users\PMcL\Documents\Subjects\48434 Embedded Software\4 Labs\Lab 4\Solution\Lab4withLab3Lib\Library\libLab3.a(PIT.o)
 .bss           0x00000000        0x0 C:\Users\PMcL\Documents\Subjects\48434 Embedded Software\4 Labs\Lab 4\Solution\Lab4withLab3Lib\Library\libLab3.a(PIT.o)
 .text.PIT_Enable
                0x00000000       0x40 C:\Users\PMcL\Documents\Subjects\48434 Embedded Software\4 Labs\Lab 4\Solution\Lab4withLab3Lib\Library\libLab3.a(PIT.o)
 .debug_macro   0x00000000      0x850 C:\Users\PMcL\Documents\Subjects\48434 Embedded Software\4 Labs\Lab 4\Solution\Lab4withLab3Lib\Library\libLab3.a(PIT.o)
 .debug_macro   0x00000000       0x16 C:\Users\PMcL\Documents\Subjects\48434 Embedded Software\4 Labs\Lab 4\Solution\Lab4withLab3Lib\Library\libLab3.a(PIT.o)
 .debug_macro   0x00000000       0x44 C:\Users\PMcL\Documents\Subjects\48434 Embedded Software\4 Labs\Lab 4\Solution\Lab4withLab3Lib\Library\libLab3.a(PIT.o)
 .debug_macro   0x00000000      0x209 C:\Users\PMcL\Documents\Subjects\48434 Embedded Software\4 Labs\Lab 4\Solution\Lab4withLab3Lib\Library\libLab3.a(PIT.o)
 .debug_macro   0x00000000       0x22 C:\Users\PMcL\Documents\Subjects\48434 Embedded Software\4 Labs\Lab 4\Solution\Lab4withLab3Lib\Library\libLab3.a(PIT.o)
 .debug_macro   0x00000000    0x174c1 C:\Users\PMcL\Documents\Subjects\48434 Embedded Software\4 Labs\Lab 4\Solution\Lab4withLab3Lib\Library\libLab3.a(PIT.o)
 .group         0x00000000        0x8 C:\Users\PMcL\Documents\Subjects\48434 Embedded Software\4 Labs\Lab 4\Solution\Lab4withLab3Lib\Library\libLab3.a(RTC.o)
 .group         0x00000000        0x8 C:\Users\PMcL\Documents\Subjects\48434 Embedded Software\4 Labs\Lab 4\Solution\Lab4withLab3Lib\Library\libLab3.a(RTC.o)
 .group         0x00000000        0x8 C:\Users\PMcL\Documents\Subjects\48434 Embedded Software\4 Labs\Lab 4\Solution\Lab4withLab3Lib\Library\libLab3.a(RTC.o)
 .group         0x00000000        0x8 C:\Users\PMcL\Documents\Subjects\48434 Embedded Software\4 Labs\Lab 4\Solution\Lab4withLab3Lib\Library\libLab3.a(RTC.o)
 .group         0x00000000        0x8 C:\Users\PMcL\Documents\Subjects\48434 Embedded Software\4 Labs\Lab 4\Solution\Lab4withLab3Lib\Library\libLab3.a(RTC.o)
 .group         0x00000000        0x8 C:\Users\PMcL\Documents\Subjects\48434 Embedded Software\4 Labs\Lab 4\Solution\Lab4withLab3Lib\Library\libLab3.a(RTC.o)
 .group         0x00000000        0x8 C:\Users\PMcL\Documents\Subjects\48434 Embedded Software\4 Labs\Lab 4\Solution\Lab4withLab3Lib\Library\libLab3.a(RTC.o)
 .group         0x00000000        0x8 C:\Users\PMcL\Documents\Subjects\48434 Embedded Software\4 Labs\Lab 4\Solution\Lab4withLab3Lib\Library\libLab3.a(RTC.o)
 .group         0x00000000        0x8 C:\Users\PMcL\Documents\Subjects\48434 Embedded Software\4 Labs\Lab 4\Solution\Lab4withLab3Lib\Library\libLab3.a(RTC.o)
 .group         0x00000000        0x8 C:\Users\PMcL\Documents\Subjects\48434 Embedded Software\4 Labs\Lab 4\Solution\Lab4withLab3Lib\Library\libLab3.a(RTC.o)
 .text          0x00000000        0x0 C:\Users\PMcL\Documents\Subjects\48434 Embedded Software\4 Labs\Lab 4\Solution\Lab4withLab3Lib\Library\libLab3.a(RTC.o)
 .data          0x00000000        0x0 C:\Users\PMcL\Documents\Subjects\48434 Embedded Software\4 Labs\Lab 4\Solution\Lab4withLab3Lib\Library\libLab3.a(RTC.o)
 .bss           0x00000000        0x0 C:\Users\PMcL\Documents\Subjects\48434 Embedded Software\4 Labs\Lab 4\Solution\Lab4withLab3Lib\Library\libLab3.a(RTC.o)
 .debug_macro   0x00000000      0x850 C:\Users\PMcL\Documents\Subjects\48434 Embedded Software\4 Labs\Lab 4\Solution\Lab4withLab3Lib\Library\libLab3.a(RTC.o)
 .debug_macro   0x00000000       0x16 C:\Users\PMcL\Documents\Subjects\48434 Embedded Software\4 Labs\Lab 4\Solution\Lab4withLab3Lib\Library\libLab3.a(RTC.o)
 .debug_macro   0x00000000       0x44 C:\Users\PMcL\Documents\Subjects\48434 Embedded Software\4 Labs\Lab 4\Solution\Lab4withLab3Lib\Library\libLab3.a(RTC.o)
 .debug_macro   0x00000000      0x209 C:\Users\PMcL\Documents\Subjects\48434 Embedded Software\4 Labs\Lab 4\Solution\Lab4withLab3Lib\Library\libLab3.a(RTC.o)
 .debug_macro   0x00000000       0x22 C:\Users\PMcL\Documents\Subjects\48434 Embedded Software\4 Labs\Lab 4\Solution\Lab4withLab3Lib\Library\libLab3.a(RTC.o)
 .debug_macro   0x00000000    0x174c1 C:\Users\PMcL\Documents\Subjects\48434 Embedded Software\4 Labs\Lab 4\Solution\Lab4withLab3Lib\Library\libLab3.a(RTC.o)
 .debug_macro   0x00000000     0x1800 C:\Users\PMcL\Documents\Subjects\48434 Embedded Software\4 Labs\Lab 4\Solution\Lab4withLab3Lib\Library\libLab3.a(RTC.o)
 .debug_macro   0x00000000      0x14e C:\Users\PMcL\Documents\Subjects\48434 Embedded Software\4 Labs\Lab 4\Solution\Lab4withLab3Lib\Library\libLab3.a(RTC.o)
 .debug_macro   0x00000000       0x64 C:\Users\PMcL\Documents\Subjects\48434 Embedded Software\4 Labs\Lab 4\Solution\Lab4withLab3Lib\Library\libLab3.a(RTC.o)
 .group         0x00000000        0x8 C:\Users\PMcL\Documents\Subjects\48434 Embedded Software\4 Labs\Lab 4\Solution\Lab4withLab3Lib\Library\libLab3.a(UART.o)
 .group         0x00000000        0x8 C:\Users\PMcL\Documents\Subjects\48434 Embedded Software\4 Labs\Lab 4\Solution\Lab4withLab3Lib\Library\libLab3.a(UART.o)
 .group         0x00000000        0x8 C:\Users\PMcL\Documents\Subjects\48434 Embedded Software\4 Labs\Lab 4\Solution\Lab4withLab3Lib\Library\libLab3.a(UART.o)
 .group         0x00000000        0x8 C:\Users\PMcL\Documents\Subjects\48434 Embedded Software\4 Labs\Lab 4\Solution\Lab4withLab3Lib\Library\libLab3.a(UART.o)
 .group         0x00000000        0x8 C:\Users\PMcL\Documents\Subjects\48434 Embedded Software\4 Labs\Lab 4\Solution\Lab4withLab3Lib\Library\libLab3.a(UART.o)
 .group         0x00000000        0x8 C:\Users\PMcL\Documents\Subjects\48434 Embedded Software\4 Labs\Lab 4\Solution\Lab4withLab3Lib\Library\libLab3.a(UART.o)
 .group         0x00000000        0x8 C:\Users\PMcL\Documents\Subjects\48434 Embedded Software\4 Labs\Lab 4\Solution\Lab4withLab3Lib\Library\libLab3.a(UART.o)
 .group         0x00000000        0x8 C:\Users\PMcL\Documents\Subjects\48434 Embedded Software\4 Labs\Lab 4\Solution\Lab4withLab3Lib\Library\libLab3.a(UART.o)
 .group         0x00000000        0x8 C:\Users\PMcL\Documents\Subjects\48434 Embedded Software\4 Labs\Lab 4\Solution\Lab4withLab3Lib\Library\libLab3.a(UART.o)
 .group         0x00000000        0x8 C:\Users\PMcL\Documents\Subjects\48434 Embedded Software\4 Labs\Lab 4\Solution\Lab4withLab3Lib\Library\libLab3.a(UART.o)
 .group         0x00000000        0x8 C:\Users\PMcL\Documents\Subjects\48434 Embedded Software\4 Labs\Lab 4\Solution\Lab4withLab3Lib\Library\libLab3.a(UART.o)
 .text          0x00000000        0x0 C:\Users\PMcL\Documents\Subjects\48434 Embedded Software\4 Labs\Lab 4\Solution\Lab4withLab3Lib\Library\libLab3.a(UART.o)
 .data          0x00000000        0x0 C:\Users\PMcL\Documents\Subjects\48434 Embedded Software\4 Labs\Lab 4\Solution\Lab4withLab3Lib\Library\libLab3.a(UART.o)
 .bss           0x00000000        0x0 C:\Users\PMcL\Documents\Subjects\48434 Embedded Software\4 Labs\Lab 4\Solution\Lab4withLab3Lib\Library\libLab3.a(UART.o)
 .text.UART_Poll
                0x00000000       0x48 C:\Users\PMcL\Documents\Subjects\48434 Embedded Software\4 Labs\Lab 4\Solution\Lab4withLab3Lib\Library\libLab3.a(UART.o)
 .debug_macro   0x00000000      0x850 C:\Users\PMcL\Documents\Subjects\48434 Embedded Software\4 Labs\Lab 4\Solution\Lab4withLab3Lib\Library\libLab3.a(UART.o)
 .debug_macro   0x00000000       0x16 C:\Users\PMcL\Documents\Subjects\48434 Embedded Software\4 Labs\Lab 4\Solution\Lab4withLab3Lib\Library\libLab3.a(UART.o)
 .debug_macro   0x00000000       0x44 C:\Users\PMcL\Documents\Subjects\48434 Embedded Software\4 Labs\Lab 4\Solution\Lab4withLab3Lib\Library\libLab3.a(UART.o)
 .debug_macro   0x00000000      0x209 C:\Users\PMcL\Documents\Subjects\48434 Embedded Software\4 Labs\Lab 4\Solution\Lab4withLab3Lib\Library\libLab3.a(UART.o)
 .debug_macro   0x00000000       0x22 C:\Users\PMcL\Documents\Subjects\48434 Embedded Software\4 Labs\Lab 4\Solution\Lab4withLab3Lib\Library\libLab3.a(UART.o)
 .debug_macro   0x00000000    0x174c1 C:\Users\PMcL\Documents\Subjects\48434 Embedded Software\4 Labs\Lab 4\Solution\Lab4withLab3Lib\Library\libLab3.a(UART.o)
 .debug_macro   0x00000000     0x1800 C:\Users\PMcL\Documents\Subjects\48434 Embedded Software\4 Labs\Lab 4\Solution\Lab4withLab3Lib\Library\libLab3.a(UART.o)
 .debug_macro   0x00000000      0x14e C:\Users\PMcL\Documents\Subjects\48434 Embedded Software\4 Labs\Lab 4\Solution\Lab4withLab3Lib\Library\libLab3.a(UART.o)
 .debug_macro   0x00000000       0x64 C:\Users\PMcL\Documents\Subjects\48434 Embedded Software\4 Labs\Lab 4\Solution\Lab4withLab3Lib\Library\libLab3.a(UART.o)
 .debug_macro   0x00000000       0x94 C:\Users\PMcL\Documents\Subjects\48434 Embedded Software\4 Labs\Lab 4\Solution\Lab4withLab3Lib\Library\libLab3.a(UART.o)
 .group         0x00000000        0x8 C:\Users\PMcL\Documents\Subjects\48434 Embedded Software\4 Labs\Lab 4\Solution\Lab4withLab3Lib\Library\libLab3.a(packet.o)
 .group         0x00000000        0x8 C:\Users\PMcL\Documents\Subjects\48434 Embedded Software\4 Labs\Lab 4\Solution\Lab4withLab3Lib\Library\libLab3.a(packet.o)
 .group         0x00000000        0x8 C:\Users\PMcL\Documents\Subjects\48434 Embedded Software\4 Labs\Lab 4\Solution\Lab4withLab3Lib\Library\libLab3.a(packet.o)
 .group         0x00000000        0x8 C:\Users\PMcL\Documents\Subjects\48434 Embedded Software\4 Labs\Lab 4\Solution\Lab4withLab3Lib\Library\libLab3.a(packet.o)
 .group         0x00000000        0x8 C:\Users\PMcL\Documents\Subjects\48434 Embedded Software\4 Labs\Lab 4\Solution\Lab4withLab3Lib\Library\libLab3.a(packet.o)
 .group         0x00000000        0x8 C:\Users\PMcL\Documents\Subjects\48434 Embedded Software\4 Labs\Lab 4\Solution\Lab4withLab3Lib\Library\libLab3.a(packet.o)
 .text          0x00000000        0x0 C:\Users\PMcL\Documents\Subjects\48434 Embedded Software\4 Labs\Lab 4\Solution\Lab4withLab3Lib\Library\libLab3.a(packet.o)
 .data          0x00000000        0x0 C:\Users\PMcL\Documents\Subjects\48434 Embedded Software\4 Labs\Lab 4\Solution\Lab4withLab3Lib\Library\libLab3.a(packet.o)
 .bss           0x00000000        0x0 C:\Users\PMcL\Documents\Subjects\48434 Embedded Software\4 Labs\Lab 4\Solution\Lab4withLab3Lib\Library\libLab3.a(packet.o)
 .rodata.NB_BYTES_PER_PACKET
                0x00000000        0x1 C:\Users\PMcL\Documents\Subjects\48434 Embedded Software\4 Labs\Lab 4\Solution\Lab4withLab3Lib\Library\libLab3.a(packet.o)
 .debug_macro   0x00000000      0x850 C:\Users\PMcL\Documents\Subjects\48434 Embedded Software\4 Labs\Lab 4\Solution\Lab4withLab3Lib\Library\libLab3.a(packet.o)
 .debug_macro   0x00000000       0x16 C:\Users\PMcL\Documents\Subjects\48434 Embedded Software\4 Labs\Lab 4\Solution\Lab4withLab3Lib\Library\libLab3.a(packet.o)
 .debug_macro   0x00000000       0x44 C:\Users\PMcL\Documents\Subjects\48434 Embedded Software\4 Labs\Lab 4\Solution\Lab4withLab3Lib\Library\libLab3.a(packet.o)
 .debug_macro   0x00000000      0x209 C:\Users\PMcL\Documents\Subjects\48434 Embedded Software\4 Labs\Lab 4\Solution\Lab4withLab3Lib\Library\libLab3.a(packet.o)
 .debug_macro   0x00000000       0x22 C:\Users\PMcL\Documents\Subjects\48434 Embedded Software\4 Labs\Lab 4\Solution\Lab4withLab3Lib\Library\libLab3.a(packet.o)
 .group         0x00000000        0x8 C:\Users\PMcL\Documents\Subjects\48434 Embedded Software\4 Labs\Lab 4\Solution\Lab4withLab3Lib\Library\libLab3.a(FIFO.o)
 .group         0x00000000        0x8 C:\Users\PMcL\Documents\Subjects\48434 Embedded Software\4 Labs\Lab 4\Solution\Lab4withLab3Lib\Library\libLab3.a(FIFO.o)
 .group         0x00000000        0x8 C:\Users\PMcL\Documents\Subjects\48434 Embedded Software\4 Labs\Lab 4\Solution\Lab4withLab3Lib\Library\libLab3.a(FIFO.o)
 .group         0x00000000        0x8 C:\Users\PMcL\Documents\Subjects\48434 Embedded Software\4 Labs\Lab 4\Solution\Lab4withLab3Lib\Library\libLab3.a(FIFO.o)
 .group         0x00000000        0x8 C:\Users\PMcL\Documents\Subjects\48434 Embedded Software\4 Labs\Lab 4\Solution\Lab4withLab3Lib\Library\libLab3.a(FIFO.o)
 .group         0x00000000        0x8 C:\Users\PMcL\Documents\Subjects\48434 Embedded Software\4 Labs\Lab 4\Solution\Lab4withLab3Lib\Library\libLab3.a(FIFO.o)
 .group         0x00000000        0x8 C:\Users\PMcL\Documents\Subjects\48434 Embedded Software\4 Labs\Lab 4\Solution\Lab4withLab3Lib\Library\libLab3.a(FIFO.o)
 .group         0x00000000        0x8 C:\Users\PMcL\Documents\Subjects\48434 Embedded Software\4 Labs\Lab 4\Solution\Lab4withLab3Lib\Library\libLab3.a(FIFO.o)
 .group         0x00000000        0x8 C:\Users\PMcL\Documents\Subjects\48434 Embedded Software\4 Labs\Lab 4\Solution\Lab4withLab3Lib\Library\libLab3.a(FIFO.o)
 .group         0x00000000        0x8 C:\Users\PMcL\Documents\Subjects\48434 Embedded Software\4 Labs\Lab 4\Solution\Lab4withLab3Lib\Library\libLab3.a(FIFO.o)
 .text          0x00000000        0x0 C:\Users\PMcL\Documents\Subjects\48434 Embedded Software\4 Labs\Lab 4\Solution\Lab4withLab3Lib\Library\libLab3.a(FIFO.o)
 .data          0x00000000        0x0 C:\Users\PMcL\Documents\Subjects\48434 Embedded Software\4 Labs\Lab 4\Solution\Lab4withLab3Lib\Library\libLab3.a(FIFO.o)
 .bss           0x00000000        0x0 C:\Users\PMcL\Documents\Subjects\48434 Embedded Software\4 Labs\Lab 4\Solution\Lab4withLab3Lib\Library\libLab3.a(FIFO.o)
 .debug_macro   0x00000000      0x850 C:\Users\PMcL\Documents\Subjects\48434 Embedded Software\4 Labs\Lab 4\Solution\Lab4withLab3Lib\Library\libLab3.a(FIFO.o)
 .debug_macro   0x00000000       0x16 C:\Users\PMcL\Documents\Subjects\48434 Embedded Software\4 Labs\Lab 4\Solution\Lab4withLab3Lib\Library\libLab3.a(FIFO.o)
 .debug_macro   0x00000000       0x44 C:\Users\PMcL\Documents\Subjects\48434 Embedded Software\4 Labs\Lab 4\Solution\Lab4withLab3Lib\Library\libLab3.a(FIFO.o)
 .debug_macro   0x00000000      0x209 C:\Users\PMcL\Documents\Subjects\48434 Embedded Software\4 Labs\Lab 4\Solution\Lab4withLab3Lib\Library\libLab3.a(FIFO.o)
 .debug_macro   0x00000000       0x22 C:\Users\PMcL\Documents\Subjects\48434 Embedded Software\4 Labs\Lab 4\Solution\Lab4withLab3Lib\Library\libLab3.a(FIFO.o)
 .debug_macro   0x00000000     0x1800 C:\Users\PMcL\Documents\Subjects\48434 Embedded Software\4 Labs\Lab 4\Solution\Lab4withLab3Lib\Library\libLab3.a(FIFO.o)
 .debug_macro   0x00000000      0x14e C:\Users\PMcL\Documents\Subjects\48434 Embedded Software\4 Labs\Lab 4\Solution\Lab4withLab3Lib\Library\libLab3.a(FIFO.o)
 .debug_macro   0x00000000       0x64 C:\Users\PMcL\Documents\Subjects\48434 Embedded Software\4 Labs\Lab 4\Solution\Lab4withLab3Lib\Library\libLab3.a(FIFO.o)
 .debug_macro   0x00000000    0x174c1 C:\Users\PMcL\Documents\Subjects\48434 Embedded Software\4 Labs\Lab 4\Solution\Lab4withLab3Lib\Library\libLab3.a(FIFO.o)
 .debug_macro   0x00000000       0x94 C:\Users\PMcL\Documents\Subjects\48434 Embedded Software\4 Labs\Lab 4\Solution\Lab4withLab3Lib\Library\libLab3.a(FIFO.o)
 .text          0x00000000        0x0 c:/freescale/kds_3.0.0/toolchain/bin/../lib/gcc/arm-none-eabi/4.8.4/../../../../arm-none-eabi/lib/armv7e-m/fpu\libg_s.a(lib_a-exit.o)
 .data          0x00000000        0x0 c:/freescale/kds_3.0.0/toolchain/bin/../lib/gcc/arm-none-eabi/4.8.4/../../../../arm-none-eabi/lib/armv7e-m/fpu\libg_s.a(lib_a-exit.o)
 .bss           0x00000000        0x0 c:/freescale/kds_3.0.0/toolchain/bin/../lib/gcc/arm-none-eabi/4.8.4/../../../../arm-none-eabi/lib/armv7e-m/fpu\libg_s.a(lib_a-exit.o)
 .text          0x00000000        0x0 c:/freescale/kds_3.0.0/toolchain/bin/../lib/gcc/arm-none-eabi/4.8.4/../../../../arm-none-eabi/lib/armv7e-m/fpu\libg_s.a(lib_a-impure.o)
 .data          0x00000000        0x0 c:/freescale/kds_3.0.0/toolchain/bin/../lib/gcc/arm-none-eabi/4.8.4/../../../../arm-none-eabi/lib/armv7e-m/fpu\libg_s.a(lib_a-impure.o)
 .bss           0x00000000        0x0 c:/freescale/kds_3.0.0/toolchain/bin/../lib/gcc/arm-none-eabi/4.8.4/../../../../arm-none-eabi/lib/armv7e-m/fpu\libg_s.a(lib_a-impure.o)
 .data._impure_ptr
                0x00000000        0x4 c:/freescale/kds_3.0.0/toolchain/bin/../lib/gcc/arm-none-eabi/4.8.4/../../../../arm-none-eabi/lib/armv7e-m/fpu\libg_s.a(lib_a-impure.o)
 .text          0x00000000        0x0 c:/freescale/kds_3.0.0/toolchain/bin/../lib/gcc/arm-none-eabi/4.8.4/../../../../arm-none-eabi/lib/armv7e-m/fpu\libg_s.a(lib_a-init.o)
 .data          0x00000000        0x0 c:/freescale/kds_3.0.0/toolchain/bin/../lib/gcc/arm-none-eabi/4.8.4/../../../../arm-none-eabi/lib/armv7e-m/fpu\libg_s.a(lib_a-init.o)
 .bss           0x00000000        0x0 c:/freescale/kds_3.0.0/toolchain/bin/../lib/gcc/arm-none-eabi/4.8.4/../../../../arm-none-eabi/lib/armv7e-m/fpu\libg_s.a(lib_a-init.o)
 .text          0x00000000        0x0 c:/freescale/kds_3.0.0/toolchain/bin/../lib/gcc/arm-none-eabi/4.8.4/../../../../arm-none-eabi/lib/armv7e-m/fpu\libg_s.a(lib_a-memcpy-stub.o)
 .data          0x00000000        0x0 c:/freescale/kds_3.0.0/toolchain/bin/../lib/gcc/arm-none-eabi/4.8.4/../../../../arm-none-eabi/lib/armv7e-m/fpu\libg_s.a(lib_a-memcpy-stub.o)
 .bss           0x00000000        0x0 c:/freescale/kds_3.0.0/toolchain/bin/../lib/gcc/arm-none-eabi/4.8.4/../../../../arm-none-eabi/lib/armv7e-m/fpu\libg_s.a(lib_a-memcpy-stub.o)
 .text          0x00000000        0x0 c:/freescale/kds_3.0.0/toolchain/bin/../lib/gcc/arm-none-eabi/4.8.4/../../../../arm-none-eabi/lib/armv7e-m/fpu\libg_s.a(lib_a-memset.o)
 .data          0x00000000        0x0 c:/freescale/kds_3.0.0/toolchain/bin/../lib/gcc/arm-none-eabi/4.8.4/../../../../arm-none-eabi/lib/armv7e-m/fpu\libg_s.a(lib_a-memset.o)
 .bss           0x00000000        0x0 c:/freescale/kds_3.0.0/toolchain/bin/../lib/gcc/arm-none-eabi/4.8.4/../../../../arm-none-eabi/lib/armv7e-m/fpu\libg_s.a(lib_a-memset.o)
 .text          0x00000000        0x0 c:/freescale/kds_3.0.0/toolchain/bin/../lib/gcc/arm-none-eabi/4.8.4/../../../../arm-none-eabi/lib/armv7e-m/fpu\libnosys.a(_exit.o)
 .data          0x00000000        0x0 c:/freescale/kds_3.0.0/toolchain/bin/../lib/gcc/arm-none-eabi/4.8.4/../../../../arm-none-eabi/lib/armv7e-m/fpu\libnosys.a(_exit.o)
 .bss           0x00000000        0x0 c:/freescale/kds_3.0.0/toolchain/bin/../lib/gcc/arm-none-eabi/4.8.4/../../../../arm-none-eabi/lib/armv7e-m/fpu\libnosys.a(_exit.o)
 .text          0x00000000        0x0 c:/freescale/kds_3.0.0/toolchain/bin/../lib/gcc/arm-none-eabi/4.8.4/armv7e-m/fpu/crtend.o
 .data          0x00000000        0x0 c:/freescale/kds_3.0.0/toolchain/bin/../lib/gcc/arm-none-eabi/4.8.4/armv7e-m/fpu/crtend.o
 .bss           0x00000000        0x0 c:/freescale/kds_3.0.0/toolchain/bin/../lib/gcc/arm-none-eabi/4.8.4/armv7e-m/fpu/crtend.o
 .eh_frame      0x00000000        0x4 c:/freescale/kds_3.0.0/toolchain/bin/../lib/gcc/arm-none-eabi/4.8.4/armv7e-m/fpu/crtend.o
 .jcr           0x00000000        0x4 c:/freescale/kds_3.0.0/toolchain/bin/../lib/gcc/arm-none-eabi/4.8.4/armv7e-m/fpu/crtend.o
 .ARM.attributes
                0x00000000       0x34 c:/freescale/kds_3.0.0/toolchain/bin/../lib/gcc/arm-none-eabi/4.8.4/armv7e-m/fpu/crtend.o
 .text          0x00000000        0x0 c:/freescale/kds_3.0.0/toolchain/bin/../lib/gcc/arm-none-eabi/4.8.4/armv7e-m/fpu/crtn.o
 .data          0x00000000        0x0 c:/freescale/kds_3.0.0/toolchain/bin/../lib/gcc/arm-none-eabi/4.8.4/armv7e-m/fpu/crtn.o
 .bss           0x00000000        0x0 c:/freescale/kds_3.0.0/toolchain/bin/../lib/gcc/arm-none-eabi/4.8.4/armv7e-m/fpu/crtn.o

Memory Configuration

Name             Origin             Length             Attributes
m_interrupts     0x00000000         0x000001e8         xr
m_text           0x00000410         0x0007fbf0         xr
m_data           0x1fff0000         0x00010000         rw
m_data_20000000  0x20000000         0x00010000         rw
m_cfmprotrom     0x00000400         0x00000010         xr
*default*        0x00000000         0xffffffff

Linker script and memory map

LOAD c:/freescale/kds_3.0.0/toolchain/bin/../lib/gcc/arm-none-eabi/4.8.4/armv7e-m/fpu/crti.o
LOAD c:/freescale/kds_3.0.0/toolchain/bin/../lib/gcc/arm-none-eabi/4.8.4/armv7e-m/fpu/crtbegin.o
LOAD c:/freescale/kds_3.0.0/toolchain/bin/../lib/gcc/arm-none-eabi/4.8.4/../../../../arm-none-eabi/lib/armv7e-m/fpu/crt0.o
LOAD ./Sources/I2C.o
LOAD ./Sources/accel.o
LOAD ./Sources/main.o
LOAD ./Sources/median.o
LOAD ./Project_Settings/Startup_Code/startup.o
LOAD ./Generated_Code/Cpu.o
LOAD ./Generated_Code/Vectors.o
LOAD C:\Users\PMcL\Documents\Subjects\48434 Embedded Software\4 Labs\Lab 4\Solution\Lab4withLab3Lib\Library\libLab3.a
LOAD c:/freescale/kds_3.0.0/toolchain/bin/../lib/gcc/arm-none-eabi/4.8.4/../../../../arm-none-eabi/lib/armv7e-m/fpu\libstdc++_s.a
LOAD c:/freescale/kds_3.0.0/toolchain/bin/../lib/gcc/arm-none-eabi/4.8.4/../../../../arm-none-eabi/lib/armv7e-m/fpu\libm.a
START GROUP
LOAD c:/freescale/kds_3.0.0/toolchain/bin/../lib/gcc/arm-none-eabi/4.8.4/armv7e-m/fpu\libgcc.a
LOAD c:/freescale/kds_3.0.0/toolchain/bin/../lib/gcc/arm-none-eabi/4.8.4/../../../../arm-none-eabi/lib/armv7e-m/fpu\libg_s.a
LOAD c:/freescale/kds_3.0.0/toolchain/bin/../lib/gcc/arm-none-eabi/4.8.4/../../../../arm-none-eabi/lib/armv7e-m/fpu\libc_s.a
END GROUP
START GROUP
LOAD c:/freescale/kds_3.0.0/toolchain/bin/../lib/gcc/arm-none-eabi/4.8.4/armv7e-m/fpu\libgcc.a
LOAD c:/freescale/kds_3.0.0/toolchain/bin/../lib/gcc/arm-none-eabi/4.8.4/../../../../arm-none-eabi/lib/armv7e-m/fpu\libc_s.a
LOAD c:/freescale/kds_3.0.0/toolchain/bin/../lib/gcc/arm-none-eabi/4.8.4/../../../../arm-none-eabi/lib/armv7e-m/fpu\libnosys.a
END GROUP
START GROUP
LOAD c:/freescale/kds_3.0.0/toolchain/bin/../lib/gcc/arm-none-eabi/4.8.4/armv7e-m/fpu\libgcc.a
LOAD c:/freescale/kds_3.0.0/toolchain/bin/../lib/gcc/arm-none-eabi/4.8.4/../../../../arm-none-eabi/lib/armv7e-m/fpu\libc_s.a
LOAD c:/freescale/kds_3.0.0/toolchain/bin/../lib/gcc/arm-none-eabi/4.8.4/../../../../arm-none-eabi/lib/armv7e-m/fpu\libnosys.a
END GROUP
LOAD c:/freescale/kds_3.0.0/toolchain/bin/../lib/gcc/arm-none-eabi/4.8.4/armv7e-m/fpu/crtend.o
LOAD c:/freescale/kds_3.0.0/toolchain/bin/../lib/gcc/arm-none-eabi/4.8.4/armv7e-m/fpu/crtn.o
                0x20000000                _estack = 0x20000000
                0x20000000                __SP_INIT = _estack
                0x20000000                __stack = _estack
                0x00000000                __heap_size = 0x0
                0x00000400                __stack_size = 0x400

.interrupts     0x00000000      0x1e8
                0x00000000                __vector_table = .
                0x00000000                . = ALIGN (0x4)
 *(.vectortable)
 .vectortable   0x00000000      0x1e8 ./Generated_Code/Vectors.o
                0x00000000                __vect_table
                0x000001e8                . = ALIGN (0x4)

.cfmprotect     0x00000400       0x10
                0x00000400                . = ALIGN (0x4)
 *(.cfmconfig)
 .cfmconfig     0x00000400       0x10 ./Generated_Code/Cpu.o
                0x00000400                _cfm
                0x00000410                . = ALIGN (0x4)

.text           0x00000410     0x2a38
                0x00000410                . = ALIGN (0x4)
 *(.text)
 .text          0x00000410       0x54 c:/freescale/kds_3.0.0/toolchain/bin/../lib/gcc/arm-none-eabi/4.8.4/armv7e-m/fpu/crtbegin.o
 .text          0x00000464       0x74 c:/freescale/kds_3.0.0/toolchain/bin/../lib/gcc/arm-none-eabi/4.8.4/../../../../arm-none-eabi/lib/armv7e-m/fpu/crt0.o
                0x00000464                _start
                0x00000464                _mainCRTStartup
 *(.text*)
 .text.SetBaudRate
                0x000004d8      0x108 ./Sources/I2C.o
 .text.I2C_Init
                0x000005e0      0x1b4 ./Sources/I2C.o
                0x000005e0                I2C_Init
 .text.Wait     0x00000794       0x28 ./Sources/I2C.o
 .text.Stop     0x000007bc       0x20 ./Sources/I2C.o
 .text.WaitForBusIdle
                0x000007dc       0x20 ./Sources/I2C.o
 .text.SendByte
                0x000007fc       0x20 ./Sources/I2C.o
 .text.SendDeviceAddress
                0x0000081c       0x64 ./Sources/I2C.o
 .text.I2C_Write
                0x00000880       0x34 ./Sources/I2C.o
                0x00000880                I2C_Write
 .text.I2C_PollRead
                0x000008b4       0xd0 ./Sources/I2C.o
                0x000008b4                I2C_PollRead
 .text.I2C_IntRead
                0x00000984       0xa0 ./Sources/I2C.o
                0x00000984                I2C_IntRead
 .text.I2C_ISR  0x00000a24       0xc8 ./Sources/I2C.o
                0x00000a24                I2C_ISR
 .text.AccelStandby
                0x00000aec       0x78 ./Sources/accel.o
                0x00000aec                AccelStandby
 .text.AccelActive
                0x00000b64       0x78 ./Sources/accel.o
                0x00000b64                AccelActive
 .text.Accel_Init
                0x00000bdc      0x128 ./Sources/accel.o
                0x00000bdc                Accel_Init
 .text.Accel_SetMode
                0x00000d04       0x80 ./Sources/accel.o
                0x00000d04                Accel_SetMode
 .text.Accel_ReadXYZ
                0x00000d84       0x44 ./Sources/accel.o
                0x00000d84                Accel_ReadXYZ
 .text.AccelMedianFilter
                0x00000dc8       0x94 ./Sources/accel.o
                0x00000dc8                AccelMedianFilter
 .text.AccelDataReady_ISR
                0x00000e5c       0x60 ./Sources/accel.o
                0x00000e5c                AccelDataReady_ISR
 .text.SendStartupPackets
                0x00000ebc       0x5c ./Sources/main.o
 .text.InitFlashVar
                0x00000f18       0xac ./Sources/main.o
 .text.TowerInit
                0x00000fc4      0x154 ./Sources/main.o
 .text.HandleSpecialPackets
                0x00001118       0x44 ./Sources/main.o
                0x00001118                HandleSpecialPackets
 .text.HandleStartupPacket
                0x0000115c       0x38 ./Sources/main.o
 .text.HandleFlashProgPacket
                0x00001194       0x58 ./Sources/main.o
 .text.HandleFlashReadPacket
                0x000011ec       0x48 ./Sources/main.o
 .text.HandleProtocolPackets
                0x00001234       0x78 ./Sources/main.o
                0x00001234                HandleProtocolPackets
 .text.HandleTowerNbPackets
                0x000012ac       0x88 ./Sources/main.o
 .text.HandleTimePackets
                0x00001334       0x40 ./Sources/main.o
 .text.HandlePackets
                0x00001374      0x114 ./Sources/main.o
 .text.PITCallback
                0x00001488       0x2c ./Sources/main.o
                0x00001488                PITCallback
 .text.AccelDataReadyCallback
                0x000014b4       0x20 ./Sources/main.o
                0x000014b4                AccelDataReadyCallback
 .text.AccelReadCompleteCallback
                0x000014d4       0x88 ./Sources/main.o
                0x000014d4                AccelReadCompleteCallback
 .text.UARTTimerCallback
                0x0000155c       0x18 ./Sources/main.o
                0x0000155c                UARTTimerCallback
 .text.RTCCallback
                0x00001574       0x38 ./Sources/main.o
                0x00001574                RTCCallback
 .text.main     0x000015ac       0x24 ./Sources/main.o
                0x000015ac                main
 .text.Median_Filter3
                0x000015d0       0x5c ./Sources/median.o
                0x000015d0                Median_Filter3
 .text.__copy_rom_section
                0x0000162c       0xe4 ./Project_Settings/Startup_Code/startup.o
                0x0000162c                __copy_rom_section
 .text.__copy_rom_sections_to_ram
                0x00001710       0x9c ./Project_Settings/Startup_Code/startup.o
                0x00001710                __copy_rom_sections_to_ram
 .text.__init_registers
                0x000017ac       0x20 ./Project_Settings/Startup_Code/startup.o
                0x000017ac                __init_registers
 .text.__init_user
                0x000017cc        0xc ./Project_Settings/Startup_Code/startup.o
                0x000017cc                __init_user
 .text.__thumb_startup
                0x000017d8       0x34 ./Project_Settings/Startup_Code/startup.o
                0x000017d8                __thumb_startup
 .text.Cpu_Interrupt
                0x0000180c       0x18 ./Generated_Code/Cpu.o
                0x0000180c                Cpu_Interrupt
 .text.__init_hardware
                0x00001824      0x1cc ./Generated_Code/Cpu.o
                0x00001824                __init_hardware
 .text.Cpu_SetBASEPRI
                0x000019f0       0x18 ./Generated_Code/Cpu.o
                0x000019f0                Cpu_SetBASEPRI
 .text.PE_low_level_init
                0x00001a08       0xe4 ./Generated_Code/Cpu.o
                0x00001a08                PE_low_level_init
 .text.FTM_Init
                0x00001aec       0x98 C:\Users\PMcL\Documents\Subjects\48434 Embedded Software\4 Labs\Lab 4\Solution\Lab4withLab3Lib\Library\libLab3.a(FTM.o)
                0x00001aec                FTM_Init
 .text.FTM_Set  0x00001b84       0xf0 C:\Users\PMcL\Documents\Subjects\48434 Embedded Software\4 Labs\Lab 4\Solution\Lab4withLab3Lib\Library\libLab3.a(FTM.o)
                0x00001b84                FTM_Set
 .text.FTM_StartTimer
                0x00001c74       0x8c C:\Users\PMcL\Documents\Subjects\48434 Embedded Software\4 Labs\Lab 4\Solution\Lab4withLab3Lib\Library\libLab3.a(FTM.o)
                0x00001c74                FTM_StartTimer
 .text.FTM0_ISR
                0x00001d00       0xb8 C:\Users\PMcL\Documents\Subjects\48434 Embedded Software\4 Labs\Lab 4\Solution\Lab4withLab3Lib\Library\libLab3.a(FTM.o)
                0x00001d00                FTM0_ISR
 .text.LaunchCommand
                0x00001db8       0x60 C:\Users\PMcL\Documents\Subjects\48434 Embedded Software\4 Labs\Lab 4\Solution\Lab4withLab3Lib\Library\libLab3.a(Flash.o)
 .text.WritePhrase
                0x00001e18       0x94 C:\Users\PMcL\Documents\Subjects\48434 Embedded Software\4 Labs\Lab 4\Solution\Lab4withLab3Lib\Library\libLab3.a(Flash.o)
 .text.EraseSector
                0x00001eac       0x74 C:\Users\PMcL\Documents\Subjects\48434 Embedded Software\4 Labs\Lab 4\Solution\Lab4withLab3Lib\Library\libLab3.a(Flash.o)
 .text.ModifyPhrase
                0x00001f20       0x34 C:\Users\PMcL\Documents\Subjects\48434 Embedded Software\4 Labs\Lab 4\Solution\Lab4withLab3Lib\Library\libLab3.a(Flash.o)
 .text.Flash_Init
                0x00001f54       0x28 C:\Users\PMcL\Documents\Subjects\48434 Embedded Software\4 Labs\Lab 4\Solution\Lab4withLab3Lib\Library\libLab3.a(Flash.o)
                0x00001f54                Flash_Init
 .text.Flash_AllocateVar
                0x00001f7c       0x9c C:\Users\PMcL\Documents\Subjects\48434 Embedded Software\4 Labs\Lab 4\Solution\Lab4withLab3Lib\Library\libLab3.a(Flash.o)
                0x00001f7c                Flash_AllocateVar
 .text.Flash_Write32
                0x00002018       0x64 C:\Users\PMcL\Documents\Subjects\48434 Embedded Software\4 Labs\Lab 4\Solution\Lab4withLab3Lib\Library\libLab3.a(Flash.o)
                0x00002018                Flash_Write32
 .text.Flash_Write16
                0x0000207c       0x64 C:\Users\PMcL\Documents\Subjects\48434 Embedded Software\4 Labs\Lab 4\Solution\Lab4withLab3Lib\Library\libLab3.a(Flash.o)
                0x0000207c                Flash_Write16
 .text.Flash_Write8
                0x000020e0       0x4c C:\Users\PMcL\Documents\Subjects\48434 Embedded Software\4 Labs\Lab 4\Solution\Lab4withLab3Lib\Library\libLab3.a(Flash.o)
                0x000020e0                Flash_Write8
 .text.Flash_Erase
                0x0000212c       0x1c C:\Users\PMcL\Documents\Subjects\48434 Embedded Software\4 Labs\Lab 4\Solution\Lab4withLab3Lib\Library\libLab3.a(Flash.o)
                0x0000212c                Flash_Erase
 .text.LEDs_Init
                0x00002148       0x70 C:\Users\PMcL\Documents\Subjects\48434 Embedded Software\4 Labs\Lab 4\Solution\Lab4withLab3Lib\Library\libLab3.a(LEDs.o)
                0x00002148                LEDs_Init
 .text.LEDs_On  0x000021b8       0x1c C:\Users\PMcL\Documents\Subjects\48434 Embedded Software\4 Labs\Lab 4\Solution\Lab4withLab3Lib\Library\libLab3.a(LEDs.o)
                0x000021b8                LEDs_On
 .text.LEDs_Off
                0x000021d4       0x1c C:\Users\PMcL\Documents\Subjects\48434 Embedded Software\4 Labs\Lab 4\Solution\Lab4withLab3Lib\Library\libLab3.a(LEDs.o)
                0x000021d4                LEDs_Off
 .text.LEDs_Toggle
                0x000021f0       0x1c C:\Users\PMcL\Documents\Subjects\48434 Embedded Software\4 Labs\Lab 4\Solution\Lab4withLab3Lib\Library\libLab3.a(LEDs.o)
                0x000021f0                LEDs_Toggle
 .text.PIT_Init
                0x0000220c       0x98 C:\Users\PMcL\Documents\Subjects\48434 Embedded Software\4 Labs\Lab 4\Solution\Lab4withLab3Lib\Library\libLab3.a(PIT.o)
                0x0000220c                PIT_Init
 .text.PIT_Set  0x000022a4       0x68 C:\Users\PMcL\Documents\Subjects\48434 Embedded Software\4 Labs\Lab 4\Solution\Lab4withLab3Lib\Library\libLab3.a(PIT.o)
                0x000022a4                PIT_Set
 .text.PIT_ISR  0x0000230c       0x40 C:\Users\PMcL\Documents\Subjects\48434 Embedded Software\4 Labs\Lab 4\Solution\Lab4withLab3Lib\Library\libLab3.a(PIT.o)
                0x0000230c                PIT_ISR
 .text.RTC_Init
                0x0000234c       0xd0 C:\Users\PMcL\Documents\Subjects\48434 Embedded Software\4 Labs\Lab 4\Solution\Lab4withLab3Lib\Library\libLab3.a(RTC.o)
                0x0000234c                RTC_Init
 .text.RTC_Set  0x0000241c       0x5c C:\Users\PMcL\Documents\Subjects\48434 Embedded Software\4 Labs\Lab 4\Solution\Lab4withLab3Lib\Library\libLab3.a(RTC.o)
                0x0000241c                RTC_Set
 .text.RTC_Get  0x00002478       0xa0 C:\Users\PMcL\Documents\Subjects\48434 Embedded Software\4 Labs\Lab 4\Solution\Lab4withLab3Lib\Library\libLab3.a(RTC.o)
                0x00002478                RTC_Get
 .text.RTC_ISR  0x00002518       0x34 C:\Users\PMcL\Documents\Subjects\48434 Embedded Software\4 Labs\Lab 4\Solution\Lab4withLab3Lib\Library\libLab3.a(RTC.o)
                0x00002518                RTC_ISR
 .text.UART_Init
                0x0000254c      0x324 C:\Users\PMcL\Documents\Subjects\48434 Embedded Software\4 Labs\Lab 4\Solution\Lab4withLab3Lib\Library\libLab3.a(UART.o)
                0x0000254c                UART_Init
 .text.UART_InChar
                0x00002870       0x20 C:\Users\PMcL\Documents\Subjects\48434 Embedded Software\4 Labs\Lab 4\Solution\Lab4withLab3Lib\Library\libLab3.a(UART.o)
                0x00002870                UART_InChar
 .text.UART_OutChar
                0x00002890       0x88 C:\Users\PMcL\Documents\Subjects\48434 Embedded Software\4 Labs\Lab 4\Solution\Lab4withLab3Lib\Library\libLab3.a(UART.o)
                0x00002890                UART_OutChar
 .text.UART_ISR
                0x00002918       0x90 C:\Users\PMcL\Documents\Subjects\48434 Embedded Software\4 Labs\Lab 4\Solution\Lab4withLab3Lib\Library\libLab3.a(UART.o)
                0x00002918                UART_ISR
 .text.Packet_Init
                0x000029a8       0x20 C:\Users\PMcL\Documents\Subjects\48434 Embedded Software\4 Labs\Lab 4\Solution\Lab4withLab3Lib\Library\libLab3.a(packet.o)
                0x000029a8                Packet_Init
 .text.CalcChecksum
                0x000029c8       0x30 C:\Users\PMcL\Documents\Subjects\48434 Embedded Software\4 Labs\Lab 4\Solution\Lab4withLab3Lib\Library\libLab3.a(packet.o)
 .text.Packet_Get
                0x000029f8       0x90 C:\Users\PMcL\Documents\Subjects\48434 Embedded Software\4 Labs\Lab 4\Solution\Lab4withLab3Lib\Library\libLab3.a(packet.o)
                0x000029f8                Packet_Get
 .text.Packet_Put
                0x00002a88       0x90 C:\Users\PMcL\Documents\Subjects\48434 Embedded Software\4 Labs\Lab 4\Solution\Lab4withLab3Lib\Library\libLab3.a(packet.o)
                0x00002a88                Packet_Put
 .text.FIFO_Init
                0x00002b18       0x6c C:\Users\PMcL\Documents\Subjects\48434 Embedded Software\4 Labs\Lab 4\Solution\Lab4withLab3Lib\Library\libLab3.a(FIFO.o)
                0x00002b18                FIFO_Init
 .text.FIFO_Put
                0x00002b84       0xa8 C:\Users\PMcL\Documents\Subjects\48434 Embedded Software\4 Labs\Lab 4\Solution\Lab4withLab3Lib\Library\libLab3.a(FIFO.o)
                0x00002b84                FIFO_Put
 .text.FIFO_Get
                0x00002c2c       0xa8 C:\Users\PMcL\Documents\Subjects\48434 Embedded Software\4 Labs\Lab 4\Solution\Lab4withLab3Lib\Library\libLab3.a(FIFO.o)
                0x00002c2c                FIFO_Get
 .text.exit     0x00002cd4       0x28 c:/freescale/kds_3.0.0/toolchain/bin/../lib/gcc/arm-none-eabi/4.8.4/../../../../arm-none-eabi/lib/armv7e-m/fpu\libg_s.a(lib_a-exit.o)
                0x00002cd4                exit
 .text.__libc_init_array
                0x00002cfc       0x4c c:/freescale/kds_3.0.0/toolchain/bin/../lib/gcc/arm-none-eabi/4.8.4/../../../../arm-none-eabi/lib/armv7e-m/fpu\libg_s.a(lib_a-init.o)
                0x00002cfc                __libc_init_array
 .text.memcpy   0x00002d48       0x12 c:/freescale/kds_3.0.0/toolchain/bin/../lib/gcc/arm-none-eabi/4.8.4/../../../../arm-none-eabi/lib/armv7e-m/fpu\libg_s.a(lib_a-memcpy-stub.o)
                0x00002d48                memcpy
 .text.memset   0x00002d5a       0x10 c:/freescale/kds_3.0.0/toolchain/bin/../lib/gcc/arm-none-eabi/4.8.4/../../../../arm-none-eabi/lib/armv7e-m/fpu\libg_s.a(lib_a-memset.o)
                0x00002d5a                memset
 *fill*         0x00002d6a        0x2 
 .text._exit    0x00002d6c        0x4 c:/freescale/kds_3.0.0/toolchain/bin/../lib/gcc/arm-none-eabi/4.8.4/../../../../arm-none-eabi/lib/armv7e-m/fpu\libnosys.a(_exit.o)
                0x00002d6c                _exit
 *(.rodata)
 .rodata        0x00002d70       0x80 ./Sources/I2C.o
 *(.rodata*)
 .rodata.I2C_SETUP
                0x00002df0       0x10 ./Sources/accel.o
                0x00002df0                I2C_SETUP
 .rodata.UART_TIMER
                0x00002e00       0x10 ./Sources/main.o
                0x00002e00                UART_TIMER
 .rodata.ACCEL_SETUP
                0x00002e10       0x14 ./Sources/main.o
                0x00002e10                ACCEL_SETUP
 .rodata.DEFAULT_TOWER_NB
                0x00002e24        0x2 ./Sources/main.o
                0x00002e24                DEFAULT_TOWER_NB
 .rodata.DEFAULT_TOWER_MODE
                0x00002e26        0x2 ./Sources/main.o
                0x00002e26                DEFAULT_TOWER_MODE
 .rodata.PACKET_ACK_MASK
                0x00002e28        0x1 C:\Users\PMcL\Documents\Subjects\48434 Embedded Software\4 Labs\Lab 4\Solution\Lab4withLab3Lib\Library\libLab3.a(packet.o)
                0x00002e28                PACKET_ACK_MASK
 .rodata.str1.1
                0x00002e29        0x2 c:/freescale/kds_3.0.0/toolchain/bin/../lib/gcc/arm-none-eabi/4.8.4/../../../../arm-none-eabi/lib/armv7e-m/fpu\libg_s.a(lib_a-impure.o)
 *fill*         0x00002e2b        0x1 
 .rodata._global_impure_ptr
                0x00002e2c        0x4 c:/freescale/kds_3.0.0/toolchain/bin/../lib/gcc/arm-none-eabi/4.8.4/../../../../arm-none-eabi/lib/armv7e-m/fpu\libg_s.a(lib_a-impure.o)
                0x00002e2c                _global_impure_ptr
 *(.glue_7)
 .glue_7        0x00000000        0x0 linker stubs
 *(.glue_7t)
 .glue_7t       0x00000000        0x0 linker stubs
 *(.eh_frame)
 .eh_frame      0x00002e30        0x0 c:/freescale/kds_3.0.0/toolchain/bin/../lib/gcc/arm-none-eabi/4.8.4/armv7e-m/fpu/crtbegin.o
 *(.init)
 .init          0x00002e30        0x4 c:/freescale/kds_3.0.0/toolchain/bin/../lib/gcc/arm-none-eabi/4.8.4/armv7e-m/fpu/crti.o
                0x00002e30                _init
 .init          0x00002e34        0x8 c:/freescale/kds_3.0.0/toolchain/bin/../lib/gcc/arm-none-eabi/4.8.4/armv7e-m/fpu/crtn.o
 *(.fini)
 .fini          0x00002e3c        0x4 c:/freescale/kds_3.0.0/toolchain/bin/../lib/gcc/arm-none-eabi/4.8.4/armv7e-m/fpu/crti.o
                0x00002e3c                _fini
 .fini          0x00002e40        0x8 c:/freescale/kds_3.0.0/toolchain/bin/../lib/gcc/arm-none-eabi/4.8.4/armv7e-m/fpu/crtn.o
                0x00002e48                . = ALIGN (0x4)
                0x00002e48                _etext = .

.vfp11_veneer   0x00002e48        0x0
 .vfp11_veneer  0x00000000        0x0 linker stubs

.v4_bx          0x00002e48        0x0
 .v4_bx         0x00000000        0x0 linker stubs

.iplt           0x00002e48        0x0
 .iplt          0x00000000        0x0 c:/freescale/kds_3.0.0/toolchain/bin/../lib/gcc/arm-none-eabi/4.8.4/armv7e-m/fpu/crtbegin.o

.ARM.extab
 *(.ARM.extab* .gnu.linkonce.armextab.*)

.ARM            0x00002e48        0x8
                0x00002e48                __exidx_start = .
 *(.ARM.exidx*)
 .ARM.exidx     0x00002e48        0x8 c:/freescale/kds_3.0.0/toolchain/bin/../lib/gcc/arm-none-eabi/4.8.4/../../../../arm-none-eabi/lib/armv7e-m/fpu/crt0.o
                0x00002e50                __exidx_end = .

.rel.dyn        0x00002e50        0x0
 .rel.iplt      0x00000000        0x0 c:/freescale/kds_3.0.0/toolchain/bin/../lib/gcc/arm-none-eabi/4.8.4/armv7e-m/fpu/crtbegin.o

.ctors          0x00002e50        0x0
                0x00002e50                __CTOR_LIST__ = .
 *crtbegin.o(.ctors)
 *(EXCLUDE_FILE(*crtend.o) .ctors)
 *(SORT(.ctors.*))
 *(.ctors)
                0x00002e50                __CTOR_END__ = .

.dtors          0x00002e50        0x0
                0x00002e50                __DTOR_LIST__ = .
 *crtbegin.o(.dtors)
 *(EXCLUDE_FILE(*crtend.o) .dtors)
 *(SORT(.dtors.*))
 *(.dtors)
                0x00002e50                __DTOR_END__ = .

.preinit_array  0x00002e50        0x0
                0x00002e50                PROVIDE (__preinit_array_start, .)
 *(.preinit_array*)
                0x00002e50                PROVIDE (__preinit_array_end, .)

.init_array     0x00002e50        0x4
                0x00002e50                PROVIDE (__init_array_start, .)
 *(SORT(.init_array.*))
 *(.init_array*)
 .init_array    0x00002e50        0x4 c:/freescale/kds_3.0.0/toolchain/bin/../lib/gcc/arm-none-eabi/4.8.4/armv7e-m/fpu/crtbegin.o
                0x00002e54                PROVIDE (__init_array_end, .)

.fini_array     0x00002e54        0x4
                0x00002e54                PROVIDE (__fini_array_start, .)
 *(SORT(.fini_array.*))
 *(.fini_array*)
 .fini_array    0x00002e54        0x4 c:/freescale/kds_3.0.0/toolchain/bin/../lib/gcc/arm-none-eabi/4.8.4/armv7e-m/fpu/crtbegin.o
                0x00002e58                PROVIDE (__fini_array_end, .)
                0x00002e58                ___ROM_AT = .

.data           0x1fff0000       0x64 load address 0x00002e58
                0x1fff0000                . = ALIGN (0x4)
                0x1fff0000                _sdata = .
 *(.data)
 *(.data*)
 .data.freeList.5646
                0x1fff0000        0x1 C:\Users\PMcL\Documents\Subjects\48434 Embedded Software\4 Labs\Lab 4\Solution\Lab4withLab3Lib\Library\libLab3.a(Flash.o)
 *fill*         0x1fff0001        0x3 
 .data.impure_data
                0x1fff0004       0x60 c:/freescale/kds_3.0.0/toolchain/bin/../lib/gcc/arm-none-eabi/4.8.4/../../../../arm-none-eabi/lib/armv7e-m/fpu\libg_s.a(lib_a-impure.o)
                0x1fff0064                . = ALIGN (0x4)
                0x1fff0064                _edata = .
                0x00000064                ___data_size = (_edata - _sdata)
                0x00002ebc                ___m_data_20000000_ROMStart = (___ROM_AT + SIZEOF (.data))

.jcr            0x1fff0064        0x0 load address 0x00002ebc
 .jcr           0x1fff0064        0x0 c:/freescale/kds_3.0.0/toolchain/bin/../lib/gcc/arm-none-eabi/4.8.4/armv7e-m/fpu/crtbegin.o

.igot.plt       0x1fff0064        0x0 load address 0x00002ebc
 .igot.plt      0x00000000        0x0 c:/freescale/kds_3.0.0/toolchain/bin/../lib/gcc/arm-none-eabi/4.8.4/armv7e-m/fpu/crtbegin.o

.m_data_20000000
                0x20000000        0x0 load address 0x00002ebc
                0x20000000                . = ALIGN (0x4)
                0x20000000                ___m_data_20000000_RAMStart = .
 *(.m_data_20000000)
                0x20000000                ___m_data_20000000_RAMEnd = .
                0x20000000                . = ALIGN (0x4)
                0x00000000                ___m_data_20000000_ROMSize = (___m_data_20000000_RAMEnd - ___m_data_20000000_RAMStart)
                0x20000000                . = ALIGN (0x4)

.bss            0x1fff0064      0x2f0 load address 0x00002ebc
                0x1fff0064                __START_BSS = .
                0x1fff0064                PROVIDE (__bss_start__, __START_BSS)
 *(.bss)
 .bss           0x1fff0064       0x1c c:/freescale/kds_3.0.0/toolchain/bin/../lib/gcc/arm-none-eabi/4.8.4/armv7e-m/fpu/crtbegin.o
 *(.bss*)
 .bss.SlaveAddress
                0x1fff0080        0x1 ./Sources/I2C.o
 .bss.RxBytesToGo
                0x1fff0081        0x1 ./Sources/I2C.o
 *fill*         0x1fff0082        0x2 
 .bss.RxData    0x1fff0084        0x4 ./Sources/I2C.o
 .bss.ReadCompleteCallbackFunction
                0x1fff0088        0x4 ./Sources/I2C.o
 .bss.ReadCompleteCallbackArguments
                0x1fff008c        0x4 ./Sources/I2C.o
 .bss.INT_SOURCE_Union
                0x1fff0090        0x4 ./Sources/accel.o
 .bss.CTRL_REG1_Union
                0x1fff0094        0x4 ./Sources/accel.o
 .bss.CTRL_REG3_Union
                0x1fff0098        0x4 ./Sources/accel.o
 .bss.CTRL_REG4_Union
                0x1fff009c        0x4 ./Sources/accel.o
 .bss.CTRL_REG5_Union
                0x1fff00a0        0x4 ./Sources/accel.o
 .bss.AccelSetup
                0x1fff00a4        0x4 ./Sources/accel.o
 .bss.RxData    0x1fff00a8        0x4 ./Sources/accel.o
 .bss.XYZData   0x1fff00ac        0xc ./Sources/accel.o
 .bss.InitStatus
                0x1fff00b8        0x4 ./Sources/main.o
 .bss.AccelData
                0x1fff00bc        0x4 ./Sources/main.o
 .bss.ProtocolMode
                0x1fff00c0        0x1 ./Sources/main.o
                0x1fff00c0                ProtocolMode
 *fill*         0x1fff00c1        0x3 
 .bss.prevAccelData.6812
                0x1fff00c4        0x4 ./Sources/main.o
 .bss.SR_lock   0x1fff00c8        0x1 ./Generated_Code/Cpu.o
                0x1fff00c8                SR_lock
 *fill*         0x1fff00c9        0x3 
 .bss.UserFunction
                0x1fff00cc       0x20 C:\Users\PMcL\Documents\Subjects\48434 Embedded Software\4 Labs\Lab 4\Solution\Lab4withLab3Lib\Library\libLab3.a(FTM.o)
 .bss.UserArguments
                0x1fff00ec       0x20 C:\Users\PMcL\Documents\Subjects\48434 Embedded Software\4 Labs\Lab 4\Solution\Lab4withLab3Lib\Library\libLab3.a(FTM.o)
 .bss.FlashCommonCommandObject
                0x1fff010c        0xc C:\Users\PMcL\Documents\Subjects\48434 Embedded Software\4 Labs\Lab 4\Solution\Lab4withLab3Lib\Library\libLab3.a(Flash.o)
 .bss.NanoSecondsPerTick
                0x1fff0118        0x4 C:\Users\PMcL\Documents\Subjects\48434 Embedded Software\4 Labs\Lab 4\Solution\Lab4withLab3Lib\Library\libLab3.a(PIT.o)
 .bss.UserFunction
                0x1fff011c        0x4 C:\Users\PMcL\Documents\Subjects\48434 Embedded Software\4 Labs\Lab 4\Solution\Lab4withLab3Lib\Library\libLab3.a(PIT.o)
 .bss.UserArguments
                0x1fff0120        0x4 C:\Users\PMcL\Documents\Subjects\48434 Embedded Software\4 Labs\Lab 4\Solution\Lab4withLab3Lib\Library\libLab3.a(PIT.o)
 .bss.UserFunction
                0x1fff0124        0x4 C:\Users\PMcL\Documents\Subjects\48434 Embedded Software\4 Labs\Lab 4\Solution\Lab4withLab3Lib\Library\libLab3.a(RTC.o)
 .bss.UserArguments
                0x1fff0128        0x4 C:\Users\PMcL\Documents\Subjects\48434 Embedded Software\4 Labs\Lab 4\Solution\Lab4withLab3Lib\Library\libLab3.a(RTC.o)
 .bss.TxFIFO    0x1fff012c      0x108 C:\Users\PMcL\Documents\Subjects\48434 Embedded Software\4 Labs\Lab 4\Solution\Lab4withLab3Lib\Library\libLab3.a(UART.o)
 .bss.RxFIFO    0x1fff0234      0x108 C:\Users\PMcL\Documents\Subjects\48434 Embedded Software\4 Labs\Lab 4\Solution\Lab4withLab3Lib\Library\libLab3.a(UART.o)
 .bss.nbBytesInPacket.4074
                0x1fff033c        0x1 C:\Users\PMcL\Documents\Subjects\48434 Embedded Software\4 Labs\Lab 4\Solution\Lab4withLab3Lib\Library\libLab3.a(packet.o)
 *(COMMON)
 *fill*         0x1fff033d        0x3 
 COMMON         0x1fff0340        0x8 ./Sources/main.o
                0x1fff0340                NvTowerNb
                0x1fff0344                NvTowerMode
 COMMON         0x1fff0348        0x1 ./Generated_Code/Cpu.o
                0x1fff0348                SR_reg
 *fill*         0x1fff0349        0x3 
 COMMON         0x1fff034c        0x5 C:\Users\PMcL\Documents\Subjects\48434 Embedded Software\4 Labs\Lab 4\Solution\Lab4withLab3Lib\Library\libLab3.a(packet.o)
                0x1fff034c                Packet
                0x1fff0354                . = ALIGN (0x4)
 *fill*         0x1fff0351        0x3 
                0x1fff0354                __END_BSS = .
                0x1fff0354                PROVIDE (__bss_end__, __END_BSS)
                0x00002ebc                _romp_at = ((___ROM_AT + SIZEOF (.data)) + SIZEOF (.m_data_20000000))

.romp           0x1fff0354       0x24 load address 0x00002ebc
                0x00002ebc                __S_romp = _romp_at
                0x1fff0354        0x4 LONG 0x2e58 ___ROM_AT
                0x1fff0358        0x4 LONG 0x1fff0000 _sdata
                0x1fff035c        0x4 LONG 0x64 ___data_size
                0x1fff0360        0x4 LONG 0x2ebc ___m_data_20000000_ROMStart
                0x1fff0364        0x4 LONG 0x20000000 ___m_data_20000000_RAMStart
                0x1fff0368        0x4 LONG 0x0 ___m_data_20000000_ROMSize
                0x1fff036c        0x4 LONG 0x0
                0x1fff0370        0x4 LONG 0x0
                0x1fff0374        0x4 LONG 0x0

._user_heap_stack
                0x1fff0378      0x400 load address 0x00002ee0
                0x1fff0378                . = ALIGN (0x4)
                0x1fff0378                PROVIDE (end, .)
                0x1fff0378                PROVIDE (_end, .)
                0x1fff0378                __heap_addr = .
                0x1fff0378                __HeapBase = .
                0x1fff0378                . = (. + __heap_size)
                0x1fff0378                __HeapLimit = .
                0x1fff0778                . = (. + __stack_size)
 *fill*         0x1fff0378      0x400 
                0x1fff0778                . = ALIGN (0x4)

.ARM.attributes
                0x00000000       0x30
 *(.ARM.attributes)
 .ARM.attributes
                0x00000000       0x22 c:/freescale/kds_3.0.0/toolchain/bin/../lib/gcc/arm-none-eabi/4.8.4/armv7e-m/fpu/crti.o
 .ARM.attributes
                0x00000022       0x34 c:/freescale/kds_3.0.0/toolchain/bin/../lib/gcc/arm-none-eabi/4.8.4/armv7e-m/fpu/crtbegin.o
 .ARM.attributes
                0x00000056       0x20 c:/freescale/kds_3.0.0/toolchain/bin/../lib/gcc/arm-none-eabi/4.8.4/../../../../arm-none-eabi/lib/armv7e-m/fpu/crt0.o
 .ARM.attributes
                0x00000076       0x39 ./Sources/I2C.o
 .ARM.attributes
                0x000000af       0x39 ./Sources/accel.o
 .ARM.attributes
                0x000000e8       0x39 ./Sources/main.o
 .ARM.attributes
                0x00000121       0x39 ./Sources/median.o
 .ARM.attributes
                0x0000015a       0x39 ./Project_Settings/Startup_Code/startup.o
 .ARM.attributes
                0x00000193       0x39 ./Generated_Code/Cpu.o
 .ARM.attributes
                0x000001cc       0x39 ./Generated_Code/Vectors.o
 .ARM.attributes
                0x00000205       0x39 C:\Users\PMcL\Documents\Subjects\48434 Embedded Software\4 Labs\Lab 4\Solution\Lab4withLab3Lib\Library\libLab3.a(FTM.o)
 .ARM.attributes
                0x0000023e       0x39 C:\Users\PMcL\Documents\Subjects\48434 Embedded Software\4 Labs\Lab 4\Solution\Lab4withLab3Lib\Library\libLab3.a(Flash.o)
 .ARM.attributes
                0x00000277       0x39 C:\Users\PMcL\Documents\Subjects\48434 Embedded Software\4 Labs\Lab 4\Solution\Lab4withLab3Lib\Library\libLab3.a(LEDs.o)
 .ARM.attributes
                0x000002b0       0x39 C:\Users\PMcL\Documents\Subjects\48434 Embedded Software\4 Labs\Lab 4\Solution\Lab4withLab3Lib\Library\libLab3.a(PIT.o)
 .ARM.attributes
                0x000002e9       0x39 C:\Users\PMcL\Documents\Subjects\48434 Embedded Software\4 Labs\Lab 4\Solution\Lab4withLab3Lib\Library\libLab3.a(RTC.o)
 .ARM.attributes
                0x00000322       0x39 C:\Users\PMcL\Documents\Subjects\48434 Embedded Software\4 Labs\Lab 4\Solution\Lab4withLab3Lib\Library\libLab3.a(UART.o)
 .ARM.attributes
                0x0000035b       0x39 C:\Users\PMcL\Documents\Subjects\48434 Embedded Software\4 Labs\Lab 4\Solution\Lab4withLab3Lib\Library\libLab3.a(packet.o)
 .ARM.attributes
                0x00000394       0x39 C:\Users\PMcL\Documents\Subjects\48434 Embedded Software\4 Labs\Lab 4\Solution\Lab4withLab3Lib\Library\libLab3.a(FIFO.o)
 .ARM.attributes
                0x000003cd       0x34 c:/freescale/kds_3.0.0/toolchain/bin/../lib/gcc/arm-none-eabi/4.8.4/../../../../arm-none-eabi/lib/armv7e-m/fpu\libg_s.a(lib_a-exit.o)
 .ARM.attributes
                0x00000401       0x34 c:/freescale/kds_3.0.0/toolchain/bin/../lib/gcc/arm-none-eabi/4.8.4/../../../../arm-none-eabi/lib/armv7e-m/fpu\libg_s.a(lib_a-impure.o)
 .ARM.attributes
                0x00000435       0x34 c:/freescale/kds_3.0.0/toolchain/bin/../lib/gcc/arm-none-eabi/4.8.4/../../../../arm-none-eabi/lib/armv7e-m/fpu\libg_s.a(lib_a-init.o)
 .ARM.attributes
                0x00000469       0x34 c:/freescale/kds_3.0.0/toolchain/bin/../lib/gcc/arm-none-eabi/4.8.4/../../../../arm-none-eabi/lib/armv7e-m/fpu\libg_s.a(lib_a-memcpy-stub.o)
 .ARM.attributes
                0x0000049d       0x34 c:/freescale/kds_3.0.0/toolchain/bin/../lib/gcc/arm-none-eabi/4.8.4/../../../../arm-none-eabi/lib/armv7e-m/fpu\libg_s.a(lib_a-memset.o)
 .ARM.attributes
                0x000004d1       0x34 c:/freescale/kds_3.0.0/toolchain/bin/../lib/gcc/arm-none-eabi/4.8.4/../../../../arm-none-eabi/lib/armv7e-m/fpu\libnosys.a(_exit.o)
 .ARM.attributes
                0x00000505       0x22 c:/freescale/kds_3.0.0/toolchain/bin/../lib/gcc/arm-none-eabi/4.8.4/armv7e-m/fpu/crtn.o
OUTPUT(Lab4.elf elf32-littlearm)

.debug_info     0x00000000     0x5f74
 .debug_info    0x00000000      0x924 ./Sources/I2C.o
 .debug_info    0x00000924      0xb73 ./Sources/accel.o
 .debug_info    0x00001497      0x968 ./Sources/main.o
 .debug_info    0x00001dff       0xd3 ./Sources/median.o
 .debug_info    0x00001ed2      0x3b0 ./Project_Settings/Startup_Code/startup.o
 .debug_info    0x00002282      0xc82 ./Generated_Code/Cpu.o
 .debug_info    0x00002f04      0x10f ./Generated_Code/Vectors.o
 .debug_info    0x00003013      0x761 C:\Users\PMcL\Documents\Subjects\48434 Embedded Software\4 Labs\Lab 4\Solution\Lab4withLab3Lib\Library\libLab3.a(FTM.o)
 .debug_info    0x00003774      0x8d3 C:\Users\PMcL\Documents\Subjects\48434 Embedded Software\4 Labs\Lab 4\Solution\Lab4withLab3Lib\Library\libLab3.a(Flash.o)
 .debug_info    0x00004047      0x4a3 C:\Users\PMcL\Documents\Subjects\48434 Embedded Software\4 Labs\Lab 4\Solution\Lab4withLab3Lib\Library\libLab3.a(LEDs.o)
 .debug_info    0x000044ea      0x57a C:\Users\PMcL\Documents\Subjects\48434 Embedded Software\4 Labs\Lab 4\Solution\Lab4withLab3Lib\Library\libLab3.a(PIT.o)
 .debug_info    0x00004a64      0x608 C:\Users\PMcL\Documents\Subjects\48434 Embedded Software\4 Labs\Lab 4\Solution\Lab4withLab3Lib\Library\libLab3.a(RTC.o)
 .debug_info    0x0000506c      0x999 C:\Users\PMcL\Documents\Subjects\48434 Embedded Software\4 Labs\Lab 4\Solution\Lab4withLab3Lib\Library\libLab3.a(UART.o)
 .debug_info    0x00005a05      0x333 C:\Users\PMcL\Documents\Subjects\48434 Embedded Software\4 Labs\Lab 4\Solution\Lab4withLab3Lib\Library\libLab3.a(packet.o)
 .debug_info    0x00005d38      0x23c C:\Users\PMcL\Documents\Subjects\48434 Embedded Software\4 Labs\Lab 4\Solution\Lab4withLab3Lib\Library\libLab3.a(FIFO.o)

.debug_abbrev   0x00000000     0x1620
 .debug_abbrev  0x00000000      0x232 ./Sources/I2C.o
 .debug_abbrev  0x00000232      0x24d ./Sources/accel.o
 .debug_abbrev  0x0000047f      0x231 ./Sources/main.o
 .debug_abbrev  0x000006b0       0x6c ./Sources/median.o
 .debug_abbrev  0x0000071c      0x189 ./Project_Settings/Startup_Code/startup.o
 .debug_abbrev  0x000008a5      0x185 ./Generated_Code/Cpu.o
 .debug_abbrev  0x00000a2a       0xa4 ./Generated_Code/Vectors.o
 .debug_abbrev  0x00000ace      0x1b1 C:\Users\PMcL\Documents\Subjects\48434 Embedded Software\4 Labs\Lab 4\Solution\Lab4withLab3Lib\Library\libLab3.a(FTM.o)
 .debug_abbrev  0x00000c7f      0x1fb C:\Users\PMcL\Documents\Subjects\48434 Embedded Software\4 Labs\Lab 4\Solution\Lab4withLab3Lib\Library\libLab3.a(Flash.o)
 .debug_abbrev  0x00000e7a      0x155 C:\Users\PMcL\Documents\Subjects\48434 Embedded Software\4 Labs\Lab 4\Solution\Lab4withLab3Lib\Library\libLab3.a(LEDs.o)
 .debug_abbrev  0x00000fcf      0x154 C:\Users\PMcL\Documents\Subjects\48434 Embedded Software\4 Labs\Lab 4\Solution\Lab4withLab3Lib\Library\libLab3.a(PIT.o)
 .debug_abbrev  0x00001123      0x15f C:\Users\PMcL\Documents\Subjects\48434 Embedded Software\4 Labs\Lab 4\Solution\Lab4withLab3Lib\Library\libLab3.a(RTC.o)
 .debug_abbrev  0x00001282      0x1b4 C:\Users\PMcL\Documents\Subjects\48434 Embedded Software\4 Labs\Lab 4\Solution\Lab4withLab3Lib\Library\libLab3.a(UART.o)
 .debug_abbrev  0x00001436       0xee C:\Users\PMcL\Documents\Subjects\48434 Embedded Software\4 Labs\Lab 4\Solution\Lab4withLab3Lib\Library\libLab3.a(packet.o)
 .debug_abbrev  0x00001524       0xfc C:\Users\PMcL\Documents\Subjects\48434 Embedded Software\4 Labs\Lab 4\Solution\Lab4withLab3Lib\Library\libLab3.a(FIFO.o)

.debug_aranges  0x00000000      0x420
 .debug_aranges
                0x00000000       0x78 ./Sources/I2C.o
 .debug_aranges
                0x00000078       0x50 ./Sources/accel.o
 .debug_aranges
                0x000000c8       0xa8 ./Sources/main.o
 .debug_aranges
                0x00000170       0x20 ./Sources/median.o
 .debug_aranges
                0x00000190       0x50 ./Project_Settings/Startup_Code/startup.o
 .debug_aranges
                0x000001e0       0x38 ./Generated_Code/Cpu.o
 .debug_aranges
                0x00000218       0x18 ./Generated_Code/Vectors.o
 .debug_aranges
                0x00000230       0x38 C:\Users\PMcL\Documents\Subjects\48434 Embedded Software\4 Labs\Lab 4\Solution\Lab4withLab3Lib\Library\libLab3.a(FTM.o)
 .debug_aranges
                0x00000268       0x68 C:\Users\PMcL\Documents\Subjects\48434 Embedded Software\4 Labs\Lab 4\Solution\Lab4withLab3Lib\Library\libLab3.a(Flash.o)
 .debug_aranges
                0x000002d0       0x38 C:\Users\PMcL\Documents\Subjects\48434 Embedded Software\4 Labs\Lab 4\Solution\Lab4withLab3Lib\Library\libLab3.a(LEDs.o)
 .debug_aranges
                0x00000308       0x38 C:\Users\PMcL\Documents\Subjects\48434 Embedded Software\4 Labs\Lab 4\Solution\Lab4withLab3Lib\Library\libLab3.a(PIT.o)
 .debug_aranges
                0x00000340       0x38 C:\Users\PMcL\Documents\Subjects\48434 Embedded Software\4 Labs\Lab 4\Solution\Lab4withLab3Lib\Library\libLab3.a(RTC.o)
 .debug_aranges
                0x00000378       0x40 C:\Users\PMcL\Documents\Subjects\48434 Embedded Software\4 Labs\Lab 4\Solution\Lab4withLab3Lib\Library\libLab3.a(UART.o)
 .debug_aranges
                0x000003b8       0x38 C:\Users\PMcL\Documents\Subjects\48434 Embedded Software\4 Labs\Lab 4\Solution\Lab4withLab3Lib\Library\libLab3.a(packet.o)
 .debug_aranges
                0x000003f0       0x30 C:\Users\PMcL\Documents\Subjects\48434 Embedded Software\4 Labs\Lab 4\Solution\Lab4withLab3Lib\Library\libLab3.a(FIFO.o)

.debug_ranges   0x00000000      0x328
 .debug_ranges  0x00000000       0x68 ./Sources/I2C.o
 .debug_ranges  0x00000068       0x40 ./Sources/accel.o
 .debug_ranges  0x000000a8       0x98 ./Sources/main.o
 .debug_ranges  0x00000140       0x10 ./Sources/median.o
 .debug_ranges  0x00000150       0x40 ./Project_Settings/Startup_Code/startup.o
 .debug_ranges  0x00000190       0x28 ./Generated_Code/Cpu.o
 .debug_ranges  0x000001b8       0x28 C:\Users\PMcL\Documents\Subjects\48434 Embedded Software\4 Labs\Lab 4\Solution\Lab4withLab3Lib\Library\libLab3.a(FTM.o)
 .debug_ranges  0x000001e0       0x58 C:\Users\PMcL\Documents\Subjects\48434 Embedded Software\4 Labs\Lab 4\Solution\Lab4withLab3Lib\Library\libLab3.a(Flash.o)
 .debug_ranges  0x00000238       0x28 C:\Users\PMcL\Documents\Subjects\48434 Embedded Software\4 Labs\Lab 4\Solution\Lab4withLab3Lib\Library\libLab3.a(LEDs.o)
 .debug_ranges  0x00000260       0x28 C:\Users\PMcL\Documents\Subjects\48434 Embedded Software\4 Labs\Lab 4\Solution\Lab4withLab3Lib\Library\libLab3.a(PIT.o)
 .debug_ranges  0x00000288       0x28 C:\Users\PMcL\Documents\Subjects\48434 Embedded Software\4 Labs\Lab 4\Solution\Lab4withLab3Lib\Library\libLab3.a(RTC.o)
 .debug_ranges  0x000002b0       0x30 C:\Users\PMcL\Documents\Subjects\48434 Embedded Software\4 Labs\Lab 4\Solution\Lab4withLab3Lib\Library\libLab3.a(UART.o)
 .debug_ranges  0x000002e0       0x28 C:\Users\PMcL\Documents\Subjects\48434 Embedded Software\4 Labs\Lab 4\Solution\Lab4withLab3Lib\Library\libLab3.a(packet.o)
 .debug_ranges  0x00000308       0x20 C:\Users\PMcL\Documents\Subjects\48434 Embedded Software\4 Labs\Lab 4\Solution\Lab4withLab3Lib\Library\libLab3.a(FIFO.o)

.debug_macro    0x00000000    0x356bd
 .debug_macro   0x00000000       0x68 ./Sources/I2C.o
 .debug_macro   0x00000068      0x850 ./Sources/I2C.o
 .debug_macro   0x000008b8       0x16 ./Sources/I2C.o
 .debug_macro   0x000008ce       0x44 ./Sources/I2C.o
 .debug_macro   0x00000912      0x209 ./Sources/I2C.o
 .debug_macro   0x00000b1b       0x22 ./Sources/I2C.o
 .debug_macro   0x00000b3d    0x174c1 ./Sources/I2C.o
 .debug_macro   0x00017ffe      0x1e9 ./Sources/accel.o
 .debug_macro   0x000181e7     0x181c ./Sources/accel.o
 .debug_macro   0x00019a03      0x14e ./Sources/accel.o
 .debug_macro   0x00019b51       0x64 ./Sources/accel.o
 .debug_macro   0x00019bb5       0x9a ./Sources/accel.o
 .debug_macro   0x00019c4f      0x130 ./Sources/main.o
 .debug_macro   0x00019d7f     0x1816 ./Sources/main.o
 .debug_macro   0x0001b595       0x9a ./Sources/main.o
 .debug_macro   0x0001b62f       0x3a ./Sources/main.o
 .debug_macro   0x0001b669       0x2e ./Sources/main.o
 .debug_macro   0x0001b697       0x5f ./Sources/median.o
 .debug_macro   0x0001b6f6      0x121 ./Project_Settings/Startup_Code/startup.o
 .debug_macro   0x0001b817       0x58 ./Project_Settings/Startup_Code/startup.o
 .debug_macro   0x0001b86f       0x35 ./Project_Settings/Startup_Code/startup.o
 .debug_macro   0x0001b8a4       0xa3 ./Project_Settings/Startup_Code/startup.o
 .debug_macro   0x0001b947      0x166 ./Project_Settings/Startup_Code/startup.o
 .debug_macro   0x0001baad       0x4a ./Project_Settings/Startup_Code/startup.o
 .debug_macro   0x0001baf7       0x52 ./Project_Settings/Startup_Code/startup.o
 .debug_macro   0x0001bb49       0x16 ./Project_Settings/Startup_Code/startup.o
 .debug_macro   0x0001bb5f       0x43 ./Project_Settings/Startup_Code/startup.o
 .debug_macro   0x0001bba2      0x180 ./Project_Settings/Startup_Code/startup.o
 .debug_macro   0x0001bd22      0x2a6 ./Project_Settings/Startup_Code/startup.o
 .debug_macro   0x0001bfc8       0x10 ./Project_Settings/Startup_Code/startup.o
 .debug_macro   0x0001bfd8       0x35 ./Project_Settings/Startup_Code/startup.o
 .debug_macro   0x0001c00d       0x16 ./Project_Settings/Startup_Code/startup.o
 .debug_macro   0x0001c023       0x22 ./Project_Settings/Startup_Code/startup.o
 .debug_macro   0x0001c045       0x16 ./Project_Settings/Startup_Code/startup.o
 .debug_macro   0x0001c05b      0x20f ./Project_Settings/Startup_Code/startup.o
 .debug_macro   0x0001c26a    0x174af ./Project_Settings/Startup_Code/startup.o
 .debug_macro   0x00033719       0x84 ./Generated_Code/Cpu.o
 .debug_macro   0x0003379d       0xa0 ./Generated_Code/Cpu.o
 .debug_macro   0x0003383d       0xd8 ./Generated_Code/Vectors.o
 .debug_macro   0x00033915       0xbf C:\Users\PMcL\Documents\Subjects\48434 Embedded Software\4 Labs\Lab 4\Solution\Lab4withLab3Lib\Library\libLab3.a(FTM.o)
 .debug_macro   0x000339d4     0x1800 C:\Users\PMcL\Documents\Subjects\48434 Embedded Software\4 Labs\Lab 4\Solution\Lab4withLab3Lib\Library\libLab3.a(FTM.o)
 .debug_macro   0x000351d4       0xaa C:\Users\PMcL\Documents\Subjects\48434 Embedded Software\4 Labs\Lab 4\Solution\Lab4withLab3Lib\Library\libLab3.a(Flash.o)
 .debug_macro   0x0003527e       0x28 C:\Users\PMcL\Documents\Subjects\48434 Embedded Software\4 Labs\Lab 4\Solution\Lab4withLab3Lib\Library\libLab3.a(Flash.o)
 .debug_macro   0x000352a6       0x68 C:\Users\PMcL\Documents\Subjects\48434 Embedded Software\4 Labs\Lab 4\Solution\Lab4withLab3Lib\Library\libLab3.a(LEDs.o)
 .debug_macro   0x0003530e       0x72 C:\Users\PMcL\Documents\Subjects\48434 Embedded Software\4 Labs\Lab 4\Solution\Lab4withLab3Lib\Library\libLab3.a(PIT.o)
 .debug_macro   0x00035380       0xa4 C:\Users\PMcL\Documents\Subjects\48434 Embedded Software\4 Labs\Lab 4\Solution\Lab4withLab3Lib\Library\libLab3.a(RTC.o)
 .debug_macro   0x00035424       0x94 C:\Users\PMcL\Documents\Subjects\48434 Embedded Software\4 Labs\Lab 4\Solution\Lab4withLab3Lib\Library\libLab3.a(RTC.o)
 .debug_macro   0x000354b8       0xad C:\Users\PMcL\Documents\Subjects\48434 Embedded Software\4 Labs\Lab 4\Solution\Lab4withLab3Lib\Library\libLab3.a(UART.o)
 .debug_macro   0x00035565       0x10 C:\Users\PMcL\Documents\Subjects\48434 Embedded Software\4 Labs\Lab 4\Solution\Lab4withLab3Lib\Library\libLab3.a(UART.o)
 .debug_macro   0x00035575       0x6e C:\Users\PMcL\Documents\Subjects\48434 Embedded Software\4 Labs\Lab 4\Solution\Lab4withLab3Lib\Library\libLab3.a(packet.o)
 .debug_macro   0x000355e3       0x34 C:\Users\PMcL\Documents\Subjects\48434 Embedded Software\4 Labs\Lab 4\Solution\Lab4withLab3Lib\Library\libLab3.a(packet.o)
 .debug_macro   0x00035617       0xa6 C:\Users\PMcL\Documents\Subjects\48434 Embedded Software\4 Labs\Lab 4\Solution\Lab4withLab3Lib\Library\libLab3.a(FIFO.o)

.debug_line     0x00000000     0x2ba1
 .debug_line    0x00000000      0x3d8 ./Sources/I2C.o
 .debug_line    0x000003d8      0x412 ./Sources/accel.o
 .debug_line    0x000007ea      0x55d ./Sources/main.o
 .debug_line    0x00000d47      0x20a ./Sources/median.o
 .debug_line    0x00000f51      0x43e ./Project_Settings/Startup_Code/startup.o
 .debug_line    0x0000138f      0x2b0 ./Generated_Code/Cpu.o
 .debug_line    0x0000163f      0x349 ./Generated_Code/Vectors.o
 .debug_line    0x00001988      0x222 C:\Users\PMcL\Documents\Subjects\48434 Embedded Software\4 Labs\Lab 4\Solution\Lab4withLab3Lib\Library\libLab3.a(FTM.o)
 .debug_line    0x00001baa      0x2c7 C:\Users\PMcL\Documents\Subjects\48434 Embedded Software\4 Labs\Lab 4\Solution\Lab4withLab3Lib\Library\libLab3.a(Flash.o)
 .debug_line    0x00001e71      0x1e7 C:\Users\PMcL\Documents\Subjects\48434 Embedded Software\4 Labs\Lab 4\Solution\Lab4withLab3Lib\Library\libLab3.a(LEDs.o)
 .debug_line    0x00002058      0x1fd C:\Users\PMcL\Documents\Subjects\48434 Embedded Software\4 Labs\Lab 4\Solution\Lab4withLab3Lib\Library\libLab3.a(PIT.o)
 .debug_line    0x00002255      0x25d C:\Users\PMcL\Documents\Subjects\48434 Embedded Software\4 Labs\Lab 4\Solution\Lab4withLab3Lib\Library\libLab3.a(RTC.o)
 .debug_line    0x000024b2      0x299 C:\Users\PMcL\Documents\Subjects\48434 Embedded Software\4 Labs\Lab 4\Solution\Lab4withLab3Lib\Library\libLab3.a(UART.o)
 .debug_line    0x0000274b      0x1f6 C:\Users\PMcL\Documents\Subjects\48434 Embedded Software\4 Labs\Lab 4\Solution\Lab4withLab3Lib\Library\libLab3.a(packet.o)
 .debug_line    0x00002941      0x260 C:\Users\PMcL\Documents\Subjects\48434 Embedded Software\4 Labs\Lab 4\Solution\Lab4withLab3Lib\Library\libLab3.a(FIFO.o)

.debug_str      0x00000000    0x8ee8c
 .debug_str     0x00000000    0x82ff7 ./Sources/I2C.o
                              0x83172 (size before relaxing)
 .debug_str     0x00082ff7     0x848f ./Sources/accel.o
                              0x8b559 (size before relaxing)
 .debug_str     0x0008b486      0x869 ./Sources/main.o
                              0x8b0aa (size before relaxing)
 .debug_str     0x0008bcef       0x23 ./Sources/median.o
                               0x2fb9 (size before relaxing)
 .debug_str     0x0008bd12     0x2663 ./Project_Settings/Startup_Code/startup.o
                              0x85425 (size before relaxing)
 .debug_str     0x0008e375      0x211 ./Generated_Code/Cpu.o
                              0x8aad1 (size before relaxing)
 .debug_str     0x0008e586       0x1c ./Generated_Code/Vectors.o
                              0x8a76d (size before relaxing)
 .debug_str     0x0008e5a2      0x240 C:\Users\PMcL\Documents\Subjects\48434 Embedded Software\4 Labs\Lab 4\Solution\Lab4withLab3Lib\Library\libLab3.a(FTM.o)
                              0x8a2a8 (size before relaxing)
 .debug_str     0x0008e7e2      0x357 C:\Users\PMcL\Documents\Subjects\48434 Embedded Software\4 Labs\Lab 4\Solution\Lab4withLab3Lib\Library\libLab3.a(Flash.o)
                              0x835e7 (size before relaxing)
 .debug_str     0x0008eb39       0x49 C:\Users\PMcL\Documents\Subjects\48434 Embedded Software\4 Labs\Lab 4\Solution\Lab4withLab3Lib\Library\libLab3.a(LEDs.o)
                              0x82f0f (size before relaxing)
 .debug_str     0x0008eb82       0x8f C:\Users\PMcL\Documents\Subjects\48434 Embedded Software\4 Labs\Lab 4\Solution\Lab4withLab3Lib\Library\libLab3.a(PIT.o)
                              0x82f5f (size before relaxing)
 .debug_str     0x0008ec11       0x69 C:\Users\PMcL\Documents\Subjects\48434 Embedded Software\4 Labs\Lab 4\Solution\Lab4withLab3Lib\Library\libLab3.a(RTC.o)
                              0x8a848 (size before relaxing)
 .debug_str     0x0008ec7a      0x17d C:\Users\PMcL\Documents\Subjects\48434 Embedded Software\4 Labs\Lab 4\Solution\Lab4withLab3Lib\Library\libLab3.a(UART.o)
                              0x8a9c4 (size before relaxing)
 .debug_str     0x0008edf7       0x67 C:\Users\PMcL\Documents\Subjects\48434 Embedded Software\4 Labs\Lab 4\Solution\Lab4withLab3Lib\Library\libLab3.a(packet.o)
                               0x32bc (size before relaxing)
 .debug_str     0x0008ee5e       0x2e C:\Users\PMcL\Documents\Subjects\48434 Embedded Software\4 Labs\Lab 4\Solution\Lab4withLab3Lib\Library\libLab3.a(FIFO.o)
                              0x8a6ef (size before relaxing)

.comment        0x00000000       0x70
 .comment       0x00000000       0x70 ./Sources/I2C.o
                                 0x71 (size before relaxing)
 .comment       0x00000000       0x71 ./Sources/accel.o
 .comment       0x00000000       0x71 ./Sources/main.o
 .comment       0x00000000       0x71 ./Sources/median.o
 .comment       0x00000000       0x71 ./Project_Settings/Startup_Code/startup.o
 .comment       0x00000000       0x71 ./Generated_Code/Cpu.o
 .comment       0x00000000       0x71 ./Generated_Code/Vectors.o
 .comment       0x00000000       0x71 C:\Users\PMcL\Documents\Subjects\48434 Embedded Software\4 Labs\Lab 4\Solution\Lab4withLab3Lib\Library\libLab3.a(FTM.o)
 .comment       0x00000000       0x71 C:\Users\PMcL\Documents\Subjects\48434 Embedded Software\4 Labs\Lab 4\Solution\Lab4withLab3Lib\Library\libLab3.a(Flash.o)
 .comment       0x00000000       0x71 C:\Users\PMcL\Documents\Subjects\48434 Embedded Software\4 Labs\Lab 4\Solution\Lab4withLab3Lib\Library\libLab3.a(LEDs.o)
 .comment       0x00000000       0x71 C:\Users\PMcL\Documents\Subjects\48434 Embedded Software\4 Labs\Lab 4\Solution\Lab4withLab3Lib\Library\libLab3.a(PIT.o)
 .comment       0x00000000       0x71 C:\Users\PMcL\Documents\Subjects\48434 Embedded Software\4 Labs\Lab 4\Solution\Lab4withLab3Lib\Library\libLab3.a(RTC.o)
 .comment       0x00000000       0x71 C:\Users\PMcL\Documents\Subjects\48434 Embedded Software\4 Labs\Lab 4\Solution\Lab4withLab3Lib\Library\libLab3.a(UART.o)
 .comment       0x00000000       0x71 C:\Users\PMcL\Documents\Subjects\48434 Embedded Software\4 Labs\Lab 4\Solution\Lab4withLab3Lib\Library\libLab3.a(packet.o)
 .comment       0x00000000       0x71 C:\Users\PMcL\Documents\Subjects\48434 Embedded Software\4 Labs\Lab 4\Solution\Lab4withLab3Lib\Library\libLab3.a(FIFO.o)

.debug_frame    0x00000000      0xbd0
 .debug_frame   0x00000000      0x178 ./Sources/I2C.o
 .debug_frame   0x00000178       0xf4 ./Sources/accel.o
 .debug_frame   0x0000026c      0x248 ./Sources/main.o
 .debug_frame   0x000004b4       0x2c ./Sources/median.o
 .debug_frame   0x000004e0       0xc0 ./Project_Settings/Startup_Code/startup.o
 .debug_frame   0x000005a0       0x80 ./Generated_Code/Cpu.o
 .debug_frame   0x00000620       0x84 C:\Users\PMcL\Documents\Subjects\48434 Embedded Software\4 Labs\Lab 4\Solution\Lab4withLab3Lib\Library\libLab3.a(FTM.o)
 .debug_frame   0x000006a4      0x140 C:\Users\PMcL\Documents\Subjects\48434 Embedded Software\4 Labs\Lab 4\Solution\Lab4withLab3Lib\Library\libLab3.a(Flash.o)
 .debug_frame   0x000007e4       0x80 C:\Users\PMcL\Documents\Subjects\48434 Embedded Software\4 Labs\Lab 4\Solution\Lab4withLab3Lib\Library\libLab3.a(LEDs.o)
 .debug_frame   0x00000864       0x88 C:\Users\PMcL\Documents\Subjects\48434 Embedded Software\4 Labs\Lab 4\Solution\Lab4withLab3Lib\Library\libLab3.a(PIT.o)
 .debug_frame   0x000008ec       0x88 C:\Users\PMcL\Documents\Subjects\48434 Embedded Software\4 Labs\Lab 4\Solution\Lab4withLab3Lib\Library\libLab3.a(RTC.o)
 .debug_frame   0x00000974       0xb0 C:\Users\PMcL\Documents\Subjects\48434 Embedded Software\4 Labs\Lab 4\Solution\Lab4withLab3Lib\Library\libLab3.a(UART.o)
 .debug_frame   0x00000a24       0x8c C:\Users\PMcL\Documents\Subjects\48434 Embedded Software\4 Labs\Lab 4\Solution\Lab4withLab3Lib\Library\libLab3.a(packet.o)
 .debug_frame   0x00000ab0       0x64 C:\Users\PMcL\Documents\Subjects\48434 Embedded Software\4 Labs\Lab 4\Solution\Lab4withLab3Lib\Library\libLab3.a(FIFO.o)
 .debug_frame   0x00000b14       0x28 c:/freescale/kds_3.0.0/toolchain/bin/../lib/gcc/arm-none-eabi/4.8.4/../../../../arm-none-eabi/lib/armv7e-m/fpu\libg_s.a(lib_a-exit.o)
 .debug_frame   0x00000b3c       0x2c c:/freescale/kds_3.0.0/toolchain/bin/../lib/gcc/arm-none-eabi/4.8.4/../../../../arm-none-eabi/lib/armv7e-m/fpu\libg_s.a(lib_a-init.o)
 .debug_frame   0x00000b68       0x28 c:/freescale/kds_3.0.0/toolchain/bin/../lib/gcc/arm-none-eabi/4.8.4/../../../../arm-none-eabi/lib/armv7e-m/fpu\libg_s.a(lib_a-memcpy-stub.o)
 .debug_frame   0x00000b90       0x20 c:/freescale/kds_3.0.0/toolchain/bin/../lib/gcc/arm-none-eabi/4.8.4/../../../../arm-none-eabi/lib/armv7e-m/fpu\libg_s.a(lib_a-memset.o)
 .debug_frame   0x00000bb0       0x20 c:/freescale/kds_3.0.0/toolchain/bin/../lib/gcc/arm-none-eabi/4.8.4/../../../../arm-none-eabi/lib/armv7e-m/fpu\libnosys.a(_exit.o)
